[1.099s] DEBUG:colcon:Command line arguments: ['/usr/bin/colcon', 'build']
[1.099s] DEBUG:colcon:Parsed command line arguments: Namespace(log_base=None, log_level=None, verb_name='build', build_base='build', install_base='install', merge_install=False, symlink_install=False, test_result_base=None, continue_on_error=False, executor='parallel', parallel_workers=4, event_handlers=None, ignore_user_meta=False, metas=['./colcon.meta'], base_paths=['.'], packages_ignore=None, packages_ignore_regex=None, paths=None, packages_up_to=None, packages_up_to_regex=None, packages_above=None, packages_above_and_dependencies=None, packages_above_depth=None, packages_select_by_dep=None, packages_skip_by_dep=None, packages_skip_up_to=None, packages_select_build_failed=False, packages_skip_build_finished=False, packages_select_test_failures=False, packages_skip_test_passed=False, packages_select=None, packages_skip=None, packages_select_regex=None, packages_skip_regex=None, packages_start=None, packages_end=None, allow_overriding=[], cmake_args=None, cmake_target=None, cmake_target_skip_unavailable=False, cmake_clean_cache=False, cmake_clean_first=False, cmake_force_configure=False, ament_cmake_args=None, catkin_cmake_args=None, catkin_skip_building_tests=False, verb_parser=<colcon_defaults.argument_parser.defaults.DefaultArgumentsDecorator object at 0xffff9b552ba0>, verb_extension=<colcon_core.verb.build.BuildVerb object at 0xffff9b552a50>, main=<bound method BuildVerb.main of <colcon_core.verb.build.BuildVerb object at 0xffff9b552a50>>)
[1.333s] Level 1:colcon.colcon_core.package_discovery:discover_packages(colcon_meta) check parameters
[1.333s] Level 1:colcon.colcon_core.package_discovery:discover_packages(recursive) check parameters
[1.333s] Level 1:colcon.colcon_core.package_discovery:discover_packages(ignore) check parameters
[1.333s] Level 1:colcon.colcon_core.package_discovery:discover_packages(path) check parameters
[1.333s] Level 1:colcon.colcon_core.package_discovery:discover_packages(colcon_meta) discover
[1.333s] Level 1:colcon.colcon_core.package_discovery:discover_packages(recursive) discover
[1.333s] INFO:colcon.colcon_core.package_discovery:Crawling recursively for packages in '/home/sy/park_ws'
[1.333s] Level 1:colcon.colcon_core.package_identification:_identify(.) by extensions ['ignore', 'ignore_ament_install']
[1.334s] Level 1:colcon.colcon_core.package_identification:_identify(.) by extension 'ignore'
[1.334s] Level 1:colcon.colcon_core.package_identification:_identify(.) by extension 'ignore_ament_install'
[1.334s] Level 1:colcon.colcon_core.package_identification:_identify(.) by extensions ['colcon_pkg']
[1.334s] Level 1:colcon.colcon_core.package_identification:_identify(.) by extension 'colcon_pkg'
[1.334s] Level 1:colcon.colcon_core.package_identification:_identify(.) by extensions ['colcon_meta']
[1.334s] Level 1:colcon.colcon_core.package_identification:_identify(.) by extension 'colcon_meta'
[1.334s] Level 1:colcon.colcon_core.package_identification:_identify(.) by extensions ['ros']
[1.334s] Level 1:colcon.colcon_core.package_identification:_identify(.) by extension 'ros'
[1.493s] Level 1:colcon.colcon_core.package_identification:_identify(.) by extensions ['cmake', 'python']
[1.493s] Level 1:colcon.colcon_core.package_identification:_identify(.) by extension 'cmake'
[1.493s] Level 1:colcon.colcon_core.package_identification:_identify(.) by extension 'python'
[1.493s] Level 1:colcon.colcon_core.package_identification:_identify(.) by extensions ['python_setup_py']
[1.493s] Level 1:colcon.colcon_core.package_identification:_identify(.) by extension 'python_setup_py'
[1.494s] Level 1:colcon.colcon_core.package_identification:_identify(build) by extensions ['ignore', 'ignore_ament_install']
[1.494s] Level 1:colcon.colcon_core.package_identification:_identify(build) by extension 'ignore'
[1.494s] Level 1:colcon.colcon_core.package_identification:_identify(build) ignored
[1.494s] Level 1:colcon.colcon_core.package_identification:_identify(install) by extensions ['ignore', 'ignore_ament_install']
[1.494s] Level 1:colcon.colcon_core.package_identification:_identify(install) by extension 'ignore'
[1.494s] Level 1:colcon.colcon_core.package_identification:_identify(install) ignored
[1.494s] Level 1:colcon.colcon_core.package_identification:_identify(log) by extensions ['ignore', 'ignore_ament_install']
[1.494s] Level 1:colcon.colcon_core.package_identification:_identify(log) by extension 'ignore'
[1.495s] Level 1:colcon.colcon_core.package_identification:_identify(log) ignored
[1.495s] Level 1:colcon.colcon_core.package_identification:_identify(src) by extensions ['ignore', 'ignore_ament_install']
[1.495s] Level 1:colcon.colcon_core.package_identification:_identify(src) by extension 'ignore'
[1.495s] Level 1:colcon.colcon_core.package_identification:_identify(src) by extension 'ignore_ament_install'
[1.495s] Level 1:colcon.colcon_core.package_identification:_identify(src) by extensions ['colcon_pkg']
[1.495s] Level 1:colcon.colcon_core.package_identification:_identify(src) by extension 'colcon_pkg'
[1.495s] Level 1:colcon.colcon_core.package_identification:_identify(src) by extensions ['colcon_meta']
[1.495s] Level 1:colcon.colcon_core.package_identification:_identify(src) by extension 'colcon_meta'
[1.495s] Level 1:colcon.colcon_core.package_identification:_identify(src) by extensions ['ros']
[1.495s] Level 1:colcon.colcon_core.package_identification:_identify(src) by extension 'ros'
[1.495s] Level 1:colcon.colcon_core.package_identification:_identify(src) by extensions ['cmake', 'python']
[1.495s] Level 1:colcon.colcon_core.package_identification:_identify(src) by extension 'cmake'
[1.495s] Level 1:colcon.colcon_core.package_identification:_identify(src) by extension 'python'
[1.495s] Level 1:colcon.colcon_core.package_identification:_identify(src) by extensions ['python_setup_py']
[1.495s] Level 1:colcon.colcon_core.package_identification:_identify(src) by extension 'python_setup_py'
[1.496s] Level 1:colcon.colcon_core.package_identification:_identify(src/parking_exe) by extensions ['ignore', 'ignore_ament_install']
[1.496s] Level 1:colcon.colcon_core.package_identification:_identify(src/parking_exe) by extension 'ignore'
[1.496s] Level 1:colcon.colcon_core.package_identification:_identify(src/parking_exe) by extension 'ignore_ament_install'
[1.496s] Level 1:colcon.colcon_core.package_identification:_identify(src/parking_exe) by extensions ['colcon_pkg']
[1.496s] Level 1:colcon.colcon_core.package_identification:_identify(src/parking_exe) by extension 'colcon_pkg'
[1.496s] Level 1:colcon.colcon_core.package_identification:_identify(src/parking_exe) by extensions ['colcon_meta']
[1.496s] Level 1:colcon.colcon_core.package_identification:_identify(src/parking_exe) by extension 'colcon_meta'
[1.496s] Level 1:colcon.colcon_core.package_identification:_identify(src/parking_exe) by extensions ['ros']
[1.496s] Level 1:colcon.colcon_core.package_identification:_identify(src/parking_exe) by extension 'ros'
[1.505s] DEBUG:colcon.colcon_core.package_identification:Package 'src/parking_exe' with type 'ros.ament_python' and name 'parking_exe'
[1.505s] Level 1:colcon.colcon_core.package_identification:_identify(src/parking_management) by extensions ['ignore', 'ignore_ament_install']
[1.505s] Level 1:colcon.colcon_core.package_identification:_identify(src/parking_management) by extension 'ignore'
[1.505s] Level 1:colcon.colcon_core.package_identification:_identify(src/parking_management) by extension 'ignore_ament_install'
[1.505s] Level 1:colcon.colcon_core.package_identification:_identify(src/parking_management) by extensions ['colcon_pkg']
[1.505s] Level 1:colcon.colcon_core.package_identification:_identify(src/parking_management) by extension 'colcon_pkg'
[1.506s] Level 1:colcon.colcon_core.package_identification:_identify(src/parking_management) by extensions ['colcon_meta']
[1.506s] Level 1:colcon.colcon_core.package_identification:_identify(src/parking_management) by extension 'colcon_meta'
[1.506s] Level 1:colcon.colcon_core.package_identification:_identify(src/parking_management) by extensions ['ros']
[1.506s] Level 1:colcon.colcon_core.package_identification:_identify(src/parking_management) by extension 'ros'
[1.507s] DEBUG:colcon.colcon_core.package_identification:Package 'src/parking_management' with type 'ros.ament_python' and name 'parking_management'
[1.507s] Level 1:colcon.colcon_core.package_discovery:discover_packages(recursive) using defaults
[1.507s] Level 1:colcon.colcon_core.package_discovery:discover_packages(ignore) discover
[1.507s] Level 1:colcon.colcon_core.package_discovery:discover_packages(ignore) using defaults
[1.507s] Level 1:colcon.colcon_core.package_discovery:discover_packages(path) discover
[1.507s] Level 1:colcon.colcon_core.package_discovery:discover_packages(path) using defaults
[1.644s] Level 1:colcon.colcon_core.package_discovery:discover_packages(prefix_path) check parameters
[1.644s] Level 1:colcon.colcon_core.package_discovery:discover_packages(prefix_path) discover
[1.678s] DEBUG:colcon.colcon_installed_package_information.package_discovery:Found 1 installed packages in /home/sy/microros_ws/install
[1.679s] DEBUG:colcon.colcon_installed_package_information.package_discovery:Found 2 installed packages in /home/sy/park_ws/install
[1.689s] DEBUG:colcon.colcon_installed_package_information.package_discovery:Found 0 installed packages in /home/sy/dev_ws/install
[1.692s] DEBUG:colcon.colcon_installed_package_information.package_discovery:Found 337 installed packages in /opt/ros/jazzy
[1.694s] Level 1:colcon.colcon_core.package_discovery:discover_packages(prefix_path) using defaults
[1.797s] Level 5:colcon.colcon_core.verb:set package 'parking_exe' build argument 'cmake_args' from command line to 'None'
[1.797s] Level 5:colcon.colcon_core.verb:set package 'parking_exe' build argument 'cmake_target' from command line to 'None'
[1.797s] Level 5:colcon.colcon_core.verb:set package 'parking_exe' build argument 'cmake_target_skip_unavailable' from command line to 'False'
[1.797s] Level 5:colcon.colcon_core.verb:set package 'parking_exe' build argument 'cmake_clean_cache' from command line to 'False'
[1.797s] Level 5:colcon.colcon_core.verb:set package 'parking_exe' build argument 'cmake_clean_first' from command line to 'False'
[1.797s] Level 5:colcon.colcon_core.verb:set package 'parking_exe' build argument 'cmake_force_configure' from command line to 'False'
[1.797s] Level 5:colcon.colcon_core.verb:set package 'parking_exe' build argument 'ament_cmake_args' from command line to 'None'
[1.797s] Level 5:colcon.colcon_core.verb:set package 'parking_exe' build argument 'catkin_cmake_args' from command line to 'None'
[1.797s] Level 5:colcon.colcon_core.verb:set package 'parking_exe' build argument 'catkin_skip_building_tests' from command line to 'False'
[1.797s] DEBUG:colcon.colcon_core.verb:Building package 'parking_exe' with the following arguments: {'ament_cmake_args': None, 'build_base': '/home/sy/park_ws/build/parking_exe', 'catkin_cmake_args': None, 'catkin_skip_building_tests': False, 'cmake_args': None, 'cmake_clean_cache': False, 'cmake_clean_first': False, 'cmake_force_configure': False, 'cmake_target': None, 'cmake_target_skip_unavailable': False, 'install_base': '/home/sy/park_ws/install/parking_exe', 'merge_install': False, 'path': '/home/sy/park_ws/src/parking_exe', 'symlink_install': False, 'test_result_base': None}
[1.798s] Level 5:colcon.colcon_core.verb:set package 'parking_management' build argument 'cmake_args' from command line to 'None'
[1.798s] Level 5:colcon.colcon_core.verb:set package 'parking_management' build argument 'cmake_target' from command line to 'None'
[1.798s] Level 5:colcon.colcon_core.verb:set package 'parking_management' build argument 'cmake_target_skip_unavailable' from command line to 'False'
[1.798s] Level 5:colcon.colcon_core.verb:set package 'parking_management' build argument 'cmake_clean_cache' from command line to 'False'
[1.798s] Level 5:colcon.colcon_core.verb:set package 'parking_management' build argument 'cmake_clean_first' from command line to 'False'
[1.798s] Level 5:colcon.colcon_core.verb:set package 'parking_management' build argument 'cmake_force_configure' from command line to 'False'
[1.798s] Level 5:colcon.colcon_core.verb:set package 'parking_management' build argument 'ament_cmake_args' from command line to 'None'
[1.798s] Level 5:colcon.colcon_core.verb:set package 'parking_management' build argument 'catkin_cmake_args' from command line to 'None'
[1.798s] Level 5:colcon.colcon_core.verb:set package 'parking_management' build argument 'catkin_skip_building_tests' from command line to 'False'
[1.798s] DEBUG:colcon.colcon_core.verb:Building package 'parking_management' with the following arguments: {'ament_cmake_args': None, 'build_base': '/home/sy/park_ws/build/parking_management', 'catkin_cmake_args': None, 'catkin_skip_building_tests': False, 'cmake_args': None, 'cmake_clean_cache': False, 'cmake_clean_first': False, 'cmake_force_configure': False, 'cmake_target': None, 'cmake_target_skip_unavailable': False, 'install_base': '/home/sy/park_ws/install/parking_management', 'merge_install': False, 'path': '/home/sy/park_ws/src/parking_management', 'symlink_install': False, 'test_result_base': None}
[1.799s] INFO:colcon.colcon_core.executor:Executing jobs using 'parallel' executor
[1.801s] DEBUG:colcon.colcon_parallel_executor.executor.parallel:run_until_complete
[1.803s] INFO:colcon.colcon_ros.task.ament_python.build:Building ROS package in '/home/sy/park_ws/src/parking_exe' with build type 'ament_python'
[1.803s] Level 1:colcon.colcon_core.shell:create_environment_hook('parking_exe', 'ament_prefix_path')
[1.847s] INFO:colcon.colcon_core.plugin_system:Skipping extension 'colcon_core.shell.bat': Not used on non-Windows systems
[1.847s] INFO:colcon.colcon_core.shell:Creating environment hook '/home/sy/park_ws/install/parking_exe/share/parking_exe/hook/ament_prefix_path.ps1'
[1.849s] INFO:colcon.colcon_core.shell:Creating environment descriptor '/home/sy/park_ws/install/parking_exe/share/parking_exe/hook/ament_prefix_path.dsv'
[1.851s] INFO:colcon.colcon_core.shell:Creating environment hook '/home/sy/park_ws/install/parking_exe/share/parking_exe/hook/ament_prefix_path.sh'
[1.856s] INFO:colcon.colcon_core.shell:Skip shell extension 'powershell' for command environment: Not usable outside of PowerShell
[1.856s] DEBUG:colcon.colcon_core.shell:Skip shell extension 'dsv' for command environment
[1.865s] INFO:colcon.colcon_ros.task.ament_python.build:Building ROS package in '/home/sy/park_ws/src/parking_management' with build type 'ament_python'
[1.866s] Level 1:colcon.colcon_core.shell:create_environment_hook('parking_management', 'ament_prefix_path')
[1.866s] INFO:colcon.colcon_core.shell:Creating environment hook '/home/sy/park_ws/install/parking_management/share/parking_management/hook/ament_prefix_path.ps1'
[1.867s] INFO:colcon.colcon_core.shell:Creating environment descriptor '/home/sy/park_ws/install/parking_management/share/parking_management/hook/ament_prefix_path.dsv'
[1.869s] INFO:colcon.colcon_core.shell:Creating environment hook '/home/sy/park_ws/install/parking_management/share/parking_management/hook/ament_prefix_path.sh'
[1.872s] INFO:colcon.colcon_core.shell:Skip shell extension 'powershell' for command environment: Not usable outside of PowerShell
[1.872s] DEBUG:colcon.colcon_core.shell:Skip shell extension 'dsv' for command environment
[2.258s] INFO:colcon.colcon_core.task.python.build:Building Python package in '/home/sy/park_ws/src/parking_exe'
[2.258s] INFO:colcon.colcon_core.shell:Skip shell extension 'powershell' for command environment: Not usable outside of PowerShell
[2.258s] DEBUG:colcon.colcon_core.shell:Skip shell extension 'dsv' for command environment
[2.599s] INFO:colcon.colcon_core.task.python.build:Building Python package in '/home/sy/park_ws/src/parking_management'
[2.599s] INFO:colcon.colcon_core.shell:Skip shell extension 'powershell' for command environment: Not usable outside of PowerShell
[2.599s] DEBUG:colcon.colcon_core.shell:Skip shell extension 'dsv' for command environment
[4.864s] DEBUG:colcon.colcon_core.event_handler.log_command:Invoking command in '/home/sy/park_ws/src/parking_exe': DEBUGINFOD_URLS=https://debuginfod.ubuntu.com PYTHONPATH=/home/sy/park_ws/build/parking_exe/prefix_override:/usr/lib/python3/dist-packages/colcon_core/task/python/colcon_distutils_commands:/home/sy/park_ws/install/parking_exe/lib/python3.12/site-packages:${PYTHONPATH} /usr/bin/python3 -W ignore:setup.py install is deprecated -W ignore:easy_install command is deprecated setup.py egg_info --egg-base ../../build/parking_exe build --build-base /home/sy/park_ws/build/parking_exe/build install --record /home/sy/park_ws/build/parking_exe/install.log --single-version-externally-managed install_data
[4.878s] DEBUG:colcon.colcon_core.event_handler.log_command:Invoking command in '/home/sy/park_ws/src/parking_management': DEBUGINFOD_URLS=https://debuginfod.ubuntu.com PYTHONPATH=/home/sy/park_ws/build/parking_management/prefix_override:/usr/lib/python3/dist-packages/colcon_core/task/python/colcon_distutils_commands:/home/sy/park_ws/install/parking_management/lib/python3.12/site-packages:${PYTHONPATH} /usr/bin/python3 -W ignore:setup.py install is deprecated -W ignore:easy_install command is deprecated setup.py egg_info --egg-base ../../build/parking_management build --build-base /home/sy/park_ws/build/parking_management/build install --record /home/sy/park_ws/build/parking_management/install.log --single-version-externally-managed install_data
[5.827s] DEBUG:colcon.colcon_core.event_handler.log_command:Invoked command in '/home/sy/park_ws/src/parking_management' returned '0': DEBUGINFOD_URLS=https://debuginfod.ubuntu.com PYTHONPATH=/home/sy/park_ws/build/parking_management/prefix_override:/usr/lib/python3/dist-packages/colcon_core/task/python/colcon_distutils_commands:/home/sy/park_ws/install/parking_management/lib/python3.12/site-packages:${PYTHONPATH} /usr/bin/python3 -W ignore:setup.py install is deprecated -W ignore:easy_install command is deprecated setup.py egg_info --egg-base ../../build/parking_management build --build-base /home/sy/park_ws/build/parking_management/build install --record /home/sy/park_ws/build/parking_management/install.log --single-version-externally-managed install_data
[5.897s] Level 1:colcon.colcon_core.environment:checking '/home/sy/park_ws/install/parking_management' for CMake module files
[5.898s] Level 1:colcon.colcon_core.environment:checking '/home/sy/park_ws/install/parking_management' for CMake config files
[5.900s] Level 1:colcon.colcon_core.environment:checking '/home/sy/park_ws/install/parking_management/lib'
[5.901s] Level 1:colcon.colcon_core.environment:checking '/home/sy/park_ws/install/parking_management/bin'
[5.901s] Level 1:colcon.colcon_core.environment:checking '/home/sy/park_ws/install/parking_management/lib/pkgconfig/parking_management.pc'
[5.902s] Level 1:colcon.colcon_core.environment:checking '/home/sy/park_ws/install/parking_management/lib/python3.12/site-packages'
[5.902s] Level 1:colcon.colcon_core.shell:create_environment_hook('parking_management', 'pythonpath')
[5.903s] INFO:colcon.colcon_core.shell:Creating environment hook '/home/sy/park_ws/install/parking_management/share/parking_management/hook/pythonpath.ps1'
[5.906s] INFO:colcon.colcon_core.shell:Creating environment descriptor '/home/sy/park_ws/install/parking_management/share/parking_management/hook/pythonpath.dsv'
[5.908s] INFO:colcon.colcon_core.shell:Creating environment hook '/home/sy/park_ws/install/parking_management/share/parking_management/hook/pythonpath.sh'
[5.911s] Level 1:colcon.colcon_core.environment:checking '/home/sy/park_ws/install/parking_management/bin'
[5.911s] Level 1:colcon.colcon_core.environment:create_environment_scripts_only(parking_management)
[5.912s] INFO:colcon.colcon_core.shell:Creating package script '/home/sy/park_ws/install/parking_management/share/parking_management/package.ps1'
[5.913s] INFO:colcon.colcon_core.shell:Creating package descriptor '/home/sy/park_ws/install/parking_management/share/parking_management/package.dsv'
[5.915s] INFO:colcon.colcon_core.shell:Creating package script '/home/sy/park_ws/install/parking_management/share/parking_management/package.sh'
[5.918s] INFO:colcon.colcon_core.shell:Creating package script '/home/sy/park_ws/install/parking_management/share/parking_management/package.bash'
[5.928s] INFO:colcon.colcon_core.shell:Creating package script '/home/sy/park_ws/install/parking_management/share/parking_management/package.zsh'
[5.934s] Level 1:colcon.colcon_core.environment:create_file_with_runtime_dependencies(/home/sy/park_ws/install/parking_management/share/colcon-core/packages/parking_management)
[5.943s] Level 1:colcon.colcon_core.environment:checking '/home/sy/park_ws/install/parking_exe' for CMake module files
[5.944s] DEBUG:colcon.colcon_core.event_handler.log_command:Invoked command in '/home/sy/park_ws/src/parking_exe' returned '0': DEBUGINFOD_URLS=https://debuginfod.ubuntu.com PYTHONPATH=/home/sy/park_ws/build/parking_exe/prefix_override:/usr/lib/python3/dist-packages/colcon_core/task/python/colcon_distutils_commands:/home/sy/park_ws/install/parking_exe/lib/python3.12/site-packages:${PYTHONPATH} /usr/bin/python3 -W ignore:setup.py install is deprecated -W ignore:easy_install command is deprecated setup.py egg_info --egg-base ../../build/parking_exe build --build-base /home/sy/park_ws/build/parking_exe/build install --record /home/sy/park_ws/build/parking_exe/install.log --single-version-externally-managed install_data
[5.946s] Level 1:colcon.colcon_core.environment:checking '/home/sy/park_ws/install/parking_exe' for CMake config files
[5.948s] Level 1:colcon.colcon_core.environment:checking '/home/sy/park_ws/install/parking_exe/lib'
[5.948s] Level 1:colcon.colcon_core.environment:checking '/home/sy/park_ws/install/parking_exe/bin'
[5.948s] Level 1:colcon.colcon_core.environment:checking '/home/sy/park_ws/install/parking_exe/lib/pkgconfig/parking_exe.pc'
[5.949s] Level 1:colcon.colcon_core.environment:checking '/home/sy/park_ws/install/parking_exe/lib/python3.12/site-packages'
[5.949s] Level 1:colcon.colcon_core.shell:create_environment_hook('parking_exe', 'pythonpath')
[5.950s] INFO:colcon.colcon_core.shell:Creating environment hook '/home/sy/park_ws/install/parking_exe/share/parking_exe/hook/pythonpath.ps1'
[5.951s] INFO:colcon.colcon_core.shell:Creating environment descriptor '/home/sy/park_ws/install/parking_exe/share/parking_exe/hook/pythonpath.dsv'
[5.952s] INFO:colcon.colcon_core.shell:Creating environment hook '/home/sy/park_ws/install/parking_exe/share/parking_exe/hook/pythonpath.sh'
[5.955s] Level 1:colcon.colcon_core.environment:checking '/home/sy/park_ws/install/parking_exe/bin'
[5.955s] Level 1:colcon.colcon_core.environment:create_environment_scripts_only(parking_exe)
[5.957s] INFO:colcon.colcon_core.shell:Creating package script '/home/sy/park_ws/install/parking_exe/share/parking_exe/package.ps1'
[5.960s] INFO:colcon.colcon_core.shell:Creating package descriptor '/home/sy/park_ws/install/parking_exe/share/parking_exe/package.dsv'
[5.964s] INFO:colcon.colcon_core.shell:Creating package script '/home/sy/park_ws/install/parking_exe/share/parking_exe/package.sh'
[5.967s] INFO:colcon.colcon_core.shell:Creating package script '/home/sy/park_ws/install/parking_exe/share/parking_exe/package.bash'
[5.969s] INFO:colcon.colcon_core.shell:Creating package script '/home/sy/park_ws/install/parking_exe/share/parking_exe/package.zsh'
[5.971s] Level 1:colcon.colcon_core.environment:create_file_with_runtime_dependencies(/home/sy/park_ws/install/parking_exe/share/colcon-core/packages/parking_exe)
[5.974s] DEBUG:colcon.colcon_parallel_executor.executor.parallel:closing loop
[5.977s] DEBUG:colcon.colcon_parallel_executor.executor.parallel:loop closed
[5.977s] DEBUG:colcon.colcon_parallel_executor.executor.parallel:run_until_complete finished with '0'
[5.978s] DEBUG:colcon.colcon_core.event_reactor:joining thread
[6.024s] INFO:colcon.colcon_core.plugin_system:Skipping extension 'colcon_notification.desktop_notification.terminal_notifier': Not used on non-Darwin systems
[6.024s] INFO:colcon.colcon_core.plugin_system:Skipping extension 'colcon_notification.desktop_notification.win32': Not used on non-Windows systems
[6.024s] INFO:colcon.colcon_notification.desktop_notification:Sending desktop notification using 'notify2'
[6.073s] DEBUG:colcon.colcon_core.event_reactor:joined thread
[6.074s] INFO:colcon.colcon_core.shell:Creating prefix script '/home/sy/park_ws/install/local_setup.ps1'
[6.086s] INFO:colcon.colcon_core.shell:Creating prefix util module '/home/sy/park_ws/install/_local_setup_util_ps1.py'
[6.091s] INFO:colcon.colcon_core.shell:Creating prefix chain script '/home/sy/park_ws/install/setup.ps1'
[6.095s] INFO:colcon.colcon_core.shell:Creating prefix script '/home/sy/park_ws/install/local_setup.sh'
[6.099s] INFO:colcon.colcon_core.shell:Creating prefix util module '/home/sy/park_ws/install/_local_setup_util_sh.py'
[6.101s] INFO:colcon.colcon_core.shell:Creating prefix chain script '/home/sy/park_ws/install/setup.sh'
[6.106s] INFO:colcon.colcon_core.shell:Creating prefix script '/home/sy/park_ws/install/local_setup.bash'
[6.113s] INFO:colcon.colcon_core.shell:Creating prefix chain script '/home/sy/park_ws/install/setup.bash'
[6.118s] INFO:colcon.colcon_core.shell:Creating prefix script '/home/sy/park_ws/install/local_setup.zsh'
[6.122s] INFO:colcon.colcon_core.shell:Creating prefix chain script '/home/sy/park_ws/install/setup.zsh'
