[2.991s] Invoking command in '/home/sy/park_ws/src/parking_management': DEBUGINFOD_URLS=https://debuginfod.ubuntu.com PYTHONPATH=/home/sy/park_ws/build/parking_management/prefix_override:/usr/lib/python3/dist-packages/colcon_core/task/python/colcon_distutils_commands:/home/sy/park_ws/install/parking_management/lib/python3.12/site-packages:${PYTHONPATH} /usr/bin/python3 -W ignore:setup.py install is deprecated -W ignore:easy_install command is deprecated setup.py egg_info --egg-base ../../build/parking_management build --build-base /home/sy/park_ws/build/parking_management/build install --record /home/sy/park_ws/build/parking_management/install.log --single-version-externally-managed install_data
[3.389s] running egg_info
[3.416s] writing ../../build/parking_management/parking_management.egg-info/PKG-INFO
[3.418s] writing dependency_links to ../../build/parking_management/parking_management.egg-info/dependency_links.txt
[3.418s] writing entry points to ../../build/parking_management/parking_management.egg-info/entry_points.txt
[3.418s] writing requirements to ../../build/parking_management/parking_management.egg-info/requires.txt
[3.418s] writing top-level names to ../../build/parking_management/parking_management.egg-info/top_level.txt
[3.471s] reading manifest file '../../build/parking_management/parking_management.egg-info/SOURCES.txt'
[3.478s] writing manifest file '../../build/parking_management/parking_management.egg-info/SOURCES.txt'
[3.479s] running build
[3.479s] running build_py
[3.479s] copying parking_management/dummy.py -> /home/sy/park_ws/build/parking_management/build/lib/parking_management
[3.479s] running install
[3.489s] running install_lib
[3.517s] copying /home/sy/park_ws/build/parking_management/build/lib/parking_management/dummy.py -> /home/sy/park_ws/install/parking_management/lib/python3.12/site-packages/parking_management
[3.518s] byte-compiling /home/sy/park_ws/install/parking_management/lib/python3.12/site-packages/parking_management/dummy.py to dummy.cpython-312.pyc
[3.522s] running install_data
[3.522s] running install_egg_info
[3.551s] removing '/home/sy/park_ws/install/parking_management/lib/python3.12/site-packages/parking_management-1.0.0-py3.12.egg-info' (and everything under it)
[3.554s] Copying ../../build/parking_management/parking_management.egg-info to /home/sy/park_ws/install/parking_management/lib/python3.12/site-packages/parking_management-1.0.0-py3.12.egg-info
[3.560s] running install_scripts
[3.761s] Installing parking_management script to /home/sy/park_ws/install/parking_management/lib/parking_management
[3.763s] writing list of installed files to '/home/sy/park_ws/build/parking_management/install.log'
[3.879s] Invoked command in '/home/sy/park_ws/src/parking_management' returned '0': DEBUGINFOD_URLS=https://debuginfod.ubuntu.com PYTHONPATH=/home/sy/park_ws/build/parking_management/prefix_override:/usr/lib/python3/dist-packages/colcon_core/task/python/colcon_distutils_commands:/home/sy/park_ws/install/parking_management/lib/python3.12/site-packages:${PYTHONPATH} /usr/bin/python3 -W ignore:setup.py install is deprecated -W ignore:easy_install command is deprecated setup.py egg_info --egg-base ../../build/parking_management build --build-base /home/sy/park_ws/build/parking_management/build install --record /home/sy/park_ws/build/parking_management/install.log --single-version-externally-managed install_data
