[1.980s] Invoking command in '/home/sy/park_ws/src/parking_management': DEBUGINFOD_URLS=https://debuginfod.ubuntu.com PYTHONPATH=/home/sy/park_ws/build/parking_management/prefix_override:/usr/lib/python3/dist-packages/colcon_core/task/python/colcon_distutils_commands:/home/sy/park_ws/install/parking_management/lib/python3.12/site-packages:${PYTHONPATH} /usr/bin/python3 -W ignore:setup.py install is deprecated -W ignore:easy_install command is deprecated setup.py egg_info --egg-base ../../build/parking_management build --build-base /home/sy/park_ws/build/parking_management/build install --record /home/sy/park_ws/build/parking_management/install.log --single-version-externally-managed install_data
[2.362s] running egg_info
[2.388s] writing ../../build/parking_management/parking_management.egg-info/PKG-INFO
[2.388s] writing dependency_links to ../../build/parking_management/parking_management.egg-info/dependency_links.txt
[2.388s] writing entry points to ../../build/parking_management/parking_management.egg-info/entry_points.txt
[2.389s] writing requirements to ../../build/parking_management/parking_management.egg-info/requires.txt
[2.389s] writing top-level names to ../../build/parking_management/parking_management.egg-info/top_level.txt
[2.446s] reading manifest file '../../build/parking_management/parking_management.egg-info/SOURCES.txt'
[2.447s] writing manifest file '../../build/parking_management/parking_management.egg-info/SOURCES.txt'
[2.447s] running build
[2.448s] running build_py
[2.448s] running install
[2.458s] running install_lib
[2.485s] running install_data
[2.485s] running install_egg_info
[2.514s] removing '/home/sy/park_ws/install/parking_management/lib/python3.12/site-packages/parking_management-1.0.0-py3.12.egg-info' (and everything under it)
[2.514s] Copying ../../build/parking_management/parking_management.egg-info to /home/sy/park_ws/install/parking_management/lib/python3.12/site-packages/parking_management-1.0.0-py3.12.egg-info
[2.515s] running install_scripts
[2.710s] Installing parking_management script to /home/sy/park_ws/install/parking_management/lib/parking_management
[2.722s] writing list of installed files to '/home/sy/park_ws/build/parking_management/install.log'
[2.827s] Invoked command in '/home/sy/park_ws/src/parking_management' returned '0': DEBUGINFOD_URLS=https://debuginfod.ubuntu.com PYTHONPATH=/home/sy/park_ws/build/parking_management/prefix_override:/usr/lib/python3/dist-packages/colcon_core/task/python/colcon_distutils_commands:/home/sy/park_ws/install/parking_management/lib/python3.12/site-packages:${PYTHONPATH} /usr/bin/python3 -W ignore:setup.py install is deprecated -W ignore:easy_install command is deprecated setup.py egg_info --egg-base ../../build/parking_management build --build-base /home/sy/park_ws/build/parking_management/build install --record /home/sy/park_ws/build/parking_management/install.log --single-version-externally-managed install_data
