[0.259s] DEBUG:colcon:Command line arguments: ['/usr/bin/colcon', 'build']
[0.260s] DEBUG:colcon:Parsed command line arguments: Namespace(log_base=None, log_level=None, verb_name='build', build_base='build', install_base='install', merge_install=False, symlink_install=False, test_result_base=None, continue_on_error=False, executor='parallel', parallel_workers=4, event_handlers=None, ignore_user_meta=False, metas=['./colcon.meta'], base_paths=['.'], packages_ignore=None, packages_ignore_regex=None, paths=None, packages_up_to=None, packages_up_to_regex=None, packages_above=None, packages_above_and_dependencies=None, packages_above_depth=None, packages_select_by_dep=None, packages_skip_by_dep=None, packages_skip_up_to=None, packages_select_build_failed=False, packages_skip_build_finished=False, packages_select_test_failures=False, packages_skip_test_passed=False, packages_select=None, packages_skip=None, packages_select_regex=None, packages_skip_regex=None, packages_start=None, packages_end=None, allow_overriding=[], cmake_args=None, cmake_target=None, cmake_target_skip_unavailable=False, cmake_clean_cache=False, cmake_clean_first=False, cmake_force_configure=False, ament_cmake_args=None, catkin_cmake_args=None, catkin_skip_building_tests=False, verb_parser=<colcon_defaults.argument_parser.defaults.DefaultArgumentsDecorator object at 0xffffba882d20>, verb_extension=<colcon_core.verb.build.BuildVerb object at 0xffffba882b40>, main=<bound method BuildVerb.main of <colcon_core.verb.build.BuildVerb object at 0xffffba882b40>>)
[0.375s] Level 1:colcon.colcon_core.package_discovery:discover_packages(colcon_meta) check parameters
[0.376s] Level 1:colcon.colcon_core.package_discovery:discover_packages(recursive) check parameters
[0.376s] Level 1:colcon.colcon_core.package_discovery:discover_packages(ignore) check parameters
[0.376s] Level 1:colcon.colcon_core.package_discovery:discover_packages(path) check parameters
[0.377s] Level 1:colcon.colcon_core.package_discovery:discover_packages(colcon_meta) discover
[0.377s] Level 1:colcon.colcon_core.package_discovery:discover_packages(recursive) discover
[0.377s] INFO:colcon.colcon_core.package_discovery:Crawling recursively for packages in '/home/sy/park_ws'
[0.377s] Level 1:colcon.colcon_core.package_identification:_identify(.) by extensions ['ignore', 'ignore_ament_install']
[0.378s] Level 1:colcon.colcon_core.package_identification:_identify(.) by extension 'ignore'
[0.378s] Level 1:colcon.colcon_core.package_identification:_identify(.) by extension 'ignore_ament_install'
[0.379s] Level 1:colcon.colcon_core.package_identification:_identify(.) by extensions ['colcon_pkg']
[0.379s] Level 1:colcon.colcon_core.package_identification:_identify(.) by extension 'colcon_pkg'
[0.379s] Level 1:colcon.colcon_core.package_identification:_identify(.) by extensions ['colcon_meta']
[0.379s] Level 1:colcon.colcon_core.package_identification:_identify(.) by extension 'colcon_meta'
[0.379s] Level 1:colcon.colcon_core.package_identification:_identify(.) by extensions ['ros']
[0.379s] Level 1:colcon.colcon_core.package_identification:_identify(.) by extension 'ros'
[0.442s] Level 1:colcon.colcon_core.package_identification:_identify(.) by extensions ['cmake', 'python']
[0.443s] Level 1:colcon.colcon_core.package_identification:_identify(.) by extension 'cmake'
[0.443s] Level 1:colcon.colcon_core.package_identification:_identify(.) by extension 'python'
[0.443s] Level 1:colcon.colcon_core.package_identification:_identify(.) by extensions ['python_setup_py']
[0.444s] Level 1:colcon.colcon_core.package_identification:_identify(.) by extension 'python_setup_py'
[0.444s] Level 1:colcon.colcon_core.package_identification:_identify(build) by extensions ['ignore', 'ignore_ament_install']
[0.444s] Level 1:colcon.colcon_core.package_identification:_identify(build) by extension 'ignore'
[0.444s] Level 1:colcon.colcon_core.package_identification:_identify(build) ignored
[0.444s] Level 1:colcon.colcon_core.package_identification:_identify(install) by extensions ['ignore', 'ignore_ament_install']
[0.444s] Level 1:colcon.colcon_core.package_identification:_identify(install) by extension 'ignore'
[0.445s] Level 1:colcon.colcon_core.package_identification:_identify(install) ignored
[0.445s] Level 1:colcon.colcon_core.package_identification:_identify(log) by extensions ['ignore', 'ignore_ament_install']
[0.445s] Level 1:colcon.colcon_core.package_identification:_identify(log) by extension 'ignore'
[0.445s] Level 1:colcon.colcon_core.package_identification:_identify(log) ignored
[0.445s] Level 1:colcon.colcon_core.package_identification:_identify(parking_management) by extensions ['ignore', 'ignore_ament_install']
[0.445s] Level 1:colcon.colcon_core.package_identification:_identify(parking_management) by extension 'ignore'
[0.445s] Level 1:colcon.colcon_core.package_identification:_identify(parking_management) by extension 'ignore_ament_install'
[0.445s] Level 1:colcon.colcon_core.package_identification:_identify(parking_management) by extensions ['colcon_pkg']
[0.445s] Level 1:colcon.colcon_core.package_identification:_identify(parking_management) by extension 'colcon_pkg'
[0.446s] Level 1:colcon.colcon_core.package_identification:_identify(parking_management) by extensions ['colcon_meta']
[0.446s] Level 1:colcon.colcon_core.package_identification:_identify(parking_management) by extension 'colcon_meta'
[0.446s] Level 1:colcon.colcon_core.package_identification:_identify(parking_management) by extensions ['ros']
[0.447s] Level 1:colcon.colcon_core.package_identification:_identify(parking_management) by extension 'ros'
[0.454s] DEBUG:colcon.colcon_core.package_identification:Package 'parking_management' with type 'ros.ament_python' and name 'parking_management'
[0.455s] Level 1:colcon.colcon_core.package_identification:_identify(src) by extensions ['ignore', 'ignore_ament_install']
[0.455s] Level 1:colcon.colcon_core.package_identification:_identify(src) by extension 'ignore'
[0.455s] Level 1:colcon.colcon_core.package_identification:_identify(src) by extension 'ignore_ament_install'
[0.456s] Level 1:colcon.colcon_core.package_identification:_identify(src) by extensions ['colcon_pkg']
[0.456s] Level 1:colcon.colcon_core.package_identification:_identify(src) by extension 'colcon_pkg'
[0.456s] Level 1:colcon.colcon_core.package_identification:_identify(src) by extensions ['colcon_meta']
[0.456s] Level 1:colcon.colcon_core.package_identification:_identify(src) by extension 'colcon_meta'
[0.456s] Level 1:colcon.colcon_core.package_identification:_identify(src) by extensions ['ros']
[0.457s] Level 1:colcon.colcon_core.package_identification:_identify(src) by extension 'ros'
[0.457s] Level 1:colcon.colcon_core.package_identification:_identify(src) by extensions ['cmake', 'python']
[0.457s] Level 1:colcon.colcon_core.package_identification:_identify(src) by extension 'cmake'
[0.457s] Level 1:colcon.colcon_core.package_identification:_identify(src) by extension 'python'
[0.457s] Level 1:colcon.colcon_core.package_identification:_identify(src) by extensions ['python_setup_py']
[0.457s] Level 1:colcon.colcon_core.package_identification:_identify(src) by extension 'python_setup_py'
[0.457s] Level 1:colcon.colcon_core.package_identification:_identify(src/parking_exe) by extensions ['ignore', 'ignore_ament_install']
[0.457s] Level 1:colcon.colcon_core.package_identification:_identify(src/parking_exe) by extension 'ignore'
[0.457s] Level 1:colcon.colcon_core.package_identification:_identify(src/parking_exe) by extension 'ignore_ament_install'
[0.457s] Level 1:colcon.colcon_core.package_identification:_identify(src/parking_exe) by extensions ['colcon_pkg']
[0.457s] Level 1:colcon.colcon_core.package_identification:_identify(src/parking_exe) by extension 'colcon_pkg'
[0.458s] Level 1:colcon.colcon_core.package_identification:_identify(src/parking_exe) by extensions ['colcon_meta']
[0.458s] Level 1:colcon.colcon_core.package_identification:_identify(src/parking_exe) by extension 'colcon_meta'
[0.458s] Level 1:colcon.colcon_core.package_identification:_identify(src/parking_exe) by extensions ['ros']
[0.458s] Level 1:colcon.colcon_core.package_identification:_identify(src/parking_exe) by extension 'ros'
[0.459s] DEBUG:colcon.colcon_core.package_identification:Package 'src/parking_exe' with type 'ros.ament_python' and name 'parking_exe'
[0.459s] Level 1:colcon.colcon_core.package_discovery:discover_packages(recursive) using defaults
[0.459s] Level 1:colcon.colcon_core.package_discovery:discover_packages(ignore) discover
[0.459s] Level 1:colcon.colcon_core.package_discovery:discover_packages(ignore) using defaults
[0.460s] Level 1:colcon.colcon_core.package_discovery:discover_packages(path) discover
[0.460s] Level 1:colcon.colcon_core.package_discovery:discover_packages(path) using defaults
[0.499s] Level 1:colcon.colcon_core.package_discovery:discover_packages(prefix_path) check parameters
[0.499s] Level 1:colcon.colcon_core.package_discovery:discover_packages(prefix_path) discover
[0.501s] WARNING:colcon.colcon_ros.prefix_path.ament:The path '/home/sy/park_ws/install/parking_exe' in the environment variable AMENT_PREFIX_PATH doesn't exist
[0.503s] WARNING:colcon.colcon_ros.prefix_path.ament:The path '/home/sy/park_ws/install/parking_management' in the environment variable AMENT_PREFIX_PATH doesn't exist
[0.506s] DEBUG:colcon.colcon_installed_package_information.package_discovery:Found 0 installed packages in /home/sy/park_ws/install
[0.508s] DEBUG:colcon.colcon_installed_package_information.package_discovery:Found 1 installed packages in /home/sy/microros_ws/install
[0.509s] DEBUG:colcon.colcon_installed_package_information.package_discovery:Found 0 installed packages in /home/sy/dev_ws/install
[0.521s] DEBUG:colcon.colcon_installed_package_information.package_discovery:Found 337 installed packages in /opt/ros/jazzy
[0.523s] Level 1:colcon.colcon_core.package_discovery:discover_packages(prefix_path) using defaults
[0.634s] Level 5:colcon.colcon_core.verb:set package 'parking_exe' build argument 'cmake_args' from command line to 'None'
[0.634s] Level 5:colcon.colcon_core.verb:set package 'parking_exe' build argument 'cmake_target' from command line to 'None'
[0.634s] Level 5:colcon.colcon_core.verb:set package 'parking_exe' build argument 'cmake_target_skip_unavailable' from command line to 'False'
[0.634s] Level 5:colcon.colcon_core.verb:set package 'parking_exe' build argument 'cmake_clean_cache' from command line to 'False'
[0.634s] Level 5:colcon.colcon_core.verb:set package 'parking_exe' build argument 'cmake_clean_first' from command line to 'False'
[0.634s] Level 5:colcon.colcon_core.verb:set package 'parking_exe' build argument 'cmake_force_configure' from command line to 'False'
[0.634s] Level 5:colcon.colcon_core.verb:set package 'parking_exe' build argument 'ament_cmake_args' from command line to 'None'
[0.634s] Level 5:colcon.colcon_core.verb:set package 'parking_exe' build argument 'catkin_cmake_args' from command line to 'None'
[0.634s] Level 5:colcon.colcon_core.verb:set package 'parking_exe' build argument 'catkin_skip_building_tests' from command line to 'False'
[0.634s] DEBUG:colcon.colcon_core.verb:Building package 'parking_exe' with the following arguments: {'ament_cmake_args': None, 'build_base': '/home/sy/park_ws/build/parking_exe', 'catkin_cmake_args': None, 'catkin_skip_building_tests': False, 'cmake_args': None, 'cmake_clean_cache': False, 'cmake_clean_first': False, 'cmake_force_configure': False, 'cmake_target': None, 'cmake_target_skip_unavailable': False, 'install_base': '/home/sy/park_ws/install/parking_exe', 'merge_install': False, 'path': '/home/sy/park_ws/src/parking_exe', 'symlink_install': False, 'test_result_base': None}
[0.635s] Level 5:colcon.colcon_core.verb:set package 'parking_management' build argument 'cmake_args' from command line to 'None'
[0.635s] Level 5:colcon.colcon_core.verb:set package 'parking_management' build argument 'cmake_target' from command line to 'None'
[0.635s] Level 5:colcon.colcon_core.verb:set package 'parking_management' build argument 'cmake_target_skip_unavailable' from command line to 'False'
[0.635s] Level 5:colcon.colcon_core.verb:set package 'parking_management' build argument 'cmake_clean_cache' from command line to 'False'
[0.635s] Level 5:colcon.colcon_core.verb:set package 'parking_management' build argument 'cmake_clean_first' from command line to 'False'
[0.635s] Level 5:colcon.colcon_core.verb:set package 'parking_management' build argument 'cmake_force_configure' from command line to 'False'
[0.635s] Level 5:colcon.colcon_core.verb:set package 'parking_management' build argument 'ament_cmake_args' from command line to 'None'
[0.635s] Level 5:colcon.colcon_core.verb:set package 'parking_management' build argument 'catkin_cmake_args' from command line to 'None'
[0.635s] Level 5:colcon.colcon_core.verb:set package 'parking_management' build argument 'catkin_skip_building_tests' from command line to 'False'
[0.635s] DEBUG:colcon.colcon_core.verb:Building package 'parking_management' with the following arguments: {'ament_cmake_args': None, 'build_base': '/home/sy/park_ws/build/parking_management', 'catkin_cmake_args': None, 'catkin_skip_building_tests': False, 'cmake_args': None, 'cmake_clean_cache': False, 'cmake_clean_first': False, 'cmake_force_configure': False, 'cmake_target': None, 'cmake_target_skip_unavailable': False, 'install_base': '/home/sy/park_ws/install/parking_management', 'merge_install': False, 'path': '/home/sy/park_ws/parking_management', 'symlink_install': False, 'test_result_base': None}
[0.636s] INFO:colcon.colcon_core.executor:Executing jobs using 'parallel' executor
[0.640s] DEBUG:colcon.colcon_parallel_executor.executor.parallel:run_until_complete
[0.641s] INFO:colcon.colcon_ros.task.ament_python.build:Building ROS package in '/home/sy/park_ws/src/parking_exe' with build type 'ament_python'
[0.641s] Level 1:colcon.colcon_core.shell:create_environment_hook('parking_exe', 'ament_prefix_path')
[0.649s] INFO:colcon.colcon_core.plugin_system:Skipping extension 'colcon_core.shell.bat': Not used on non-Windows systems
[0.649s] INFO:colcon.colcon_core.shell:Creating environment hook '/home/sy/park_ws/install/parking_exe/share/parking_exe/hook/ament_prefix_path.ps1'
[0.653s] INFO:colcon.colcon_core.shell:Creating environment descriptor '/home/sy/park_ws/install/parking_exe/share/parking_exe/hook/ament_prefix_path.dsv'
[0.654s] INFO:colcon.colcon_core.shell:Creating environment hook '/home/sy/park_ws/install/parking_exe/share/parking_exe/hook/ament_prefix_path.sh'
[0.659s] INFO:colcon.colcon_core.shell:Skip shell extension 'powershell' for command environment: Not usable outside of PowerShell
[0.660s] DEBUG:colcon.colcon_core.shell:Skip shell extension 'dsv' for command environment
[0.671s] INFO:colcon.colcon_ros.task.ament_python.build:Building ROS package in '/home/sy/park_ws/parking_management' with build type 'ament_python'
[0.672s] Level 1:colcon.colcon_core.shell:create_environment_hook('parking_management', 'ament_prefix_path')
[0.673s] INFO:colcon.colcon_core.shell:Creating environment hook '/home/sy/park_ws/install/parking_management/share/parking_management/hook/ament_prefix_path.ps1'
[0.675s] INFO:colcon.colcon_core.shell:Creating environment descriptor '/home/sy/park_ws/install/parking_management/share/parking_management/hook/ament_prefix_path.dsv'
[0.679s] INFO:colcon.colcon_core.shell:Creating environment hook '/home/sy/park_ws/install/parking_management/share/parking_management/hook/ament_prefix_path.sh'
[0.680s] INFO:colcon.colcon_core.shell:Skip shell extension 'powershell' for command environment: Not usable outside of PowerShell
[0.680s] DEBUG:colcon.colcon_core.shell:Skip shell extension 'dsv' for command environment
[1.319s] INFO:colcon.colcon_core.task.python.build:Building Python package in '/home/sy/park_ws/src/parking_exe'
[1.321s] INFO:colcon.colcon_core.shell:Skip shell extension 'powershell' for command environment: Not usable outside of PowerShell
[1.321s] DEBUG:colcon.colcon_core.shell:Skip shell extension 'dsv' for command environment
[2.159s] INFO:colcon.colcon_core.task.python.build:Building Python package in '/home/sy/park_ws/parking_management'
[2.159s] INFO:colcon.colcon_core.shell:Skip shell extension 'powershell' for command environment: Not usable outside of PowerShell
[2.160s] DEBUG:colcon.colcon_core.shell:Skip shell extension 'dsv' for command environment
[3.991s] DEBUG:colcon.colcon_core.event_handler.log_command:Invoking command in '/home/sy/park_ws/src/parking_exe': DEBUGINFOD_URLS=https://debuginfod.ubuntu.com PYTHONPATH=/home/sy/park_ws/build/parking_exe/prefix_override:/usr/lib/python3/dist-packages/colcon_core/task/python/colcon_distutils_commands:/home/sy/park_ws/install/parking_exe/lib/python3.12/site-packages:${PYTHONPATH} /usr/bin/python3 -W ignore:setup.py install is deprecated -W ignore:easy_install command is deprecated setup.py egg_info --egg-base ../../build/parking_exe build --build-base /home/sy/park_ws/build/parking_exe/build install --record /home/sy/park_ws/build/parking_exe/install.log --single-version-externally-managed install_data
[4.047s] DEBUG:colcon.colcon_core.event_handler.log_command:Invoking command in '/home/sy/park_ws/parking_management': DEBUGINFOD_URLS=https://debuginfod.ubuntu.com PYTHONPATH=/home/sy/park_ws/build/parking_management/prefix_override:/usr/lib/python3/dist-packages/colcon_core/task/python/colcon_distutils_commands:/home/sy/park_ws/install/parking_management/lib/python3.12/site-packages:${PYTHONPATH} /usr/bin/python3 -W ignore:setup.py install is deprecated -W ignore:easy_install command is deprecated setup.py egg_info --egg-base ../build/parking_management build --build-base /home/sy/park_ws/build/parking_management/build install --record /home/sy/park_ws/build/parking_management/install.log --single-version-externally-managed install_data
[5.334s] DEBUG:colcon.colcon_core.event_handler.log_command:Invoked command in '/home/sy/park_ws/src/parking_exe' returned '0': DEBUGINFOD_URLS=https://debuginfod.ubuntu.com PYTHONPATH=/home/sy/park_ws/build/parking_exe/prefix_override:/usr/lib/python3/dist-packages/colcon_core/task/python/colcon_distutils_commands:/home/sy/park_ws/install/parking_exe/lib/python3.12/site-packages:${PYTHONPATH} /usr/bin/python3 -W ignore:setup.py install is deprecated -W ignore:easy_install command is deprecated setup.py egg_info --egg-base ../../build/parking_exe build --build-base /home/sy/park_ws/build/parking_exe/build install --record /home/sy/park_ws/build/parking_exe/install.log --single-version-externally-managed install_data
[5.347s] Level 1:colcon.colcon_core.environment:checking '/home/sy/park_ws/install/parking_exe' for CMake module files
[5.348s] Level 1:colcon.colcon_core.environment:checking '/home/sy/park_ws/install/parking_exe' for CMake config files
[5.356s] Level 1:colcon.colcon_core.environment:checking '/home/sy/park_ws/install/parking_exe/lib'
[5.357s] Level 1:colcon.colcon_core.environment:checking '/home/sy/park_ws/install/parking_exe/bin'
[5.357s] Level 1:colcon.colcon_core.environment:checking '/home/sy/park_ws/install/parking_exe/lib/pkgconfig/parking_exe.pc'
[5.358s] Level 1:colcon.colcon_core.environment:checking '/home/sy/park_ws/install/parking_exe/lib/python3.12/site-packages'
[5.358s] Level 1:colcon.colcon_core.shell:create_environment_hook('parking_exe', 'pythonpath')
[5.363s] INFO:colcon.colcon_core.shell:Creating environment hook '/home/sy/park_ws/install/parking_exe/share/parking_exe/hook/pythonpath.ps1'
[5.364s] INFO:colcon.colcon_core.shell:Creating environment descriptor '/home/sy/park_ws/install/parking_exe/share/parking_exe/hook/pythonpath.dsv'
[5.365s] INFO:colcon.colcon_core.shell:Creating environment hook '/home/sy/park_ws/install/parking_exe/share/parking_exe/hook/pythonpath.sh'
[5.370s] Level 1:colcon.colcon_core.environment:checking '/home/sy/park_ws/install/parking_exe/bin'
[5.370s] Level 1:colcon.colcon_core.environment:create_environment_scripts_only(parking_exe)
[5.371s] INFO:colcon.colcon_core.shell:Creating package script '/home/sy/park_ws/install/parking_exe/share/parking_exe/package.ps1'
[5.376s] INFO:colcon.colcon_core.shell:Creating package descriptor '/home/sy/park_ws/install/parking_exe/share/parking_exe/package.dsv'
[5.379s] INFO:colcon.colcon_core.shell:Creating package script '/home/sy/park_ws/install/parking_exe/share/parking_exe/package.sh'
[5.382s] INFO:colcon.colcon_core.shell:Creating package script '/home/sy/park_ws/install/parking_exe/share/parking_exe/package.bash'
[5.385s] INFO:colcon.colcon_core.shell:Creating package script '/home/sy/park_ws/install/parking_exe/share/parking_exe/package.zsh'
[5.387s] Level 1:colcon.colcon_core.environment:create_file_with_runtime_dependencies(/home/sy/park_ws/install/parking_exe/share/colcon-core/packages/parking_exe)
[5.389s] Level 1:colcon.colcon_core.environment:checking '/home/sy/park_ws/install/parking_management' for CMake module files
[5.390s] Level 1:colcon.colcon_core.environment:checking '/home/sy/park_ws/install/parking_management' for CMake config files
[5.391s] Level 1:colcon.colcon_core.environment:checking '/home/sy/park_ws/install/parking_management/lib'
[5.391s] Level 1:colcon.colcon_core.environment:checking '/home/sy/park_ws/install/parking_management/bin'
[5.391s] Level 1:colcon.colcon_core.environment:checking '/home/sy/park_ws/install/parking_management/lib/pkgconfig/parking_management.pc'
[5.392s] Level 1:colcon.colcon_core.environment:checking '/home/sy/park_ws/install/parking_management/lib/python3.12/site-packages'
[5.393s] DEBUG:colcon.colcon_core.event_handler.log_command:Invoked command in '/home/sy/park_ws/parking_management' returned '0': DEBUGINFOD_URLS=https://debuginfod.ubuntu.com PYTHONPATH=/home/sy/park_ws/build/parking_management/prefix_override:/usr/lib/python3/dist-packages/colcon_core/task/python/colcon_distutils_commands:/home/sy/park_ws/install/parking_management/lib/python3.12/site-packages:${PYTHONPATH} /usr/bin/python3 -W ignore:setup.py install is deprecated -W ignore:easy_install command is deprecated setup.py egg_info --egg-base ../build/parking_management build --build-base /home/sy/park_ws/build/parking_management/build install --record /home/sy/park_ws/build/parking_management/install.log --single-version-externally-managed install_data
[5.395s] Level 1:colcon.colcon_core.shell:create_environment_hook('parking_management', 'pythonpath')
[5.396s] INFO:colcon.colcon_core.shell:Creating environment hook '/home/sy/park_ws/install/parking_management/share/parking_management/hook/pythonpath.ps1'
[5.397s] INFO:colcon.colcon_core.shell:Creating environment descriptor '/home/sy/park_ws/install/parking_management/share/parking_management/hook/pythonpath.dsv'
[5.398s] INFO:colcon.colcon_core.shell:Creating environment hook '/home/sy/park_ws/install/parking_management/share/parking_management/hook/pythonpath.sh'
[5.401s] Level 1:colcon.colcon_core.environment:checking '/home/sy/park_ws/install/parking_management/bin'
[5.402s] Level 1:colcon.colcon_core.environment:create_environment_scripts_only(parking_management)
[5.403s] INFO:colcon.colcon_core.shell:Creating package script '/home/sy/park_ws/install/parking_management/share/parking_management/package.ps1'
[5.404s] INFO:colcon.colcon_core.shell:Creating package descriptor '/home/sy/park_ws/install/parking_management/share/parking_management/package.dsv'
[5.405s] INFO:colcon.colcon_core.shell:Creating package script '/home/sy/park_ws/install/parking_management/share/parking_management/package.sh'
[5.406s] INFO:colcon.colcon_core.shell:Creating package script '/home/sy/park_ws/install/parking_management/share/parking_management/package.bash'
[5.407s] INFO:colcon.colcon_core.shell:Creating package script '/home/sy/park_ws/install/parking_management/share/parking_management/package.zsh'
[5.408s] Level 1:colcon.colcon_core.environment:create_file_with_runtime_dependencies(/home/sy/park_ws/install/parking_management/share/colcon-core/packages/parking_management)
[5.409s] DEBUG:colcon.colcon_parallel_executor.executor.parallel:closing loop
[5.410s] DEBUG:colcon.colcon_parallel_executor.executor.parallel:loop closed
[5.410s] DEBUG:colcon.colcon_parallel_executor.executor.parallel:run_until_complete finished with '0'
[5.410s] DEBUG:colcon.colcon_core.event_reactor:joining thread
[5.423s] INFO:colcon.colcon_core.plugin_system:Skipping extension 'colcon_notification.desktop_notification.terminal_notifier': Not used on non-Darwin systems
[5.423s] INFO:colcon.colcon_core.plugin_system:Skipping extension 'colcon_notification.desktop_notification.win32': Not used on non-Windows systems
[5.424s] INFO:colcon.colcon_notification.desktop_notification:Sending desktop notification using 'notify2'
[5.492s] DEBUG:colcon.colcon_core.event_reactor:joined thread
[5.492s] INFO:colcon.colcon_core.shell:Creating prefix script '/home/sy/park_ws/install/local_setup.ps1'
[5.494s] INFO:colcon.colcon_core.shell:Creating prefix util module '/home/sy/park_ws/install/_local_setup_util_ps1.py'
[5.500s] INFO:colcon.colcon_core.shell:Creating prefix chain script '/home/sy/park_ws/install/setup.ps1'
[5.503s] INFO:colcon.colcon_core.shell:Creating prefix script '/home/sy/park_ws/install/local_setup.sh'
[5.504s] INFO:colcon.colcon_core.shell:Creating prefix util module '/home/sy/park_ws/install/_local_setup_util_sh.py'
[5.505s] INFO:colcon.colcon_core.shell:Creating prefix chain script '/home/sy/park_ws/install/setup.sh'
[5.508s] INFO:colcon.colcon_core.shell:Creating prefix script '/home/sy/park_ws/install/local_setup.bash'
[5.509s] INFO:colcon.colcon_core.shell:Creating prefix chain script '/home/sy/park_ws/install/setup.bash'
[5.512s] INFO:colcon.colcon_core.shell:Creating prefix script '/home/sy/park_ws/install/local_setup.zsh'
[5.513s] INFO:colcon.colcon_core.shell:Creating prefix chain script '/home/sy/park_ws/install/setup.zsh'
