[3.329s] Invoking command in '/home/sy/park_ws/src/parking_management': DEBUGINFOD_URLS=https://debuginfod.ubuntu.com PYTHONPATH=/home/sy/park_ws/build/parking_management/prefix_override:/usr/lib/python3/dist-packages/colcon_core/task/python/colcon_distutils_commands:/home/sy/park_ws/install/parking_management/lib/python3.12/site-packages:${PYTHONPATH} /usr/bin/python3 -W ignore:setup.py install is deprecated -W ignore:easy_install command is deprecated setup.py egg_info --egg-base ../../build/parking_management build --build-base /home/sy/park_ws/build/parking_management/build install --record /home/sy/park_ws/build/parking_management/install.log --single-version-externally-managed install_data
[4.057s] running egg_info
[4.083s] writing ../../build/parking_management/parking_management.egg-info/PKG-INFO
[4.083s] writing dependency_links to ../../build/parking_management/parking_management.egg-info/dependency_links.txt
[4.111s] writing entry points to ../../build/parking_management/parking_management.egg-info/entry_points.txt
[4.113s] writing requirements to ../../build/parking_management/parking_management.egg-info/requires.txt
[4.115s] writing top-level names to ../../build/parking_management/parking_management.egg-info/top_level.txt
[4.259s] reading manifest file '../../build/parking_management/parking_management.egg-info/SOURCES.txt'
[4.261s] writing manifest file '../../build/parking_management/parking_management.egg-info/SOURCES.txt'
[4.261s] running build
[4.262s] running build_py
[4.262s] running install
[4.274s] running install_lib
[4.332s] running install_data
[4.333s] running install_egg_info
[4.393s] removing '/home/sy/park_ws/install/parking_management/lib/python3.12/site-packages/parking_management-1.0.0-py3.12.egg-info' (and everything under it)
[4.394s] Copying ../../build/parking_management/parking_management.egg-info to /home/sy/park_ws/install/parking_management/lib/python3.12/site-packages/parking_management-1.0.0-py3.12.egg-info
[4.401s] running install_scripts
[4.832s] Installing parking_management script to /home/sy/park_ws/install/parking_management/lib/parking_management
[4.832s] writing list of installed files to '/home/sy/park_ws/build/parking_management/install.log'
[4.955s] Invoked command in '/home/sy/park_ws/src/parking_management' returned '0': DEBUGINFOD_URLS=https://debuginfod.ubuntu.com PYTHONPATH=/home/sy/park_ws/build/parking_management/prefix_override:/usr/lib/python3/dist-packages/colcon_core/task/python/colcon_distutils_commands:/home/sy/park_ws/install/parking_management/lib/python3.12/site-packages:${PYTHONPATH} /usr/bin/python3 -W ignore:setup.py install is deprecated -W ignore:easy_install command is deprecated setup.py egg_info --egg-base ../../build/parking_management build --build-base /home/sy/park_ws/build/parking_management/build install --record /home/sy/park_ws/build/parking_management/install.log --single-version-externally-managed install_data
