running egg_info
writing ../../build/uwb_parser/uwb_parser.egg-info/PKG-INFO
writing dependency_links to ../../build/uwb_parser/uwb_parser.egg-info/dependency_links.txt
writing entry points to ../../build/uwb_parser/uwb_parser.egg-info/entry_points.txt
writing requirements to ../../build/uwb_parser/uwb_parser.egg-info/requires.txt
writing top-level names to ../../build/uwb_parser/uwb_parser.egg-info/top_level.txt
reading manifest file '../../build/uwb_parser/uwb_parser.egg-info/SOURCES.txt'
writing manifest file '../../build/uwb_parser/uwb_parser.egg-info/SOURCES.txt'
running build
running build_py
copying uwb_parser/uwb_coordinate_parser.py -> /home/sy/uwb_ws/build/uwb_parser/build/lib/uwb_parser
copying uwb_parser/uwb_navigation_system.py -> /home/sy/uwb_ws/build/uwb_parser/build/lib/uwb_parser
running install
running install_lib
copying /home/sy/uwb_ws/build/uwb_parser/build/lib/uwb_parser/uwb_coordinate_parser.py -> /home/sy/uwb_ws/install/uwb_parser/lib/python3.12/site-packages/uwb_parser
copying /home/sy/uwb_ws/build/uwb_parser/build/lib/uwb_parser/uwb_navigation_system.py -> /home/sy/uwb_ws/install/uwb_parser/lib/python3.12/site-packages/uwb_parser
byte-compiling /home/sy/uwb_ws/install/uwb_parser/lib/python3.12/site-packages/uwb_parser/uwb_coordinate_parser.py to uwb_coordinate_parser.cpython-312.pyc
byte-compiling /home/sy/uwb_ws/install/uwb_parser/lib/python3.12/site-packages/uwb_parser/uwb_navigation_system.py to uwb_navigation_system.cpython-312.pyc
running install_data
running install_egg_info
removing '/home/sy/uwb_ws/install/uwb_parser/lib/python3.12/site-packages/uwb_parser-0.0.0-py3.12.egg-info' (and everything under it)
Copying ../../build/uwb_parser/uwb_parser.egg-info to /home/sy/uwb_ws/install/uwb_parser/lib/python3.12/site-packages/uwb_parser-0.0.0-py3.12.egg-info
running install_scripts
Installing uwb_coordinate_parser script to /home/sy/uwb_ws/install/uwb_parser/lib/uwb_parser
Installing uwb_navigation_system script to /home/sy/uwb_ws/install/uwb_parser/lib/uwb_parser
writing list of installed files to '/home/sy/uwb_ws/build/uwb_parser/install.log'
