[1.777s] Invoking command in '/home/sy/park_ws/src/parking_exe': DEBUGINFOD_URLS=https://debuginfod.ubuntu.com PYTHONPATH=/home/sy/park_ws/build/parking_exe/prefix_override:/usr/lib/python3/dist-packages/colcon_core/task/python/colcon_distutils_commands:/home/sy/park_ws/install/parking_exe/lib/python3.12/site-packages:${PYTHONPATH} /usr/bin/python3 -W ignore:setup.py install is deprecated -W ignore:easy_install command is deprecated setup.py egg_info --egg-base ../../build/parking_exe build --build-base /home/sy/park_ws/build/parking_exe/build install --record /home/sy/park_ws/build/parking_exe/install.log --single-version-externally-managed install_data
[2.168s] running egg_info
[2.193s] writing ../../build/parking_exe/parking_exe.egg-info/PKG-INFO
[2.193s] writing dependency_links to ../../build/parking_exe/parking_exe.egg-info/dependency_links.txt
[2.199s] writing entry points to ../../build/parking_exe/parking_exe.egg-info/entry_points.txt
[2.200s] writing requirements to ../../build/parking_exe/parking_exe.egg-info/requires.txt
[2.201s] writing top-level names to ../../build/parking_exe/parking_exe.egg-info/top_level.txt
[2.256s] reading manifest file '../../build/parking_exe/parking_exe.egg-info/SOURCES.txt'
[2.257s] writing manifest file '../../build/parking_exe/parking_exe.egg-info/SOURCES.txt'
[2.257s] running build
[2.257s] running build_py
[2.258s] copying parking_exe/parking_exe.py -> /home/sy/park_ws/build/parking_exe/build/lib/parking_exe
[2.258s] running install
[2.268s] running install_lib
[2.294s] copying /home/sy/park_ws/build/parking_exe/build/lib/parking_exe/parking_exe.py -> /home/sy/park_ws/install/parking_exe/lib/python3.12/site-packages/parking_exe
[2.295s] byte-compiling /home/sy/park_ws/install/parking_exe/lib/python3.12/site-packages/parking_exe/parking_exe.py to parking_exe.cpython-312.pyc
[2.304s] running install_data
[2.304s] running install_egg_info
[2.334s] removing '/home/sy/park_ws/install/parking_exe/lib/python3.12/site-packages/parking_exe-0.0.0-py3.12.egg-info' (and everything under it)
[2.335s] Copying ../../build/parking_exe/parking_exe.egg-info to /home/sy/park_ws/install/parking_exe/lib/python3.12/site-packages/parking_exe-0.0.0-py3.12.egg-info
[2.336s] running install_scripts
[2.529s] Installing parking_exe_node script to /home/sy/park_ws/install/parking_exe/lib/parking_exe
[2.529s] writing list of installed files to '/home/sy/park_ws/build/parking_exe/install.log'
[2.649s] Invoked command in '/home/sy/park_ws/src/parking_exe' returned '0': DEBUGINFOD_URLS=https://debuginfod.ubuntu.com PYTHONPATH=/home/sy/park_ws/build/parking_exe/prefix_override:/usr/lib/python3/dist-packages/colcon_core/task/python/colcon_distutils_commands:/home/sy/park_ws/install/parking_exe/lib/python3.12/site-packages:${PYTHONPATH} /usr/bin/python3 -W ignore:setup.py install is deprecated -W ignore:easy_install command is deprecated setup.py egg_info --egg-base ../../build/parking_exe build --build-base /home/sy/park_ws/build/parking_exe/build install --record /home/sy/park_ws/build/parking_exe/install.log --single-version-externally-managed install_data
