running egg_info
writing ../../build/parking_exe/parking_exe.egg-info/PKG-INFO
writing dependency_links to ../../build/parking_exe/parking_exe.egg-info/dependency_links.txt
writing entry points to ../../build/parking_exe/parking_exe.egg-info/entry_points.txt
writing requirements to ../../build/parking_exe/parking_exe.egg-info/requires.txt
writing top-level names to ../../build/parking_exe/parking_exe.egg-info/top_level.txt
reading manifest file '../../build/parking_exe/parking_exe.egg-info/SOURCES.txt'
writing manifest file '../../build/parking_exe/parking_exe.egg-info/SOURCES.txt'
running build
running build_py
copying parking_exe/parking_exe.py -> /home/sy/park_ws/build/parking_exe/build/lib/parking_exe
running install
running install_lib
copying /home/sy/park_ws/build/parking_exe/build/lib/parking_exe/parking_exe.py -> /home/sy/park_ws/install/parking_exe/lib/python3.12/site-packages/parking_exe
byte-compiling /home/sy/park_ws/install/parking_exe/lib/python3.12/site-packages/parking_exe/parking_exe.py to parking_exe.cpython-312.pyc
running install_data
running install_egg_info
removing '/home/sy/park_ws/install/parking_exe/lib/python3.12/site-packages/parking_exe-0.0.0-py3.12.egg-info' (and everything under it)
Copying ../../build/parking_exe/parking_exe.egg-info to /home/sy/park_ws/install/parking_exe/lib/python3.12/site-packages/parking_exe-0.0.0-py3.12.egg-info
running install_scripts
Installing parking_exe_node script to /home/sy/park_ws/install/parking_exe/lib/parking_exe
writing list of installed files to '/home/sy/park_ws/build/parking_exe/install.log'
