[1.719s] Invoking command in '/home/sy/park_ws/src/parking_exe': DEBUGINFOD_URLS=https://debuginfod.ubuntu.com PYTHONPATH=/home/sy/park_ws/build/parking_exe/prefix_override:/usr/lib/python3/dist-packages/colcon_core/task/python/colcon_distutils_commands:/home/sy/park_ws/install/parking_exe/lib/python3.12/site-packages:${PYTHONPATH} /usr/bin/python3 -W ignore:setup.py install is deprecated -W ignore:easy_install command is deprecated setup.py egg_info --egg-base ../../build/parking_exe build --build-base /home/sy/park_ws/build/parking_exe/build install --record /home/sy/park_ws/build/parking_exe/install.log --single-version-externally-managed install_data
[2.134s] running egg_info
[2.159s] writing ../../build/parking_exe/parking_exe.egg-info/PKG-INFO
[2.159s] writing dependency_links to ../../build/parking_exe/parking_exe.egg-info/dependency_links.txt
[2.166s] writing entry points to ../../build/parking_exe/parking_exe.egg-info/entry_points.txt
[2.167s] writing requirements to ../../build/parking_exe/parking_exe.egg-info/requires.txt
[2.169s] writing top-level names to ../../build/parking_exe/parking_exe.egg-info/top_level.txt
[2.224s] reading manifest file '../../build/parking_exe/parking_exe.egg-info/SOURCES.txt'
[2.225s] writing manifest file '../../build/parking_exe/parking_exe.egg-info/SOURCES.txt'
[2.225s] running build
[2.226s] running build_py
[2.226s] copying parking_exe/parking_exe.py -> /home/sy/park_ws/build/parking_exe/build/lib/parking_exe
[2.226s] running install
[2.236s] running install_lib
[2.261s] copying /home/sy/park_ws/build/parking_exe/build/lib/parking_exe/parking_exe.py -> /home/sy/park_ws/install/parking_exe/lib/python3.12/site-packages/parking_exe
[2.262s] byte-compiling /home/sy/park_ws/install/parking_exe/lib/python3.12/site-packages/parking_exe/parking_exe.py to parking_exe.cpython-312.pyc
[2.274s] running install_data
[2.274s] running install_egg_info
[2.303s] removing '/home/sy/park_ws/install/parking_exe/lib/python3.12/site-packages/parking_exe-0.0.0-py3.12.egg-info' (and everything under it)
[2.303s] Copying ../../build/parking_exe/parking_exe.egg-info to /home/sy/park_ws/install/parking_exe/lib/python3.12/site-packages/parking_exe-0.0.0-py3.12.egg-info
[2.305s] running install_scripts
[2.502s] Installing parking_exe_node script to /home/sy/park_ws/install/parking_exe/lib/parking_exe
[2.503s] writing list of installed files to '/home/sy/park_ws/build/parking_exe/install.log'
[2.622s] Invoked command in '/home/sy/park_ws/src/parking_exe' returned '0': DEBUGINFOD_URLS=https://debuginfod.ubuntu.com PYTHONPATH=/home/sy/park_ws/build/parking_exe/prefix_override:/usr/lib/python3/dist-packages/colcon_core/task/python/colcon_distutils_commands:/home/sy/park_ws/install/parking_exe/lib/python3.12/site-packages:${PYTHONPATH} /usr/bin/python3 -W ignore:setup.py install is deprecated -W ignore:easy_install command is deprecated setup.py egg_info --egg-base ../../build/parking_exe build --build-base /home/sy/park_ws/build/parking_exe/build install --record /home/sy/park_ws/build/parking_exe/install.log --single-version-externally-managed install_data
