[3.045s] Invoking command in '/home/sy/park_ws/src/parking_exe': DEBUGINFOD_URLS=https://debuginfod.ubuntu.com PYTHONPATH=/home/sy/park_ws/build/parking_exe/prefix_override:/usr/lib/python3/dist-packages/colcon_core/task/python/colcon_distutils_commands:/home/sy/park_ws/install/parking_exe/lib/python3.12/site-packages:${PYTHONPATH} /usr/bin/python3 -W ignore:setup.py install is deprecated -W ignore:easy_install command is deprecated setup.py egg_info --egg-base ../../build/parking_exe build --build-base /home/sy/park_ws/build/parking_exe/build install --record /home/sy/park_ws/build/parking_exe/install.log --single-version-externally-managed install_data
[3.934s] running egg_info
[4.027s] writing ../../build/parking_exe/parking_exe.egg-info/PKG-INFO
[4.028s] writing dependency_links to ../../build/parking_exe/parking_exe.egg-info/dependency_links.txt
[4.035s] writing entry points to ../../build/parking_exe/parking_exe.egg-info/entry_points.txt
[4.037s] writing requirements to ../../build/parking_exe/parking_exe.egg-info/requires.txt
[4.038s] writing top-level names to ../../build/parking_exe/parking_exe.egg-info/top_level.txt
[4.133s] reading manifest file '../../build/parking_exe/parking_exe.egg-info/SOURCES.txt'
[4.134s] writing manifest file '../../build/parking_exe/parking_exe.egg-info/SOURCES.txt'
[4.135s] running build
[4.135s] running build_py
[4.135s] running install
[4.161s] running install_lib
[4.252s] running install_data
[4.254s] running install_egg_info
[4.316s] removing '/home/sy/park_ws/install/parking_exe/lib/python3.12/site-packages/parking_exe-0.0.0-py3.12.egg-info' (and everything under it)
[4.318s] Copying ../../build/parking_exe/parking_exe.egg-info to /home/sy/park_ws/install/parking_exe/lib/python3.12/site-packages/parking_exe-0.0.0-py3.12.egg-info
[4.320s] running install_scripts
[4.909s] Installing parking_exe_node script to /home/sy/park_ws/install/parking_exe/lib/parking_exe
[4.909s] writing list of installed files to '/home/sy/park_ws/build/parking_exe/install.log'
[5.117s] Invoked command in '/home/sy/park_ws/src/parking_exe' returned '0': DEBUGINFOD_URLS=https://debuginfod.ubuntu.com PYTHONPATH=/home/sy/park_ws/build/parking_exe/prefix_override:/usr/lib/python3/dist-packages/colcon_core/task/python/colcon_distutils_commands:/home/sy/park_ws/install/parking_exe/lib/python3.12/site-packages:${PYTHONPATH} /usr/bin/python3 -W ignore:setup.py install is deprecated -W ignore:easy_install command is deprecated setup.py egg_info --egg-base ../../build/parking_exe build --build-base /home/sy/park_ws/build/parking_exe/build install --record /home/sy/park_ws/build/parking_exe/install.log --single-version-externally-managed install_data
