[3.135s] Invoking command in '/home/sy/park_ws/src/parking_exe': DEBUGINFOD_URLS=https://debuginfod.ubuntu.com PYTHONPATH=/home/sy/park_ws/build/parking_exe/prefix_override:/usr/lib/python3/dist-packages/colcon_core/task/python/colcon_distutils_commands:/home/sy/park_ws/install/parking_exe/lib/python3.12/site-packages:${PYTHONPATH} /usr/bin/python3 -W ignore:setup.py install is deprecated -W ignore:easy_install command is deprecated setup.py egg_info --egg-base ../../build/parking_exe build --build-base /home/sy/park_ws/build/parking_exe/build install --record /home/sy/park_ws/build/parking_exe/install.log --single-version-externally-managed install_data
[3.586s] running egg_info
[3.613s] writing ../../build/parking_exe/parking_exe.egg-info/PKG-INFO
[3.614s] writing dependency_links to ../../build/parking_exe/parking_exe.egg-info/dependency_links.txt
[3.615s] writing entry points to ../../build/parking_exe/parking_exe.egg-info/entry_points.txt
[3.615s] writing requirements to ../../build/parking_exe/parking_exe.egg-info/requires.txt
[3.616s] writing top-level names to ../../build/parking_exe/parking_exe.egg-info/top_level.txt
[3.679s] reading manifest file '../../build/parking_exe/parking_exe.egg-info/SOURCES.txt'
[3.680s] writing manifest file '../../build/parking_exe/parking_exe.egg-info/SOURCES.txt'
[3.680s] running build
[3.683s] running build_py
[3.684s] running install
[3.692s] running install_lib
[3.719s] running install_data
[3.719s] running install_egg_info
[3.753s] removing '/home/sy/park_ws/install/parking_exe/lib/python3.12/site-packages/parking_exe-0.0.0-py3.12.egg-info' (and everything under it)
[3.753s] Copying ../../build/parking_exe/parking_exe.egg-info to /home/sy/park_ws/install/parking_exe/lib/python3.12/site-packages/parking_exe-0.0.0-py3.12.egg-info
[3.755s] running install_scripts
[3.982s] Installing parking_exe_node script to /home/sy/park_ws/install/parking_exe/lib/parking_exe
[3.984s] writing list of installed files to '/home/sy/park_ws/build/parking_exe/install.log'
[4.145s] Invoked command in '/home/sy/park_ws/src/parking_exe' returned '0': DEBUGINFOD_URLS=https://debuginfod.ubuntu.com PYTHONPATH=/home/sy/park_ws/build/parking_exe/prefix_override:/usr/lib/python3/dist-packages/colcon_core/task/python/colcon_distutils_commands:/home/sy/park_ws/install/parking_exe/lib/python3.12/site-packages:${PYTHONPATH} /usr/bin/python3 -W ignore:setup.py install is deprecated -W ignore:easy_install command is deprecated setup.py egg_info --egg-base ../../build/parking_exe build --build-base /home/sy/park_ws/build/parking_exe/build install --record /home/sy/park_ws/build/parking_exe/install.log --single-version-externally-managed install_data
