running egg_info
creating ../../build/uwb_parser/uwb_parser.egg-info
writing ../../build/uwb_parser/uwb_parser.egg-info/PKG-INFO
writing dependency_links to ../../build/uwb_parser/uwb_parser.egg-info/dependency_links.txt
writing entry points to ../../build/uwb_parser/uwb_parser.egg-info/entry_points.txt
writing requirements to ../../build/uwb_parser/uwb_parser.egg-info/requires.txt
writing top-level names to ../../build/uwb_parser/uwb_parser.egg-info/top_level.txt
writing manifest file '../../build/uwb_parser/uwb_parser.egg-info/SOURCES.txt'
reading manifest file '../../build/uwb_parser/uwb_parser.egg-info/SOURCES.txt'
writing manifest file '../../build/uwb_parser/uwb_parser.egg-info/SOURCES.txt'
running build
running build_py
creating /home/sy/uwb_ws/build/uwb_parser/build
creating /home/sy/uwb_ws/build/uwb_parser/build/lib
creating /home/sy/uwb_ws/build/uwb_parser/build/lib/uwb_parser
copying uwb_parser/__init__.py -> /home/sy/uwb_ws/build/uwb_parser/build/lib/uwb_parser
running install
running install_lib
creating /home/sy/uwb_ws/install/uwb_parser/lib/python3.12/site-packages/uwb_parser
copying /home/sy/uwb_ws/build/uwb_parser/build/lib/uwb_parser/__init__.py -> /home/sy/uwb_ws/install/uwb_parser/lib/python3.12/site-packages/uwb_parser
byte-compiling /home/sy/uwb_ws/install/uwb_parser/lib/python3.12/site-packages/uwb_parser/__init__.py to __init__.cpython-312.pyc
running install_data
creating /home/sy/uwb_ws/install/uwb_parser/share/ament_index
creating /home/sy/uwb_ws/install/uwb_parser/share/ament_index/resource_index
creating /home/sy/uwb_ws/install/uwb_parser/share/ament_index/resource_index/packages
copying resource/uwb_parser -> /home/sy/uwb_ws/install/uwb_parser/share/ament_index/resource_index/packages
copying package.xml -> /home/sy/uwb_ws/install/uwb_parser/share/uwb_parser
creating /home/sy/uwb_ws/install/uwb_parser/share/uwb_parser/launch
copying launch/uwb_parser.launch.py -> /home/sy/uwb_ws/install/uwb_parser/share/uwb_parser/launch
running install_egg_info
Copying ../../build/uwb_parser/uwb_parser.egg-info to /home/sy/uwb_ws/install/uwb_parser/lib/python3.12/site-packages/uwb_parser-0.0.0-py3.12.egg-info
running install_scripts
Installing uwb_coordinate_parser script to /home/sy/uwb_ws/install/uwb_parser/lib/uwb_parser
writing list of installed files to '/home/sy/uwb_ws/build/uwb_parser/install.log'
