[0.170s] DEBUG:colcon:Command line arguments: ['/usr/bin/colcon', 'build']
[0.170s] DEBUG:colcon:Parsed command line arguments: Namespace(log_base=None, log_level=None, verb_name='build', build_base='build', install_base='install', merge_install=False, symlink_install=False, test_result_base=None, continue_on_error=False, executor='parallel', parallel_workers=4, event_handlers=None, ignore_user_meta=False, metas=['./colcon.meta'], base_paths=['.'], packages_ignore=None, packages_ignore_regex=None, paths=None, packages_up_to=None, packages_up_to_regex=None, packages_above=None, packages_above_and_dependencies=None, packages_above_depth=None, packages_select_by_dep=None, packages_skip_by_dep=None, packages_skip_up_to=None, packages_select_build_failed=False, packages_skip_build_finished=False, packages_select_test_failures=False, packages_skip_test_passed=False, packages_select=None, packages_skip=None, packages_select_regex=None, packages_skip_regex=None, packages_start=None, packages_end=None, allow_overriding=[], cmake_args=None, cmake_target=None, cmake_target_skip_unavailable=False, cmake_clean_cache=False, cmake_clean_first=False, cmake_force_configure=False, ament_cmake_args=None, catkin_cmake_args=None, catkin_skip_building_tests=False, verb_parser=<colcon_defaults.argument_parser.defaults.DefaultArgumentsDecorator object at 0xffff99006900>, verb_extension=<colcon_core.verb.build.BuildVerb object at 0xffff990067e0>, main=<bound method BuildVerb.main of <colcon_core.verb.build.BuildVerb object at 0xffff990067e0>>)
[0.239s] Level 1:colcon.colcon_core.package_discovery:discover_packages(colcon_meta) check parameters
[0.239s] Level 1:colcon.colcon_core.package_discovery:discover_packages(recursive) check parameters
[0.239s] Level 1:colcon.colcon_core.package_discovery:discover_packages(ignore) check parameters
[0.239s] Level 1:colcon.colcon_core.package_discovery:discover_packages(path) check parameters
[0.239s] Level 1:colcon.colcon_core.package_discovery:discover_packages(colcon_meta) discover
[0.239s] Level 1:colcon.colcon_core.package_discovery:discover_packages(recursive) discover
[0.239s] INFO:colcon.colcon_core.package_discovery:Crawling recursively for packages in '/home/sy/park_ws'
[0.240s] Level 1:colcon.colcon_core.package_identification:_identify(.) by extensions ['ignore', 'ignore_ament_install']
[0.240s] Level 1:colcon.colcon_core.package_identification:_identify(.) by extension 'ignore'
[0.240s] Level 1:colcon.colcon_core.package_identification:_identify(.) by extension 'ignore_ament_install'
[0.240s] Level 1:colcon.colcon_core.package_identification:_identify(.) by extensions ['colcon_pkg']
[0.240s] Level 1:colcon.colcon_core.package_identification:_identify(.) by extension 'colcon_pkg'
[0.240s] Level 1:colcon.colcon_core.package_identification:_identify(.) by extensions ['colcon_meta']
[0.240s] Level 1:colcon.colcon_core.package_identification:_identify(.) by extension 'colcon_meta'
[0.240s] Level 1:colcon.colcon_core.package_identification:_identify(.) by extensions ['ros']
[0.240s] Level 1:colcon.colcon_core.package_identification:_identify(.) by extension 'ros'
[0.288s] Level 1:colcon.colcon_core.package_identification:_identify(.) by extensions ['cmake', 'python']
[0.289s] Level 1:colcon.colcon_core.package_identification:_identify(.) by extension 'cmake'
[0.289s] Level 1:colcon.colcon_core.package_identification:_identify(.) by extension 'python'
[0.289s] Level 1:colcon.colcon_core.package_identification:_identify(.) by extensions ['python_setup_py']
[0.289s] Level 1:colcon.colcon_core.package_identification:_identify(.) by extension 'python_setup_py'
[0.289s] Level 1:colcon.colcon_core.package_identification:_identify(build) by extensions ['ignore', 'ignore_ament_install']
[0.289s] Level 1:colcon.colcon_core.package_identification:_identify(build) by extension 'ignore'
[0.289s] Level 1:colcon.colcon_core.package_identification:_identify(build) ignored
[0.290s] Level 1:colcon.colcon_core.package_identification:_identify(install) by extensions ['ignore', 'ignore_ament_install']
[0.290s] Level 1:colcon.colcon_core.package_identification:_identify(install) by extension 'ignore'
[0.290s] Level 1:colcon.colcon_core.package_identification:_identify(install) ignored
[0.290s] Level 1:colcon.colcon_core.package_identification:_identify(log) by extensions ['ignore', 'ignore_ament_install']
[0.290s] Level 1:colcon.colcon_core.package_identification:_identify(log) by extension 'ignore'
[0.290s] Level 1:colcon.colcon_core.package_identification:_identify(log) ignored
[0.290s] Level 1:colcon.colcon_core.package_identification:_identify(src) by extensions ['ignore', 'ignore_ament_install']
[0.290s] Level 1:colcon.colcon_core.package_identification:_identify(src) by extension 'ignore'
[0.290s] Level 1:colcon.colcon_core.package_identification:_identify(src) by extension 'ignore_ament_install'
[0.291s] Level 1:colcon.colcon_core.package_identification:_identify(src) by extensions ['colcon_pkg']
[0.291s] Level 1:colcon.colcon_core.package_identification:_identify(src) by extension 'colcon_pkg'
[0.291s] Level 1:colcon.colcon_core.package_identification:_identify(src) by extensions ['colcon_meta']
[0.291s] Level 1:colcon.colcon_core.package_identification:_identify(src) by extension 'colcon_meta'
[0.291s] Level 1:colcon.colcon_core.package_identification:_identify(src) by extensions ['ros']
[0.291s] Level 1:colcon.colcon_core.package_identification:_identify(src) by extension 'ros'
[0.291s] Level 1:colcon.colcon_core.package_identification:_identify(src) by extensions ['cmake', 'python']
[0.291s] Level 1:colcon.colcon_core.package_identification:_identify(src) by extension 'cmake'
[0.291s] Level 1:colcon.colcon_core.package_identification:_identify(src) by extension 'python'
[0.291s] Level 1:colcon.colcon_core.package_identification:_identify(src) by extensions ['python_setup_py']
[0.291s] Level 1:colcon.colcon_core.package_identification:_identify(src) by extension 'python_setup_py'
[0.291s] Level 1:colcon.colcon_core.package_identification:_identify(src/parking_exe) by extensions ['ignore', 'ignore_ament_install']
[0.291s] Level 1:colcon.colcon_core.package_identification:_identify(src/parking_exe) by extension 'ignore'
[0.291s] Level 1:colcon.colcon_core.package_identification:_identify(src/parking_exe) by extension 'ignore_ament_install'
[0.291s] Level 1:colcon.colcon_core.package_identification:_identify(src/parking_exe) by extensions ['colcon_pkg']
[0.291s] Level 1:colcon.colcon_core.package_identification:_identify(src/parking_exe) by extension 'colcon_pkg'
[0.292s] Level 1:colcon.colcon_core.package_identification:_identify(src/parking_exe) by extensions ['colcon_meta']
[0.292s] Level 1:colcon.colcon_core.package_identification:_identify(src/parking_exe) by extension 'colcon_meta'
[0.292s] Level 1:colcon.colcon_core.package_identification:_identify(src/parking_exe) by extensions ['ros']
[0.292s] Level 1:colcon.colcon_core.package_identification:_identify(src/parking_exe) by extension 'ros'
[0.298s] DEBUG:colcon.colcon_core.package_identification:Package 'src/parking_exe' with type 'ros.ament_python' and name 'parking_exe'
[0.298s] Level 1:colcon.colcon_core.package_identification:_identify(src/parking_management) by extensions ['ignore', 'ignore_ament_install']
[0.298s] Level 1:colcon.colcon_core.package_identification:_identify(src/parking_management) by extension 'ignore'
[0.299s] Level 1:colcon.colcon_core.package_identification:_identify(src/parking_management) by extension 'ignore_ament_install'
[0.299s] Level 1:colcon.colcon_core.package_identification:_identify(src/parking_management) by extensions ['colcon_pkg']
[0.299s] Level 1:colcon.colcon_core.package_identification:_identify(src/parking_management) by extension 'colcon_pkg'
[0.299s] Level 1:colcon.colcon_core.package_identification:_identify(src/parking_management) by extensions ['colcon_meta']
[0.299s] Level 1:colcon.colcon_core.package_identification:_identify(src/parking_management) by extension 'colcon_meta'
[0.299s] Level 1:colcon.colcon_core.package_identification:_identify(src/parking_management) by extensions ['ros']
[0.299s] Level 1:colcon.colcon_core.package_identification:_identify(src/parking_management) by extension 'ros'
[0.300s] DEBUG:colcon.colcon_core.package_identification:Package 'src/parking_management' with type 'ros.ament_python' and name 'parking_management'
[0.300s] Level 1:colcon.colcon_core.package_discovery:discover_packages(recursive) using defaults
[0.300s] Level 1:colcon.colcon_core.package_discovery:discover_packages(ignore) discover
[0.300s] Level 1:colcon.colcon_core.package_discovery:discover_packages(ignore) using defaults
[0.300s] Level 1:colcon.colcon_core.package_discovery:discover_packages(path) discover
[0.301s] Level 1:colcon.colcon_core.package_discovery:discover_packages(path) using defaults
[0.329s] Level 1:colcon.colcon_core.package_discovery:discover_packages(prefix_path) check parameters
[0.330s] Level 1:colcon.colcon_core.package_discovery:discover_packages(prefix_path) discover
[0.333s] DEBUG:colcon.colcon_installed_package_information.package_discovery:Found 2 installed packages in /home/sy/park_ws/install
[0.333s] DEBUG:colcon.colcon_installed_package_information.package_discovery:Found 1 installed packages in /home/sy/microros_ws/install
[0.334s] DEBUG:colcon.colcon_installed_package_information.package_discovery:Found 0 installed packages in /home/sy/dev_ws/install
[0.336s] DEBUG:colcon.colcon_installed_package_information.package_discovery:Found 337 installed packages in /opt/ros/jazzy
[0.338s] Level 1:colcon.colcon_core.package_discovery:discover_packages(prefix_path) using defaults
[0.413s] Level 5:colcon.colcon_core.verb:set package 'parking_exe' build argument 'cmake_args' from command line to 'None'
[0.413s] Level 5:colcon.colcon_core.verb:set package 'parking_exe' build argument 'cmake_target' from command line to 'None'
[0.413s] Level 5:colcon.colcon_core.verb:set package 'parking_exe' build argument 'cmake_target_skip_unavailable' from command line to 'False'
[0.413s] Level 5:colcon.colcon_core.verb:set package 'parking_exe' build argument 'cmake_clean_cache' from command line to 'False'
[0.413s] Level 5:colcon.colcon_core.verb:set package 'parking_exe' build argument 'cmake_clean_first' from command line to 'False'
[0.413s] Level 5:colcon.colcon_core.verb:set package 'parking_exe' build argument 'cmake_force_configure' from command line to 'False'
[0.413s] Level 5:colcon.colcon_core.verb:set package 'parking_exe' build argument 'ament_cmake_args' from command line to 'None'
[0.413s] Level 5:colcon.colcon_core.verb:set package 'parking_exe' build argument 'catkin_cmake_args' from command line to 'None'
[0.413s] Level 5:colcon.colcon_core.verb:set package 'parking_exe' build argument 'catkin_skip_building_tests' from command line to 'False'
[0.413s] DEBUG:colcon.colcon_core.verb:Building package 'parking_exe' with the following arguments: {'ament_cmake_args': None, 'build_base': '/home/sy/park_ws/build/parking_exe', 'catkin_cmake_args': None, 'catkin_skip_building_tests': False, 'cmake_args': None, 'cmake_clean_cache': False, 'cmake_clean_first': False, 'cmake_force_configure': False, 'cmake_target': None, 'cmake_target_skip_unavailable': False, 'install_base': '/home/sy/park_ws/install/parking_exe', 'merge_install': False, 'path': '/home/sy/park_ws/src/parking_exe', 'symlink_install': False, 'test_result_base': None}
[0.414s] Level 5:colcon.colcon_core.verb:set package 'parking_management' build argument 'cmake_args' from command line to 'None'
[0.414s] Level 5:colcon.colcon_core.verb:set package 'parking_management' build argument 'cmake_target' from command line to 'None'
[0.414s] Level 5:colcon.colcon_core.verb:set package 'parking_management' build argument 'cmake_target_skip_unavailable' from command line to 'False'
[0.414s] Level 5:colcon.colcon_core.verb:set package 'parking_management' build argument 'cmake_clean_cache' from command line to 'False'
[0.414s] Level 5:colcon.colcon_core.verb:set package 'parking_management' build argument 'cmake_clean_first' from command line to 'False'
[0.414s] Level 5:colcon.colcon_core.verb:set package 'parking_management' build argument 'cmake_force_configure' from command line to 'False'
[0.414s] Level 5:colcon.colcon_core.verb:set package 'parking_management' build argument 'ament_cmake_args' from command line to 'None'
[0.414s] Level 5:colcon.colcon_core.verb:set package 'parking_management' build argument 'catkin_cmake_args' from command line to 'None'
[0.414s] Level 5:colcon.colcon_core.verb:set package 'parking_management' build argument 'catkin_skip_building_tests' from command line to 'False'
[0.414s] DEBUG:colcon.colcon_core.verb:Building package 'parking_management' with the following arguments: {'ament_cmake_args': None, 'build_base': '/home/sy/park_ws/build/parking_management', 'catkin_cmake_args': None, 'catkin_skip_building_tests': False, 'cmake_args': None, 'cmake_clean_cache': False, 'cmake_clean_first': False, 'cmake_force_configure': False, 'cmake_target': None, 'cmake_target_skip_unavailable': False, 'install_base': '/home/sy/park_ws/install/parking_management', 'merge_install': False, 'path': '/home/sy/park_ws/src/parking_management', 'symlink_install': False, 'test_result_base': None}
[0.414s] INFO:colcon.colcon_core.executor:Executing jobs using 'parallel' executor
[0.416s] DEBUG:colcon.colcon_parallel_executor.executor.parallel:run_until_complete
[0.416s] INFO:colcon.colcon_ros.task.ament_python.build:Building ROS package in '/home/sy/park_ws/src/parking_exe' with build type 'ament_python'
[0.416s] Level 1:colcon.colcon_core.shell:create_environment_hook('parking_exe', 'ament_prefix_path')
[0.421s] INFO:colcon.colcon_core.plugin_system:Skipping extension 'colcon_core.shell.bat': Not used on non-Windows systems
[0.421s] INFO:colcon.colcon_core.shell:Creating environment hook '/home/sy/park_ws/install/parking_exe/share/parking_exe/hook/ament_prefix_path.ps1'
[0.424s] INFO:colcon.colcon_core.shell:Creating environment descriptor '/home/sy/park_ws/install/parking_exe/share/parking_exe/hook/ament_prefix_path.dsv'
[0.431s] INFO:colcon.colcon_core.shell:Creating environment hook '/home/sy/park_ws/install/parking_exe/share/parking_exe/hook/ament_prefix_path.sh'
[0.434s] INFO:colcon.colcon_core.shell:Skip shell extension 'powershell' for command environment: Not usable outside of PowerShell
[0.434s] DEBUG:colcon.colcon_core.shell:Skip shell extension 'dsv' for command environment
[0.451s] INFO:colcon.colcon_ros.task.ament_python.build:Building ROS package in '/home/sy/park_ws/src/parking_management' with build type 'ament_python'
[0.451s] Level 1:colcon.colcon_core.shell:create_environment_hook('parking_management', 'ament_prefix_path')
[0.452s] INFO:colcon.colcon_core.shell:Creating environment hook '/home/sy/park_ws/install/parking_management/share/parking_management/hook/ament_prefix_path.ps1'
[0.454s] INFO:colcon.colcon_core.shell:Creating environment descriptor '/home/sy/park_ws/install/parking_management/share/parking_management/hook/ament_prefix_path.dsv'
[0.457s] INFO:colcon.colcon_core.shell:Creating environment hook '/home/sy/park_ws/install/parking_management/share/parking_management/hook/ament_prefix_path.sh'
[0.461s] INFO:colcon.colcon_core.shell:Skip shell extension 'powershell' for command environment: Not usable outside of PowerShell
[0.461s] DEBUG:colcon.colcon_core.shell:Skip shell extension 'dsv' for command environment
[1.062s] INFO:colcon.colcon_core.task.python.build:Building Python package in '/home/sy/park_ws/src/parking_exe'
[1.062s] INFO:colcon.colcon_core.shell:Skip shell extension 'powershell' for command environment: Not usable outside of PowerShell
[1.062s] DEBUG:colcon.colcon_core.shell:Skip shell extension 'dsv' for command environment
[1.731s] INFO:colcon.colcon_core.task.python.build:Building Python package in '/home/sy/park_ws/src/parking_management'
[1.732s] INFO:colcon.colcon_core.shell:Skip shell extension 'powershell' for command environment: Not usable outside of PowerShell
[1.732s] DEBUG:colcon.colcon_core.shell:Skip shell extension 'dsv' for command environment
[3.495s] DEBUG:colcon.colcon_core.event_handler.log_command:Invoking command in '/home/sy/park_ws/src/parking_management': DEBUGINFOD_URLS=https://debuginfod.ubuntu.com PYTHONPATH=/home/sy/park_ws/build/parking_management/prefix_override:/usr/lib/python3/dist-packages/colcon_core/task/python/colcon_distutils_commands:/home/sy/park_ws/install/parking_management/lib/python3.12/site-packages:${PYTHONPATH} /usr/bin/python3 -W ignore:setup.py install is deprecated -W ignore:easy_install command is deprecated setup.py egg_info --egg-base ../../build/parking_management build --build-base /home/sy/park_ws/build/parking_management/build install --record /home/sy/park_ws/build/parking_management/install.log --single-version-externally-managed install_data
[3.555s] DEBUG:colcon.colcon_core.event_handler.log_command:Invoking command in '/home/sy/park_ws/src/parking_exe': DEBUGINFOD_URLS=https://debuginfod.ubuntu.com PYTHONPATH=/home/sy/park_ws/build/parking_exe/prefix_override:/usr/lib/python3/dist-packages/colcon_core/task/python/colcon_distutils_commands:/home/sy/park_ws/install/parking_exe/lib/python3.12/site-packages:${PYTHONPATH} /usr/bin/python3 -W ignore:setup.py install is deprecated -W ignore:easy_install command is deprecated setup.py egg_info --egg-base ../../build/parking_exe build --build-base /home/sy/park_ws/build/parking_exe/build install --record /home/sy/park_ws/build/parking_exe/install.log --single-version-externally-managed install_data
[4.523s] DEBUG:colcon.colcon_core.event_handler.log_command:Invoked command in '/home/sy/park_ws/src/parking_management' returned '0': DEBUGINFOD_URLS=https://debuginfod.ubuntu.com PYTHONPATH=/home/sy/park_ws/build/parking_management/prefix_override:/usr/lib/python3/dist-packages/colcon_core/task/python/colcon_distutils_commands:/home/sy/park_ws/install/parking_management/lib/python3.12/site-packages:${PYTHONPATH} /usr/bin/python3 -W ignore:setup.py install is deprecated -W ignore:easy_install command is deprecated setup.py egg_info --egg-base ../../build/parking_management build --build-base /home/sy/park_ws/build/parking_management/build install --record /home/sy/park_ws/build/parking_management/install.log --single-version-externally-managed install_data
[4.530s] Level 1:colcon.colcon_core.environment:checking '/home/sy/park_ws/install/parking_management' for CMake module files
[4.531s] Level 1:colcon.colcon_core.environment:checking '/home/sy/park_ws/install/parking_management' for CMake config files
[4.534s] Level 1:colcon.colcon_core.environment:checking '/home/sy/park_ws/install/parking_management/lib'
[4.535s] Level 1:colcon.colcon_core.environment:checking '/home/sy/park_ws/install/parking_management/bin'
[4.535s] Level 1:colcon.colcon_core.environment:checking '/home/sy/park_ws/install/parking_management/lib/pkgconfig/parking_management.pc'
[4.536s] Level 1:colcon.colcon_core.environment:checking '/home/sy/park_ws/install/parking_management/lib/python3.12/site-packages'
[4.536s] Level 1:colcon.colcon_core.shell:create_environment_hook('parking_management', 'pythonpath')
[4.537s] INFO:colcon.colcon_core.shell:Creating environment hook '/home/sy/park_ws/install/parking_management/share/parking_management/hook/pythonpath.ps1'
[4.539s] INFO:colcon.colcon_core.shell:Creating environment descriptor '/home/sy/park_ws/install/parking_management/share/parking_management/hook/pythonpath.dsv'
[4.545s] INFO:colcon.colcon_core.shell:Creating environment hook '/home/sy/park_ws/install/parking_management/share/parking_management/hook/pythonpath.sh'
[4.547s] Level 1:colcon.colcon_core.environment:checking '/home/sy/park_ws/install/parking_management/bin'
[4.548s] Level 1:colcon.colcon_core.environment:create_environment_scripts_only(parking_management)
[4.548s] INFO:colcon.colcon_core.shell:Creating package script '/home/sy/park_ws/install/parking_management/share/parking_management/package.ps1'
[4.551s] INFO:colcon.colcon_core.shell:Creating package descriptor '/home/sy/park_ws/install/parking_management/share/parking_management/package.dsv'
[4.554s] INFO:colcon.colcon_core.shell:Creating package script '/home/sy/park_ws/install/parking_management/share/parking_management/package.sh'
[4.556s] INFO:colcon.colcon_core.shell:Creating package script '/home/sy/park_ws/install/parking_management/share/parking_management/package.bash'
[4.557s] INFO:colcon.colcon_core.shell:Creating package script '/home/sy/park_ws/install/parking_management/share/parking_management/package.zsh'
[4.559s] Level 1:colcon.colcon_core.environment:create_file_with_runtime_dependencies(/home/sy/park_ws/install/parking_management/share/colcon-core/packages/parking_management)
[4.563s] Level 1:colcon.colcon_core.environment:checking '/home/sy/park_ws/install/parking_exe' for CMake module files
[4.565s] DEBUG:colcon.colcon_core.event_handler.log_command:Invoked command in '/home/sy/park_ws/src/parking_exe' returned '0': DEBUGINFOD_URLS=https://debuginfod.ubuntu.com PYTHONPATH=/home/sy/park_ws/build/parking_exe/prefix_override:/usr/lib/python3/dist-packages/colcon_core/task/python/colcon_distutils_commands:/home/sy/park_ws/install/parking_exe/lib/python3.12/site-packages:${PYTHONPATH} /usr/bin/python3 -W ignore:setup.py install is deprecated -W ignore:easy_install command is deprecated setup.py egg_info --egg-base ../../build/parking_exe build --build-base /home/sy/park_ws/build/parking_exe/build install --record /home/sy/park_ws/build/parking_exe/install.log --single-version-externally-managed install_data
[4.565s] Level 1:colcon.colcon_core.environment:checking '/home/sy/park_ws/install/parking_exe' for CMake config files
[4.567s] Level 1:colcon.colcon_core.environment:checking '/home/sy/park_ws/install/parking_exe/lib'
[4.567s] Level 1:colcon.colcon_core.environment:checking '/home/sy/park_ws/install/parking_exe/bin'
[4.567s] Level 1:colcon.colcon_core.environment:checking '/home/sy/park_ws/install/parking_exe/lib/pkgconfig/parking_exe.pc'
[4.567s] Level 1:colcon.colcon_core.environment:checking '/home/sy/park_ws/install/parking_exe/lib/python3.12/site-packages'
[4.567s] Level 1:colcon.colcon_core.shell:create_environment_hook('parking_exe', 'pythonpath')
[4.568s] INFO:colcon.colcon_core.shell:Creating environment hook '/home/sy/park_ws/install/parking_exe/share/parking_exe/hook/pythonpath.ps1'
[4.569s] INFO:colcon.colcon_core.shell:Creating environment descriptor '/home/sy/park_ws/install/parking_exe/share/parking_exe/hook/pythonpath.dsv'
[4.570s] INFO:colcon.colcon_core.shell:Creating environment hook '/home/sy/park_ws/install/parking_exe/share/parking_exe/hook/pythonpath.sh'
[4.571s] Level 1:colcon.colcon_core.environment:checking '/home/sy/park_ws/install/parking_exe/bin'
[4.572s] Level 1:colcon.colcon_core.environment:create_environment_scripts_only(parking_exe)
[4.573s] INFO:colcon.colcon_core.shell:Creating package script '/home/sy/park_ws/install/parking_exe/share/parking_exe/package.ps1'
[4.575s] INFO:colcon.colcon_core.shell:Creating package descriptor '/home/sy/park_ws/install/parking_exe/share/parking_exe/package.dsv'
[4.576s] INFO:colcon.colcon_core.shell:Creating package script '/home/sy/park_ws/install/parking_exe/share/parking_exe/package.sh'
[4.577s] INFO:colcon.colcon_core.shell:Creating package script '/home/sy/park_ws/install/parking_exe/share/parking_exe/package.bash'
[4.578s] INFO:colcon.colcon_core.shell:Creating package script '/home/sy/park_ws/install/parking_exe/share/parking_exe/package.zsh'
[4.579s] Level 1:colcon.colcon_core.environment:create_file_with_runtime_dependencies(/home/sy/park_ws/install/parking_exe/share/colcon-core/packages/parking_exe)
[4.581s] DEBUG:colcon.colcon_parallel_executor.executor.parallel:closing loop
[4.581s] DEBUG:colcon.colcon_parallel_executor.executor.parallel:loop closed
[4.582s] DEBUG:colcon.colcon_parallel_executor.executor.parallel:run_until_complete finished with '0'
[4.582s] DEBUG:colcon.colcon_core.event_reactor:joining thread
[4.594s] INFO:colcon.colcon_core.plugin_system:Skipping extension 'colcon_notification.desktop_notification.terminal_notifier': Not used on non-Darwin systems
[4.594s] INFO:colcon.colcon_core.plugin_system:Skipping extension 'colcon_notification.desktop_notification.win32': Not used on non-Windows systems
[4.594s] INFO:colcon.colcon_notification.desktop_notification:Sending desktop notification using 'notify2'
[4.608s] DEBUG:colcon.colcon_core.event_reactor:joined thread
[4.608s] INFO:colcon.colcon_core.shell:Creating prefix script '/home/sy/park_ws/install/local_setup.ps1'
[4.610s] INFO:colcon.colcon_core.shell:Creating prefix util module '/home/sy/park_ws/install/_local_setup_util_ps1.py'
[4.616s] INFO:colcon.colcon_core.shell:Creating prefix chain script '/home/sy/park_ws/install/setup.ps1'
[4.618s] INFO:colcon.colcon_core.shell:Creating prefix script '/home/sy/park_ws/install/local_setup.sh'
[4.619s] INFO:colcon.colcon_core.shell:Creating prefix util module '/home/sy/park_ws/install/_local_setup_util_sh.py'
[4.619s] INFO:colcon.colcon_core.shell:Creating prefix chain script '/home/sy/park_ws/install/setup.sh'
[4.622s] INFO:colcon.colcon_core.shell:Creating prefix script '/home/sy/park_ws/install/local_setup.bash'
[4.623s] INFO:colcon.colcon_core.shell:Creating prefix chain script '/home/sy/park_ws/install/setup.bash'
[4.625s] INFO:colcon.colcon_core.shell:Creating prefix script '/home/sy/park_ws/install/local_setup.zsh'
[4.626s] INFO:colcon.colcon_core.shell:Creating prefix chain script '/home/sy/park_ws/install/setup.zsh'
