[3.370s] Invoking command in '/home/sy/park_ws/src/parking_exe': DEBUGINFOD_URLS=https://debuginfod.ubuntu.com PYTHONPATH=/home/sy/park_ws/build/parking_exe/prefix_override:/usr/lib/python3/dist-packages/colcon_core/task/python/colcon_distutils_commands:/home/sy/park_ws/install/parking_exe/lib/python3.12/site-packages:${PYTHONPATH} /usr/bin/python3 -W ignore:setup.py install is deprecated -W ignore:easy_install command is deprecated setup.py egg_info --egg-base ../../build/parking_exe build --build-base /home/sy/park_ws/build/parking_exe/build install --record /home/sy/park_ws/build/parking_exe/install.log --single-version-externally-managed install_data
[4.136s] running egg_info
[4.190s] writing ../../build/parking_exe/parking_exe.egg-info/PKG-INFO
[4.190s] writing dependency_links to ../../build/parking_exe/parking_exe.egg-info/dependency_links.txt
[4.198s] writing entry points to ../../build/parking_exe/parking_exe.egg-info/entry_points.txt
[4.198s] writing requirements to ../../build/parking_exe/parking_exe.egg-info/requires.txt
[4.198s] writing top-level names to ../../build/parking_exe/parking_exe.egg-info/top_level.txt
[4.338s] reading manifest file '../../build/parking_exe/parking_exe.egg-info/SOURCES.txt'
[4.340s] writing manifest file '../../build/parking_exe/parking_exe.egg-info/SOURCES.txt'
[4.341s] running build
[4.341s] running build_py
[4.343s] running install
[4.358s] running install_lib
[4.415s] running install_data
[4.416s] running install_egg_info
[4.481s] removing '/home/sy/park_ws/install/parking_exe/lib/python3.12/site-packages/parking_exe-0.0.0-py3.12.egg-info' (and everything under it)
[4.485s] Copying ../../build/parking_exe/parking_exe.egg-info to /home/sy/park_ws/install/parking_exe/lib/python3.12/site-packages/parking_exe-0.0.0-py3.12.egg-info
[4.517s] running install_scripts
[4.932s] Installing parking_exe_node script to /home/sy/park_ws/install/parking_exe/lib/parking_exe
[4.932s] writing list of installed files to '/home/sy/park_ws/build/parking_exe/install.log'
[5.191s] Invoked command in '/home/sy/park_ws/src/parking_exe' returned '0': DEBUGINFOD_URLS=https://debuginfod.ubuntu.com PYTHONPATH=/home/sy/park_ws/build/parking_exe/prefix_override:/usr/lib/python3/dist-packages/colcon_core/task/python/colcon_distutils_commands:/home/sy/park_ws/install/parking_exe/lib/python3.12/site-packages:${PYTHONPATH} /usr/bin/python3 -W ignore:setup.py install is deprecated -W ignore:easy_install command is deprecated setup.py egg_info --egg-base ../../build/parking_exe build --build-base /home/sy/park_ws/build/parking_exe/build install --record /home/sy/park_ws/build/parking_exe/install.log --single-version-externally-managed install_data
