[0.152s] DEBUG:colcon:Command line arguments: ['/usr/bin/colcon', 'build']
[0.152s] DEBUG:colcon:Parsed command line arguments: Namespace(log_base=None, log_level=None, verb_name='build', build_base='build', install_base='install', merge_install=False, symlink_install=False, test_result_base=None, continue_on_error=False, executor='parallel', parallel_workers=4, event_handlers=None, ignore_user_meta=False, metas=['./colcon.meta'], base_paths=['.'], packages_ignore=None, packages_ignore_regex=None, paths=None, packages_up_to=None, packages_up_to_regex=None, packages_above=None, packages_above_and_dependencies=None, packages_above_depth=None, packages_select_by_dep=None, packages_skip_by_dep=None, packages_skip_up_to=None, packages_select_build_failed=False, packages_skip_build_finished=False, packages_select_test_failures=False, packages_skip_test_passed=False, packages_select=None, packages_skip=None, packages_select_regex=None, packages_skip_regex=None, packages_start=None, packages_end=None, allow_overriding=[], cmake_args=None, cmake_target=None, cmake_target_skip_unavailable=False, cmake_clean_cache=False, cmake_clean_first=False, cmake_force_configure=False, ament_cmake_args=None, catkin_cmake_args=None, catkin_skip_building_tests=False, verb_parser=<colcon_defaults.argument_parser.defaults.DefaultArgumentsDecorator object at 0xffff8c1caba0>, verb_extension=<colcon_core.verb.build.BuildVerb object at 0xffff8c1cab10>, main=<bound method BuildVerb.main of <colcon_core.verb.build.BuildVerb object at 0xffff8c1cab10>>)
[0.213s] Level 1:colcon.colcon_core.package_discovery:discover_packages(colcon_meta) check parameters
[0.214s] Level 1:colcon.colcon_core.package_discovery:discover_packages(recursive) check parameters
[0.214s] Level 1:colcon.colcon_core.package_discovery:discover_packages(ignore) check parameters
[0.214s] Level 1:colcon.colcon_core.package_discovery:discover_packages(path) check parameters
[0.214s] Level 1:colcon.colcon_core.package_discovery:discover_packages(colcon_meta) discover
[0.214s] Level 1:colcon.colcon_core.package_discovery:discover_packages(recursive) discover
[0.214s] INFO:colcon.colcon_core.package_discovery:Crawling recursively for packages in '/home/sy/uwb_ws'
[0.214s] Level 1:colcon.colcon_core.package_identification:_identify(.) by extensions ['ignore', 'ignore_ament_install']
[0.214s] Level 1:colcon.colcon_core.package_identification:_identify(.) by extension 'ignore'
[0.214s] Level 1:colcon.colcon_core.package_identification:_identify(.) by extension 'ignore_ament_install'
[0.214s] Level 1:colcon.colcon_core.package_identification:_identify(.) by extensions ['colcon_pkg']
[0.214s] Level 1:colcon.colcon_core.package_identification:_identify(.) by extension 'colcon_pkg'
[0.214s] Level 1:colcon.colcon_core.package_identification:_identify(.) by extensions ['colcon_meta']
[0.214s] Level 1:colcon.colcon_core.package_identification:_identify(.) by extension 'colcon_meta'
[0.215s] Level 1:colcon.colcon_core.package_identification:_identify(.) by extensions ['ros']
[0.215s] Level 1:colcon.colcon_core.package_identification:_identify(.) by extension 'ros'
[0.255s] Level 1:colcon.colcon_core.package_identification:_identify(.) by extensions ['cmake', 'python']
[0.255s] Level 1:colcon.colcon_core.package_identification:_identify(.) by extension 'cmake'
[0.255s] Level 1:colcon.colcon_core.package_identification:_identify(.) by extension 'python'
[0.255s] Level 1:colcon.colcon_core.package_identification:_identify(.) by extensions ['python_setup_py']
[0.255s] Level 1:colcon.colcon_core.package_identification:_identify(.) by extension 'python_setup_py'
[0.255s] Level 1:colcon.colcon_core.package_identification:_identify(build) by extensions ['ignore', 'ignore_ament_install']
[0.256s] Level 1:colcon.colcon_core.package_identification:_identify(build) by extension 'ignore'
[0.256s] Level 1:colcon.colcon_core.package_identification:_identify(build) ignored
[0.256s] Level 1:colcon.colcon_core.package_identification:_identify(install) by extensions ['ignore', 'ignore_ament_install']
[0.256s] Level 1:colcon.colcon_core.package_identification:_identify(install) by extension 'ignore'
[0.256s] Level 1:colcon.colcon_core.package_identification:_identify(install) ignored
[0.256s] Level 1:colcon.colcon_core.package_identification:_identify(log) by extensions ['ignore', 'ignore_ament_install']
[0.256s] Level 1:colcon.colcon_core.package_identification:_identify(log) by extension 'ignore'
[0.256s] Level 1:colcon.colcon_core.package_identification:_identify(log) ignored
[0.256s] Level 1:colcon.colcon_core.package_identification:_identify(src) by extensions ['ignore', 'ignore_ament_install']
[0.257s] Level 1:colcon.colcon_core.package_identification:_identify(src) by extension 'ignore'
[0.257s] Level 1:colcon.colcon_core.package_identification:_identify(src) by extension 'ignore_ament_install'
[0.257s] Level 1:colcon.colcon_core.package_identification:_identify(src) by extensions ['colcon_pkg']
[0.257s] Level 1:colcon.colcon_core.package_identification:_identify(src) by extension 'colcon_pkg'
[0.257s] Level 1:colcon.colcon_core.package_identification:_identify(src) by extensions ['colcon_meta']
[0.257s] Level 1:colcon.colcon_core.package_identification:_identify(src) by extension 'colcon_meta'
[0.257s] Level 1:colcon.colcon_core.package_identification:_identify(src) by extensions ['ros']
[0.257s] Level 1:colcon.colcon_core.package_identification:_identify(src) by extension 'ros'
[0.257s] Level 1:colcon.colcon_core.package_identification:_identify(src) by extensions ['cmake', 'python']
[0.257s] Level 1:colcon.colcon_core.package_identification:_identify(src) by extension 'cmake'
[0.257s] Level 1:colcon.colcon_core.package_identification:_identify(src) by extension 'python'
[0.257s] Level 1:colcon.colcon_core.package_identification:_identify(src) by extensions ['python_setup_py']
[0.257s] Level 1:colcon.colcon_core.package_identification:_identify(src) by extension 'python_setup_py'
[0.257s] Level 1:colcon.colcon_core.package_identification:_identify(src/uwb_parser) by extensions ['ignore', 'ignore_ament_install']
[0.257s] Level 1:colcon.colcon_core.package_identification:_identify(src/uwb_parser) by extension 'ignore'
[0.257s] Level 1:colcon.colcon_core.package_identification:_identify(src/uwb_parser) by extension 'ignore_ament_install'
[0.258s] Level 1:colcon.colcon_core.package_identification:_identify(src/uwb_parser) by extensions ['colcon_pkg']
[0.258s] Level 1:colcon.colcon_core.package_identification:_identify(src/uwb_parser) by extension 'colcon_pkg'
[0.258s] Level 1:colcon.colcon_core.package_identification:_identify(src/uwb_parser) by extensions ['colcon_meta']
[0.258s] Level 1:colcon.colcon_core.package_identification:_identify(src/uwb_parser) by extension 'colcon_meta'
[0.258s] Level 1:colcon.colcon_core.package_identification:_identify(src/uwb_parser) by extensions ['ros']
[0.258s] Level 1:colcon.colcon_core.package_identification:_identify(src/uwb_parser) by extension 'ros'
[0.263s] DEBUG:colcon.colcon_core.package_identification:Package 'src/uwb_parser' with type 'ros.ament_python' and name 'uwb_parser'
[0.264s] Level 1:colcon.colcon_core.package_identification:_identify(src/uwb_tracking) by extensions ['ignore', 'ignore_ament_install']
[0.264s] Level 1:colcon.colcon_core.package_identification:_identify(src/uwb_tracking) by extension 'ignore'
[0.264s] Level 1:colcon.colcon_core.package_identification:_identify(src/uwb_tracking) by extension 'ignore_ament_install'
[0.264s] Level 1:colcon.colcon_core.package_identification:_identify(src/uwb_tracking) by extensions ['colcon_pkg']
[0.264s] Level 1:colcon.colcon_core.package_identification:_identify(src/uwb_tracking) by extension 'colcon_pkg'
[0.264s] Level 1:colcon.colcon_core.package_identification:_identify(src/uwb_tracking) by extensions ['colcon_meta']
[0.264s] Level 1:colcon.colcon_core.package_identification:_identify(src/uwb_tracking) by extension 'colcon_meta'
[0.264s] Level 1:colcon.colcon_core.package_identification:_identify(src/uwb_tracking) by extensions ['ros']
[0.264s] Level 1:colcon.colcon_core.package_identification:_identify(src/uwb_tracking) by extension 'ros'
[0.266s] DEBUG:colcon.colcon_core.package_identification:Package 'src/uwb_tracking' with type 'ros.ament_python' and name 'uwb_tracking'
[0.266s] Level 1:colcon.colcon_core.package_discovery:discover_packages(recursive) using defaults
[0.266s] Level 1:colcon.colcon_core.package_discovery:discover_packages(ignore) discover
[0.266s] Level 1:colcon.colcon_core.package_discovery:discover_packages(ignore) using defaults
[0.266s] Level 1:colcon.colcon_core.package_discovery:discover_packages(path) discover
[0.266s] Level 1:colcon.colcon_core.package_discovery:discover_packages(path) using defaults
[0.291s] Level 1:colcon.colcon_core.package_discovery:discover_packages(prefix_path) check parameters
[0.291s] Level 1:colcon.colcon_core.package_discovery:discover_packages(prefix_path) discover
[0.293s] DEBUG:colcon.colcon_installed_package_information.package_discovery:Found 2 installed packages in /home/sy/uwb_ws/install
[0.294s] DEBUG:colcon.colcon_installed_package_information.package_discovery:Found 0 installed packages in /home/sy/dev_ws/install
[0.296s] DEBUG:colcon.colcon_installed_package_information.package_discovery:Found 336 installed packages in /opt/ros/jazzy
[0.297s] Level 1:colcon.colcon_core.package_discovery:discover_packages(prefix_path) using defaults
[0.366s] Level 5:colcon.colcon_core.verb:set package 'uwb_parser' build argument 'cmake_args' from command line to 'None'
[0.366s] Level 5:colcon.colcon_core.verb:set package 'uwb_parser' build argument 'cmake_target' from command line to 'None'
[0.366s] Level 5:colcon.colcon_core.verb:set package 'uwb_parser' build argument 'cmake_target_skip_unavailable' from command line to 'False'
[0.366s] Level 5:colcon.colcon_core.verb:set package 'uwb_parser' build argument 'cmake_clean_cache' from command line to 'False'
[0.366s] Level 5:colcon.colcon_core.verb:set package 'uwb_parser' build argument 'cmake_clean_first' from command line to 'False'
[0.366s] Level 5:colcon.colcon_core.verb:set package 'uwb_parser' build argument 'cmake_force_configure' from command line to 'False'
[0.366s] Level 5:colcon.colcon_core.verb:set package 'uwb_parser' build argument 'ament_cmake_args' from command line to 'None'
[0.366s] Level 5:colcon.colcon_core.verb:set package 'uwb_parser' build argument 'catkin_cmake_args' from command line to 'None'
[0.366s] Level 5:colcon.colcon_core.verb:set package 'uwb_parser' build argument 'catkin_skip_building_tests' from command line to 'False'
[0.366s] DEBUG:colcon.colcon_core.verb:Building package 'uwb_parser' with the following arguments: {'ament_cmake_args': None, 'build_base': '/home/sy/uwb_ws/build/uwb_parser', 'catkin_cmake_args': None, 'catkin_skip_building_tests': False, 'cmake_args': None, 'cmake_clean_cache': False, 'cmake_clean_first': False, 'cmake_force_configure': False, 'cmake_target': None, 'cmake_target_skip_unavailable': False, 'install_base': '/home/sy/uwb_ws/install/uwb_parser', 'merge_install': False, 'path': '/home/sy/uwb_ws/src/uwb_parser', 'symlink_install': False, 'test_result_base': None}
[0.367s] Level 5:colcon.colcon_core.verb:set package 'uwb_tracking' build argument 'cmake_args' from command line to 'None'
[0.367s] Level 5:colcon.colcon_core.verb:set package 'uwb_tracking' build argument 'cmake_target' from command line to 'None'
[0.367s] Level 5:colcon.colcon_core.verb:set package 'uwb_tracking' build argument 'cmake_target_skip_unavailable' from command line to 'False'
[0.367s] Level 5:colcon.colcon_core.verb:set package 'uwb_tracking' build argument 'cmake_clean_cache' from command line to 'False'
[0.367s] Level 5:colcon.colcon_core.verb:set package 'uwb_tracking' build argument 'cmake_clean_first' from command line to 'False'
[0.367s] Level 5:colcon.colcon_core.verb:set package 'uwb_tracking' build argument 'cmake_force_configure' from command line to 'False'
[0.367s] Level 5:colcon.colcon_core.verb:set package 'uwb_tracking' build argument 'ament_cmake_args' from command line to 'None'
[0.367s] Level 5:colcon.colcon_core.verb:set package 'uwb_tracking' build argument 'catkin_cmake_args' from command line to 'None'
[0.367s] Level 5:colcon.colcon_core.verb:set package 'uwb_tracking' build argument 'catkin_skip_building_tests' from command line to 'False'
[0.367s] DEBUG:colcon.colcon_core.verb:Building package 'uwb_tracking' with the following arguments: {'ament_cmake_args': None, 'build_base': '/home/sy/uwb_ws/build/uwb_tracking', 'catkin_cmake_args': None, 'catkin_skip_building_tests': False, 'cmake_args': None, 'cmake_clean_cache': False, 'cmake_clean_first': False, 'cmake_force_configure': False, 'cmake_target': None, 'cmake_target_skip_unavailable': False, 'install_base': '/home/sy/uwb_ws/install/uwb_tracking', 'merge_install': False, 'path': '/home/sy/uwb_ws/src/uwb_tracking', 'symlink_install': False, 'test_result_base': None}
[0.367s] INFO:colcon.colcon_core.executor:Executing jobs using 'parallel' executor
[0.369s] DEBUG:colcon.colcon_parallel_executor.executor.parallel:run_until_complete
[0.369s] INFO:colcon.colcon_ros.task.ament_python.build:Building ROS package in '/home/sy/uwb_ws/src/uwb_parser' with build type 'ament_python'
[0.370s] Level 1:colcon.colcon_core.shell:create_environment_hook('uwb_parser', 'ament_prefix_path')
[0.376s] INFO:colcon.colcon_core.plugin_system:Skipping extension 'colcon_core.shell.bat': Not used on non-Windows systems
[0.376s] INFO:colcon.colcon_core.shell:Creating environment hook '/home/sy/uwb_ws/install/uwb_parser/share/uwb_parser/hook/ament_prefix_path.ps1'
[0.379s] INFO:colcon.colcon_core.shell:Creating environment descriptor '/home/sy/uwb_ws/install/uwb_parser/share/uwb_parser/hook/ament_prefix_path.dsv'
[0.385s] INFO:colcon.colcon_core.shell:Creating environment hook '/home/sy/uwb_ws/install/uwb_parser/share/uwb_parser/hook/ament_prefix_path.sh'
[0.388s] INFO:colcon.colcon_core.shell:Skip shell extension 'powershell' for command environment: Not usable outside of PowerShell
[0.388s] DEBUG:colcon.colcon_core.shell:Skip shell extension 'dsv' for command environment
[0.395s] INFO:colcon.colcon_ros.task.ament_python.build:Building ROS package in '/home/sy/uwb_ws/src/uwb_tracking' with build type 'ament_python'
[0.396s] Level 1:colcon.colcon_core.shell:create_environment_hook('uwb_tracking', 'ament_prefix_path')
[0.396s] INFO:colcon.colcon_core.shell:Creating environment hook '/home/sy/uwb_ws/install/uwb_tracking/share/uwb_tracking/hook/ament_prefix_path.ps1'
[0.398s] INFO:colcon.colcon_core.shell:Creating environment descriptor '/home/sy/uwb_ws/install/uwb_tracking/share/uwb_tracking/hook/ament_prefix_path.dsv'
[0.399s] INFO:colcon.colcon_core.shell:Creating environment hook '/home/sy/uwb_ws/install/uwb_tracking/share/uwb_tracking/hook/ament_prefix_path.sh'
[0.401s] INFO:colcon.colcon_core.shell:Skip shell extension 'powershell' for command environment: Not usable outside of PowerShell
[0.401s] DEBUG:colcon.colcon_core.shell:Skip shell extension 'dsv' for command environment
[0.781s] INFO:colcon.colcon_core.task.python.build:Building Python package in '/home/sy/uwb_ws/src/uwb_parser'
[0.783s] INFO:colcon.colcon_core.shell:Skip shell extension 'powershell' for command environment: Not usable outside of PowerShell
[0.783s] DEBUG:colcon.colcon_core.shell:Skip shell extension 'dsv' for command environment
[1.147s] INFO:colcon.colcon_core.task.python.build:Building Python package in '/home/sy/uwb_ws/src/uwb_tracking'
[1.147s] INFO:colcon.colcon_core.shell:Skip shell extension 'powershell' for command environment: Not usable outside of PowerShell
[1.147s] DEBUG:colcon.colcon_core.shell:Skip shell extension 'dsv' for command environment
[2.163s] DEBUG:colcon.colcon_core.event_handler.log_command:Invoking command in '/home/sy/uwb_ws/src/uwb_parser': DEBUGINFOD_URLS=https://debuginfod.ubuntu.com PYTHONPATH=/home/sy/uwb_ws/build/uwb_parser/prefix_override:/usr/lib/python3/dist-packages/colcon_core/task/python/colcon_distutils_commands:/home/sy/uwb_ws/install/uwb_parser/lib/python3.12/site-packages:${PYTHONPATH} /usr/bin/python3 -W ignore:setup.py install is deprecated -W ignore:easy_install command is deprecated setup.py egg_info --egg-base ../../build/uwb_parser build --build-base /home/sy/uwb_ws/build/uwb_parser/build install --record /home/sy/uwb_ws/build/uwb_parser/install.log --single-version-externally-managed install_data
[2.172s] DEBUG:colcon.colcon_core.event_handler.log_command:Invoking command in '/home/sy/uwb_ws/src/uwb_tracking': DEBUGINFOD_URLS=https://debuginfod.ubuntu.com PYTHONPATH=/home/sy/uwb_ws/build/uwb_tracking/prefix_override:/usr/lib/python3/dist-packages/colcon_core/task/python/colcon_distutils_commands:/home/sy/uwb_ws/install/uwb_tracking/lib/python3.12/site-packages:${PYTHONPATH} /usr/bin/python3 -W ignore:setup.py install is deprecated -W ignore:easy_install command is deprecated setup.py egg_info --egg-base ../../build/uwb_tracking build --build-base /home/sy/uwb_ws/build/uwb_tracking/build install --record /home/sy/uwb_ws/build/uwb_tracking/install.log --single-version-externally-managed install_data
[3.145s] DEBUG:colcon.colcon_core.event_handler.log_command:Invoked command in '/home/sy/uwb_ws/src/uwb_tracking' returned '0': DEBUGINFOD_URLS=https://debuginfod.ubuntu.com PYTHONPATH=/home/sy/uwb_ws/build/uwb_tracking/prefix_override:/usr/lib/python3/dist-packages/colcon_core/task/python/colcon_distutils_commands:/home/sy/uwb_ws/install/uwb_tracking/lib/python3.12/site-packages:${PYTHONPATH} /usr/bin/python3 -W ignore:setup.py install is deprecated -W ignore:easy_install command is deprecated setup.py egg_info --egg-base ../../build/uwb_tracking build --build-base /home/sy/uwb_ws/build/uwb_tracking/build install --record /home/sy/uwb_ws/build/uwb_tracking/install.log --single-version-externally-managed install_data
[3.149s] Level 1:colcon.colcon_core.environment:checking '/home/sy/uwb_ws/install/uwb_tracking' for CMake module files
[3.150s] Level 1:colcon.colcon_core.environment:checking '/home/sy/uwb_ws/install/uwb_tracking' for CMake config files
[3.151s] Level 1:colcon.colcon_core.environment:checking '/home/sy/uwb_ws/install/uwb_tracking/lib'
[3.151s] Level 1:colcon.colcon_core.environment:checking '/home/sy/uwb_ws/install/uwb_tracking/bin'
[3.151s] Level 1:colcon.colcon_core.environment:checking '/home/sy/uwb_ws/install/uwb_tracking/lib/pkgconfig/uwb_tracking.pc'
[3.152s] Level 1:colcon.colcon_core.environment:checking '/home/sy/uwb_ws/install/uwb_tracking/lib/python3.12/site-packages'
[3.152s] Level 1:colcon.colcon_core.shell:create_environment_hook('uwb_tracking', 'pythonpath')
[3.152s] INFO:colcon.colcon_core.shell:Creating environment hook '/home/sy/uwb_ws/install/uwb_tracking/share/uwb_tracking/hook/pythonpath.ps1'
[3.153s] INFO:colcon.colcon_core.shell:Creating environment descriptor '/home/sy/uwb_ws/install/uwb_tracking/share/uwb_tracking/hook/pythonpath.dsv'
[3.159s] INFO:colcon.colcon_core.shell:Creating environment hook '/home/sy/uwb_ws/install/uwb_tracking/share/uwb_tracking/hook/pythonpath.sh'
[3.160s] Level 1:colcon.colcon_core.environment:checking '/home/sy/uwb_ws/install/uwb_tracking/bin'
[3.161s] Level 1:colcon.colcon_core.environment:create_environment_scripts_only(uwb_tracking)
[3.161s] INFO:colcon.colcon_core.shell:Creating package script '/home/sy/uwb_ws/install/uwb_tracking/share/uwb_tracking/package.ps1'
[3.162s] INFO:colcon.colcon_core.shell:Creating package descriptor '/home/sy/uwb_ws/install/uwb_tracking/share/uwb_tracking/package.dsv'
[3.163s] INFO:colcon.colcon_core.shell:Creating package script '/home/sy/uwb_ws/install/uwb_tracking/share/uwb_tracking/package.sh'
[3.164s] INFO:colcon.colcon_core.shell:Creating package script '/home/sy/uwb_ws/install/uwb_tracking/share/uwb_tracking/package.bash'
[3.166s] INFO:colcon.colcon_core.shell:Creating package script '/home/sy/uwb_ws/install/uwb_tracking/share/uwb_tracking/package.zsh'
[3.167s] Level 1:colcon.colcon_core.environment:create_file_with_runtime_dependencies(/home/sy/uwb_ws/install/uwb_tracking/share/colcon-core/packages/uwb_tracking)
[3.170s] Level 1:colcon.colcon_core.environment:checking '/home/sy/uwb_ws/install/uwb_parser' for CMake module files
[3.172s] DEBUG:colcon.colcon_core.event_handler.log_command:Invoked command in '/home/sy/uwb_ws/src/uwb_parser' returned '0': DEBUGINFOD_URLS=https://debuginfod.ubuntu.com PYTHONPATH=/home/sy/uwb_ws/build/uwb_parser/prefix_override:/usr/lib/python3/dist-packages/colcon_core/task/python/colcon_distutils_commands:/home/sy/uwb_ws/install/uwb_parser/lib/python3.12/site-packages:${PYTHONPATH} /usr/bin/python3 -W ignore:setup.py install is deprecated -W ignore:easy_install command is deprecated setup.py egg_info --egg-base ../../build/uwb_parser build --build-base /home/sy/uwb_ws/build/uwb_parser/build install --record /home/sy/uwb_ws/build/uwb_parser/install.log --single-version-externally-managed install_data
[3.173s] Level 1:colcon.colcon_core.environment:checking '/home/sy/uwb_ws/install/uwb_parser' for CMake config files
[3.175s] Level 1:colcon.colcon_core.environment:checking '/home/sy/uwb_ws/install/uwb_parser/lib'
[3.175s] Level 1:colcon.colcon_core.environment:checking '/home/sy/uwb_ws/install/uwb_parser/bin'
[3.175s] Level 1:colcon.colcon_core.environment:checking '/home/sy/uwb_ws/install/uwb_parser/lib/pkgconfig/uwb_parser.pc'
[3.176s] Level 1:colcon.colcon_core.environment:checking '/home/sy/uwb_ws/install/uwb_parser/lib/python3.12/site-packages'
[3.176s] Level 1:colcon.colcon_core.shell:create_environment_hook('uwb_parser', 'pythonpath')
[3.177s] INFO:colcon.colcon_core.shell:Creating environment hook '/home/sy/uwb_ws/install/uwb_parser/share/uwb_parser/hook/pythonpath.ps1'
[3.178s] INFO:colcon.colcon_core.shell:Creating environment descriptor '/home/sy/uwb_ws/install/uwb_parser/share/uwb_parser/hook/pythonpath.dsv'
[3.179s] INFO:colcon.colcon_core.shell:Creating environment hook '/home/sy/uwb_ws/install/uwb_parser/share/uwb_parser/hook/pythonpath.sh'
[3.181s] Level 1:colcon.colcon_core.environment:checking '/home/sy/uwb_ws/install/uwb_parser/bin'
[3.181s] Level 1:colcon.colcon_core.environment:create_environment_scripts_only(uwb_parser)
[3.182s] INFO:colcon.colcon_core.shell:Creating package script '/home/sy/uwb_ws/install/uwb_parser/share/uwb_parser/package.ps1'
[3.183s] INFO:colcon.colcon_core.shell:Creating package descriptor '/home/sy/uwb_ws/install/uwb_parser/share/uwb_parser/package.dsv'
[3.184s] INFO:colcon.colcon_core.shell:Creating package script '/home/sy/uwb_ws/install/uwb_parser/share/uwb_parser/package.sh'
[3.185s] INFO:colcon.colcon_core.shell:Creating package script '/home/sy/uwb_ws/install/uwb_parser/share/uwb_parser/package.bash'
[3.186s] INFO:colcon.colcon_core.shell:Creating package script '/home/sy/uwb_ws/install/uwb_parser/share/uwb_parser/package.zsh'
[3.190s] Level 1:colcon.colcon_core.environment:create_file_with_runtime_dependencies(/home/sy/uwb_ws/install/uwb_parser/share/colcon-core/packages/uwb_parser)
[3.191s] DEBUG:colcon.colcon_parallel_executor.executor.parallel:closing loop
[3.192s] DEBUG:colcon.colcon_parallel_executor.executor.parallel:loop closed
[3.193s] DEBUG:colcon.colcon_parallel_executor.executor.parallel:run_until_complete finished with '0'
[3.193s] DEBUG:colcon.colcon_core.event_reactor:joining thread
[3.212s] INFO:colcon.colcon_core.plugin_system:Skipping extension 'colcon_notification.desktop_notification.terminal_notifier': Not used on non-Darwin systems
[3.212s] INFO:colcon.colcon_core.plugin_system:Skipping extension 'colcon_notification.desktop_notification.win32': Not used on non-Windows systems
[3.212s] INFO:colcon.colcon_notification.desktop_notification:Sending desktop notification using 'notify2'
[3.235s] DEBUG:colcon.colcon_core.event_reactor:joined thread
[3.236s] INFO:colcon.colcon_core.shell:Creating prefix script '/home/sy/uwb_ws/install/local_setup.ps1'
[3.237s] INFO:colcon.colcon_core.shell:Creating prefix util module '/home/sy/uwb_ws/install/_local_setup_util_ps1.py'
[3.244s] INFO:colcon.colcon_core.shell:Creating prefix chain script '/home/sy/uwb_ws/install/setup.ps1'
[3.246s] INFO:colcon.colcon_core.shell:Creating prefix script '/home/sy/uwb_ws/install/local_setup.sh'
[3.247s] INFO:colcon.colcon_core.shell:Creating prefix util module '/home/sy/uwb_ws/install/_local_setup_util_sh.py'
[3.248s] INFO:colcon.colcon_core.shell:Creating prefix chain script '/home/sy/uwb_ws/install/setup.sh'
[3.252s] INFO:colcon.colcon_core.shell:Creating prefix script '/home/sy/uwb_ws/install/local_setup.bash'
[3.253s] INFO:colcon.colcon_core.shell:Creating prefix chain script '/home/sy/uwb_ws/install/setup.bash'
[3.255s] INFO:colcon.colcon_core.shell:Creating prefix script '/home/sy/uwb_ws/install/local_setup.zsh'
[3.257s] INFO:colcon.colcon_core.shell:Creating prefix chain script '/home/sy/uwb_ws/install/setup.zsh'
