[3.485s] Invoking command in '/home/sy/park_ws/parking_management': DEBUGINFOD_URLS=https://debuginfod.ubuntu.com PYTHONPATH=/home/sy/park_ws/build/parking_management/prefix_override:/usr/lib/python3/dist-packages/colcon_core/task/python/colcon_distutils_commands:/home/sy/park_ws/install/parking_management/lib/python3.12/site-packages:${PYTHONPATH} /usr/bin/python3 -W ignore:setup.py install is deprecated -W ignore:easy_install command is deprecated setup.py egg_info --egg-base ../build/parking_management build --build-base /home/sy/park_ws/build/parking_management/build install --record /home/sy/park_ws/build/parking_management/install.log --single-version-externally-managed install_data
[4.080s] running egg_info
[4.116s] writing ../build/parking_management/parking_management.egg-info/PKG-INFO
[4.118s] writing dependency_links to ../build/parking_management/parking_management.egg-info/dependency_links.txt
[4.126s] writing entry points to ../build/parking_management/parking_management.egg-info/entry_points.txt
[4.128s] writing requirements to ../build/parking_management/parking_management.egg-info/requires.txt
[4.133s] writing top-level names to ../build/parking_management/parking_management.egg-info/top_level.txt
[4.326s] reading manifest file '../build/parking_management/parking_management.egg-info/SOURCES.txt'
[4.343s] writing manifest file '../build/parking_management/parking_management.egg-info/SOURCES.txt'
[4.351s] running build
[4.351s] running build_py
[4.351s] copying parking_management/parking_management.py -> /home/sy/park_ws/build/parking_management/build/lib/parking_management
[4.360s] running install
[4.393s] running install_lib
[4.539s] copying /home/sy/park_ws/build/parking_management/build/lib/parking_management/parking_management.py -> /home/sy/park_ws/install/parking_management/lib/python3.12/site-packages/parking_management
[4.542s] byte-compiling /home/sy/park_ws/install/parking_management/lib/python3.12/site-packages/parking_management/parking_management.py to parking_management.cpython-312.pyc
[4.550s] running install_data
[4.551s] running install_egg_info
[4.599s] removing '/home/sy/park_ws/install/parking_management/lib/python3.12/site-packages/parking_management-1.0.0-py3.12.egg-info' (and everything under it)
[4.601s] Copying ../build/parking_management/parking_management.egg-info to /home/sy/park_ws/install/parking_management/lib/python3.12/site-packages/parking_management-1.0.0-py3.12.egg-info
[4.602s] running install_scripts
[4.854s] Installing parking_management script to /home/sy/park_ws/install/parking_management/lib/parking_management
[4.854s] writing list of installed files to '/home/sy/park_ws/build/parking_management/install.log'
[4.968s] Invoked command in '/home/sy/park_ws/parking_management' returned '0': DEBUGINFOD_URLS=https://debuginfod.ubuntu.com PYTHONPATH=/home/sy/park_ws/build/parking_management/prefix_override:/usr/lib/python3/dist-packages/colcon_core/task/python/colcon_distutils_commands:/home/sy/park_ws/install/parking_management/lib/python3.12/site-packages:${PYTHONPATH} /usr/bin/python3 -W ignore:setup.py install is deprecated -W ignore:easy_install command is deprecated setup.py egg_info --egg-base ../build/parking_management build --build-base /home/sy/park_ws/build/parking_management/build install --record /home/sy/park_ws/build/parking_management/install.log --single-version-externally-managed install_data
