[2.040s] Invoking command in '/home/sy/park_ws/src/parking_exe': DEBUGINFOD_URLS=https://debuginfod.ubuntu.com PYTHONPATH=/home/sy/park_ws/build/parking_exe/prefix_override:/usr/lib/python3/dist-packages/colcon_core/task/python/colcon_distutils_commands:/home/sy/park_ws/install/parking_exe/lib/python3.12/site-packages:${PYTHONPATH} /usr/bin/python3 -W ignore:setup.py install is deprecated -W ignore:easy_install command is deprecated setup.py egg_info --egg-base ../../build/parking_exe build --build-base /home/sy/park_ws/build/parking_exe/build install --record /home/sy/park_ws/build/parking_exe/install.log --single-version-externally-managed install_data
[2.654s] running egg_info
[2.712s] writing ../../build/parking_exe/parking_exe.egg-info/PKG-INFO
[2.712s] writing dependency_links to ../../build/parking_exe/parking_exe.egg-info/dependency_links.txt
[2.719s] writing entry points to ../../build/parking_exe/parking_exe.egg-info/entry_points.txt
[2.720s] writing requirements to ../../build/parking_exe/parking_exe.egg-info/requires.txt
[2.721s] writing top-level names to ../../build/parking_exe/parking_exe.egg-info/top_level.txt
[2.799s] reading manifest file '../../build/parking_exe/parking_exe.egg-info/SOURCES.txt'
[2.801s] writing manifest file '../../build/parking_exe/parking_exe.egg-info/SOURCES.txt'
[2.803s] running build
[2.804s] running build_py
[2.805s] copying parking_exe/parking_exe.py -> /home/sy/park_ws/build/parking_exe/build/lib/parking_exe
[2.806s] running install
[2.818s] running install_lib
[2.857s] copying /home/sy/park_ws/build/parking_exe/build/lib/parking_exe/parking_exe.py -> /home/sy/park_ws/install/parking_exe/lib/python3.12/site-packages/parking_exe
[2.859s] byte-compiling /home/sy/park_ws/install/parking_exe/lib/python3.12/site-packages/parking_exe/parking_exe.py to parking_exe.cpython-312.pyc
[2.873s] running install_data
[2.874s] running install_egg_info
[2.918s] removing '/home/sy/park_ws/install/parking_exe/lib/python3.12/site-packages/parking_exe-0.0.0-py3.12.egg-info' (and everything under it)
[2.921s] Copying ../../build/parking_exe/parking_exe.egg-info to /home/sy/park_ws/install/parking_exe/lib/python3.12/site-packages/parking_exe-0.0.0-py3.12.egg-info
[2.923s] running install_scripts
[3.218s] Installing parking_exe_node script to /home/sy/park_ws/install/parking_exe/lib/parking_exe
[3.220s] writing list of installed files to '/home/sy/park_ws/build/parking_exe/install.log'
[3.385s] Invoked command in '/home/sy/park_ws/src/parking_exe' returned '0': DEBUGINFOD_URLS=https://debuginfod.ubuntu.com PYTHONPATH=/home/sy/park_ws/build/parking_exe/prefix_override:/usr/lib/python3/dist-packages/colcon_core/task/python/colcon_distutils_commands:/home/sy/park_ws/install/parking_exe/lib/python3.12/site-packages:${PYTHONPATH} /usr/bin/python3 -W ignore:setup.py install is deprecated -W ignore:easy_install command is deprecated setup.py egg_info --egg-base ../../build/parking_exe build --build-base /home/sy/park_ws/build/parking_exe/build install --record /home/sy/park_ws/build/parking_exe/install.log --single-version-externally-managed install_data
