[2.250s] Invoking command in '/home/sy/uwb_ws/src/uwb_tracking': DEBUGINFOD_URLS=https://debuginfod.ubuntu.com PYTHONPATH=/home/sy/uwb_ws/build/uwb_tracking/prefix_override:/usr/lib/python3/dist-packages/colcon_core/task/python/colcon_distutils_commands:/home/sy/uwb_ws/install/uwb_tracking/lib/python3.12/site-packages:${PYTHONPATH} /usr/bin/python3 -W ignore:setup.py install is deprecated -W ignore:easy_install command is deprecated setup.py egg_info --egg-base ../../build/uwb_tracking build --build-base /home/sy/uwb_ws/build/uwb_tracking/build install --record /home/sy/uwb_ws/build/uwb_tracking/install.log --single-version-externally-managed install_data
[2.648s] running egg_info
[2.672s] writing ../../build/uwb_tracking/uwb_tracking.egg-info/PKG-INFO
[2.672s] writing dependency_links to ../../build/uwb_tracking/uwb_tracking.egg-info/dependency_links.txt
[2.680s] writing requirements to ../../build/uwb_tracking/uwb_tracking.egg-info/requires.txt
[2.680s] writing top-level names to ../../build/uwb_tracking/uwb_tracking.egg-info/top_level.txt
[2.738s] reading manifest file '../../build/uwb_tracking/uwb_tracking.egg-info/SOURCES.txt'
[2.740s] writing manifest file '../../build/uwb_tracking/uwb_tracking.egg-info/SOURCES.txt'
[2.740s] running build
[2.740s] running build_py
[2.740s] copying uwb_tracking/uwb_receiver.py -> /home/sy/uwb_ws/build/uwb_tracking/build/lib/uwb_tracking
[2.741s] running install
[2.751s] running install_lib
[2.777s] copying /home/sy/uwb_ws/build/uwb_tracking/build/lib/uwb_tracking/uwb_receiver.py -> /home/sy/uwb_ws/install/uwb_tracking/lib/python3.12/site-packages/uwb_tracking
[2.781s] byte-compiling /home/sy/uwb_ws/install/uwb_tracking/lib/python3.12/site-packages/uwb_tracking/uwb_receiver.py to uwb_receiver.cpython-312.pyc
[2.784s] running install_data
[2.784s] running install_egg_info
[2.814s] removing '/home/sy/uwb_ws/install/uwb_tracking/lib/python3.12/site-packages/uwb_tracking-0.0.0-py3.12.egg-info' (and everything under it)
[2.815s] Copying ../../build/uwb_tracking/uwb_tracking.egg-info to /home/sy/uwb_ws/install/uwb_tracking/lib/python3.12/site-packages/uwb_tracking-0.0.0-py3.12.egg-info
[2.823s] running install_scripts
[3.021s] writing list of installed files to '/home/sy/uwb_ws/build/uwb_tracking/install.log'
[3.165s] Invoked command in '/home/sy/uwb_ws/src/uwb_tracking' returned '0': DEBUGINFOD_URLS=https://debuginfod.ubuntu.com PYTHONPATH=/home/sy/uwb_ws/build/uwb_tracking/prefix_override:/usr/lib/python3/dist-packages/colcon_core/task/python/colcon_distutils_commands:/home/sy/uwb_ws/install/uwb_tracking/lib/python3.12/site-packages:${PYTHONPATH} /usr/bin/python3 -W ignore:setup.py install is deprecated -W ignore:easy_install command is deprecated setup.py egg_info --egg-base ../../build/uwb_tracking build --build-base /home/sy/uwb_ws/build/uwb_tracking/build install --record /home/sy/uwb_ws/build/uwb_tracking/install.log --single-version-externally-managed install_data
