[3.030s] Invoking command in '/home/sy/park_ws/src/parking_exe': DEBUGINFOD_URLS=https://debuginfod.ubuntu.com PYTHONPATH=/home/sy/park_ws/build/parking_exe/prefix_override:/usr/lib/python3/dist-packages/colcon_core/task/python/colcon_distutils_commands:/home/sy/park_ws/install/parking_exe/lib/python3.12/site-packages:${PYTHONPATH} /usr/bin/python3 -W ignore:setup.py install is deprecated -W ignore:easy_install command is deprecated setup.py egg_info --egg-base ../../build/parking_exe build --build-base /home/sy/park_ws/build/parking_exe/build install --record /home/sy/park_ws/build/parking_exe/install.log --single-version-externally-managed install_data
[3.474s] running egg_info
[3.500s] writing ../../build/parking_exe/parking_exe.egg-info/PKG-INFO
[3.500s] writing dependency_links to ../../build/parking_exe/parking_exe.egg-info/dependency_links.txt
[3.500s] writing entry points to ../../build/parking_exe/parking_exe.egg-info/entry_points.txt
[3.500s] writing requirements to ../../build/parking_exe/parking_exe.egg-info/requires.txt
[3.501s] writing top-level names to ../../build/parking_exe/parking_exe.egg-info/top_level.txt
[3.555s] reading manifest file '../../build/parking_exe/parking_exe.egg-info/SOURCES.txt'
[3.556s] writing manifest file '../../build/parking_exe/parking_exe.egg-info/SOURCES.txt'
[3.557s] running build
[3.557s] running build_py
[3.558s] copying parking_exe/parking_exe.py -> /home/sy/park_ws/build/parking_exe/build/lib/parking_exe
[3.558s] running install
[3.568s] running install_lib
[3.594s] copying /home/sy/park_ws/build/parking_exe/build/lib/parking_exe/parking_exe.py -> /home/sy/park_ws/install/parking_exe/lib/python3.12/site-packages/parking_exe
[3.595s] byte-compiling /home/sy/park_ws/install/parking_exe/lib/python3.12/site-packages/parking_exe/parking_exe.py to parking_exe.cpython-312.pyc
[3.608s] running install_data
[3.608s] running install_egg_info
[3.640s] removing '/home/sy/park_ws/install/parking_exe/lib/python3.12/site-packages/parking_exe-0.0.0-py3.12.egg-info' (and everything under it)
[3.640s] Copying ../../build/parking_exe/parking_exe.egg-info to /home/sy/park_ws/install/parking_exe/lib/python3.12/site-packages/parking_exe-0.0.0-py3.12.egg-info
[3.642s] running install_scripts
[3.890s] Installing parking_exe_node script to /home/sy/park_ws/install/parking_exe/lib/parking_exe
[3.890s] writing list of installed files to '/home/sy/park_ws/build/parking_exe/install.log'
[4.010s] Invoked command in '/home/sy/park_ws/src/parking_exe' returned '0': DEBUGINFOD_URLS=https://debuginfod.ubuntu.com PYTHONPATH=/home/sy/park_ws/build/parking_exe/prefix_override:/usr/lib/python3/dist-packages/colcon_core/task/python/colcon_distutils_commands:/home/sy/park_ws/install/parking_exe/lib/python3.12/site-packages:${PYTHONPATH} /usr/bin/python3 -W ignore:setup.py install is deprecated -W ignore:easy_install command is deprecated setup.py egg_info --egg-base ../../build/parking_exe build --build-base /home/sy/park_ws/build/parking_exe/build install --record /home/sy/park_ws/build/parking_exe/install.log --single-version-externally-managed install_data
