running egg_info
creating ../build/parking_management/parking_management.egg-info
writing ../build/parking_management/parking_management.egg-info/PKG-INFO
writing dependency_links to ../build/parking_management/parking_management.egg-info/dependency_links.txt
writing entry points to ../build/parking_management/parking_management.egg-info/entry_points.txt
writing requirements to ../build/parking_management/parking_management.egg-info/requires.txt
writing top-level names to ../build/parking_management/parking_management.egg-info/top_level.txt
writing manifest file '../build/parking_management/parking_management.egg-info/SOURCES.txt'
reading manifest file '../build/parking_management/parking_management.egg-info/SOURCES.txt'
writing manifest file '../build/parking_management/parking_management.egg-info/SOURCES.txt'
running build
running build_py
creating /home/sy/park_ws/build/parking_management/build
creating /home/sy/park_ws/build/parking_management/build/lib
creating /home/sy/park_ws/build/parking_management/build/lib/parking_management
copying parking_management/parking_management.py -> /home/sy/park_ws/build/parking_management/build/lib/parking_management
copying parking_management/__init__.py -> /home/sy/park_ws/build/parking_management/build/lib/parking_management
running install
running install_lib
creating /home/sy/park_ws/install/parking_management/lib/python3.12/site-packages/parking_management
copying /home/sy/park_ws/build/parking_management/build/lib/parking_management/parking_management.py -> /home/sy/park_ws/install/parking_management/lib/python3.12/site-packages/parking_management
copying /home/sy/park_ws/build/parking_management/build/lib/parking_management/__init__.py -> /home/sy/park_ws/install/parking_management/lib/python3.12/site-packages/parking_management
byte-compiling /home/sy/park_ws/install/parking_management/lib/python3.12/site-packages/parking_management/parking_management.py to parking_management.cpython-312.pyc
byte-compiling /home/sy/park_ws/install/parking_management/lib/python3.12/site-packages/parking_management/__init__.py to __init__.cpython-312.pyc
running install_data
creating /home/sy/park_ws/install/parking_management/share/ament_index
creating /home/sy/park_ws/install/parking_management/share/ament_index/resource_index
creating /home/sy/park_ws/install/parking_management/share/ament_index/resource_index/packages
copying resource/parking_management -> /home/sy/park_ws/install/parking_management/share/ament_index/resource_index/packages
copying package.xml -> /home/sy/park_ws/install/parking_management/share/parking_management
creating /home/sy/park_ws/install/parking_management/share/parking_management/launch
copying launch/parking_system.launch.py -> /home/sy/park_ws/install/parking_management/share/parking_management/launch
creating /home/sy/park_ws/install/parking_management/share/parking_management/config
copying config/parking_config.yaml -> /home/sy/park_ws/install/parking_management/share/parking_management/config
running install_egg_info
Copying ../build/parking_management/parking_management.egg-info to /home/sy/park_ws/install/parking_management/lib/python3.12/site-packages/parking_management-1.0.0-py3.12.egg-info
running install_scripts
Installing parking_management script to /home/sy/park_ws/install/parking_management/lib/parking_management
writing list of installed files to '/home/sy/park_ws/build/parking_management/install.log'
