[1.791s] Invoking command in '/home/sy/park_ws/src/parking_exe': DEBUGINFOD_URLS=https://debuginfod.ubuntu.com PYTHONPATH=/home/sy/park_ws/build/parking_exe/prefix_override:/usr/lib/python3/dist-packages/colcon_core/task/python/colcon_distutils_commands:/home/sy/park_ws/install/parking_exe/lib/python3.12/site-packages:${PYTHONPATH} /usr/bin/python3 -W ignore:setup.py install is deprecated -W ignore:easy_install command is deprecated setup.py egg_info --egg-base ../../build/parking_exe build --build-base /home/sy/park_ws/build/parking_exe/build install --record /home/sy/park_ws/build/parking_exe/install.log --single-version-externally-managed install_data
[2.187s] running egg_info
[2.212s] writing ../../build/parking_exe/parking_exe.egg-info/PKG-INFO
[2.260s] writing dependency_links to ../../build/parking_exe/parking_exe.egg-info/dependency_links.txt
[2.261s] writing entry points to ../../build/parking_exe/parking_exe.egg-info/entry_points.txt
[2.264s] writing requirements to ../../build/parking_exe/parking_exe.egg-info/requires.txt
[2.265s] writing top-level names to ../../build/parking_exe/parking_exe.egg-info/top_level.txt
[2.317s] reading manifest file '../../build/parking_exe/parking_exe.egg-info/SOURCES.txt'
[2.319s] writing manifest file '../../build/parking_exe/parking_exe.egg-info/SOURCES.txt'
[2.319s] running build
[2.320s] running build_py
[2.321s] copying parking_exe/alert_dummy.py -> /home/sy/park_ws/build/parking_exe/build/lib/parking_exe
[2.322s] running install
[2.333s] running install_lib
[2.359s] copying /home/sy/park_ws/build/parking_exe/build/lib/parking_exe/alert_dummy.py -> /home/sy/park_ws/install/parking_exe/lib/python3.12/site-packages/parking_exe
[2.360s] byte-compiling /home/sy/park_ws/install/parking_exe/lib/python3.12/site-packages/parking_exe/alert_dummy.py to alert_dummy.cpython-312.pyc
[2.362s] running install_data
[2.363s] running install_egg_info
[2.391s] removing '/home/sy/park_ws/install/parking_exe/lib/python3.12/site-packages/parking_exe-0.0.0-py3.12.egg-info' (and everything under it)
[2.391s] Copying ../../build/parking_exe/parking_exe.egg-info to /home/sy/park_ws/install/parking_exe/lib/python3.12/site-packages/parking_exe-0.0.0-py3.12.egg-info
[2.393s] running install_scripts
[2.601s] Installing parking_exe_node script to /home/sy/park_ws/install/parking_exe/lib/parking_exe
[2.601s] writing list of installed files to '/home/sy/park_ws/build/parking_exe/install.log'
[2.707s] Invoked command in '/home/sy/park_ws/src/parking_exe' returned '0': DEBUGINFOD_URLS=https://debuginfod.ubuntu.com PYTHONPATH=/home/sy/park_ws/build/parking_exe/prefix_override:/usr/lib/python3/dist-packages/colcon_core/task/python/colcon_distutils_commands:/home/sy/park_ws/install/parking_exe/lib/python3.12/site-packages:${PYTHONPATH} /usr/bin/python3 -W ignore:setup.py install is deprecated -W ignore:easy_install command is deprecated setup.py egg_info --egg-base ../../build/parking_exe build --build-base /home/sy/park_ws/build/parking_exe/build install --record /home/sy/park_ws/build/parking_exe/install.log --single-version-externally-managed install_data
