[0.409s] DEBUG:colcon:Command line arguments: ['/usr/bin/colcon', 'build']
[0.409s] DEBUG:colcon:Parsed command line arguments: Namespace(log_base=None, log_level=None, verb_name='build', build_base='build', install_base='install', merge_install=False, symlink_install=False, test_result_base=None, continue_on_error=False, executor='parallel', parallel_workers=4, event_handlers=None, ignore_user_meta=False, metas=['./colcon.meta'], base_paths=['.'], packages_ignore=None, packages_ignore_regex=None, paths=None, packages_up_to=None, packages_up_to_regex=None, packages_above=None, packages_above_and_dependencies=None, packages_above_depth=None, packages_select_by_dep=None, packages_skip_by_dep=None, packages_skip_up_to=None, packages_select_build_failed=False, packages_skip_build_finished=False, packages_select_test_failures=False, packages_skip_test_passed=False, packages_select=None, packages_skip=None, packages_select_regex=None, packages_skip_regex=None, packages_start=None, packages_end=None, allow_overriding=[], cmake_args=None, cmake_target=None, cmake_target_skip_unavailable=False, cmake_clean_cache=False, cmake_clean_first=False, cmake_force_configure=False, ament_cmake_args=None, catkin_cmake_args=None, catkin_skip_building_tests=False, verb_parser=<colcon_defaults.argument_parser.defaults.DefaultArgumentsDecorator object at 0xffff96da32c0>, verb_extension=<colcon_core.verb.build.BuildVerb object at 0xffff96da3110>, main=<bound method BuildVerb.main of <colcon_core.verb.build.BuildVerb object at 0xffff96da3110>>)
[0.571s] Level 1:colcon.colcon_core.package_discovery:discover_packages(colcon_meta) check parameters
[0.572s] Level 1:colcon.colcon_core.package_discovery:discover_packages(recursive) check parameters
[0.572s] Level 1:colcon.colcon_core.package_discovery:discover_packages(ignore) check parameters
[0.572s] Level 1:colcon.colcon_core.package_discovery:discover_packages(path) check parameters
[0.572s] Level 1:colcon.colcon_core.package_discovery:discover_packages(colcon_meta) discover
[0.572s] Level 1:colcon.colcon_core.package_discovery:discover_packages(recursive) discover
[0.572s] INFO:colcon.colcon_core.package_discovery:Crawling recursively for packages in '/home/sy/uwb_ws'
[0.572s] Level 1:colcon.colcon_core.package_identification:_identify(.) by extensions ['ignore', 'ignore_ament_install']
[0.572s] Level 1:colcon.colcon_core.package_identification:_identify(.) by extension 'ignore'
[0.573s] Level 1:colcon.colcon_core.package_identification:_identify(.) by extension 'ignore_ament_install'
[0.573s] Level 1:colcon.colcon_core.package_identification:_identify(.) by extensions ['colcon_pkg']
[0.573s] Level 1:colcon.colcon_core.package_identification:_identify(.) by extension 'colcon_pkg'
[0.573s] Level 1:colcon.colcon_core.package_identification:_identify(.) by extensions ['colcon_meta']
[0.573s] Level 1:colcon.colcon_core.package_identification:_identify(.) by extension 'colcon_meta'
[0.573s] Level 1:colcon.colcon_core.package_identification:_identify(.) by extensions ['ros']
[0.573s] Level 1:colcon.colcon_core.package_identification:_identify(.) by extension 'ros'
[0.687s] Level 1:colcon.colcon_core.package_identification:_identify(.) by extensions ['cmake', 'python']
[0.687s] Level 1:colcon.colcon_core.package_identification:_identify(.) by extension 'cmake'
[0.687s] Level 1:colcon.colcon_core.package_identification:_identify(.) by extension 'python'
[0.687s] Level 1:colcon.colcon_core.package_identification:_identify(.) by extensions ['python_setup_py']
[0.688s] Level 1:colcon.colcon_core.package_identification:_identify(.) by extension 'python_setup_py'
[0.688s] Level 1:colcon.colcon_core.package_identification:_identify(build) by extensions ['ignore', 'ignore_ament_install']
[0.688s] Level 1:colcon.colcon_core.package_identification:_identify(build) by extension 'ignore'
[0.688s] Level 1:colcon.colcon_core.package_identification:_identify(build) ignored
[0.688s] Level 1:colcon.colcon_core.package_identification:_identify(install) by extensions ['ignore', 'ignore_ament_install']
[0.688s] Level 1:colcon.colcon_core.package_identification:_identify(install) by extension 'ignore'
[0.688s] Level 1:colcon.colcon_core.package_identification:_identify(install) ignored
[0.689s] Level 1:colcon.colcon_core.package_identification:_identify(log) by extensions ['ignore', 'ignore_ament_install']
[0.689s] Level 1:colcon.colcon_core.package_identification:_identify(log) by extension 'ignore'
[0.689s] Level 1:colcon.colcon_core.package_identification:_identify(log) ignored
[0.689s] Level 1:colcon.colcon_core.package_identification:_identify(src) by extensions ['ignore', 'ignore_ament_install']
[0.689s] Level 1:colcon.colcon_core.package_identification:_identify(src) by extension 'ignore'
[0.689s] Level 1:colcon.colcon_core.package_identification:_identify(src) by extension 'ignore_ament_install'
[0.689s] Level 1:colcon.colcon_core.package_identification:_identify(src) by extensions ['colcon_pkg']
[0.689s] Level 1:colcon.colcon_core.package_identification:_identify(src) by extension 'colcon_pkg'
[0.689s] Level 1:colcon.colcon_core.package_identification:_identify(src) by extensions ['colcon_meta']
[0.689s] Level 1:colcon.colcon_core.package_identification:_identify(src) by extension 'colcon_meta'
[0.689s] Level 1:colcon.colcon_core.package_identification:_identify(src) by extensions ['ros']
[0.689s] Level 1:colcon.colcon_core.package_identification:_identify(src) by extension 'ros'
[0.689s] Level 1:colcon.colcon_core.package_identification:_identify(src) by extensions ['cmake', 'python']
[0.689s] Level 1:colcon.colcon_core.package_identification:_identify(src) by extension 'cmake'
[0.689s] Level 1:colcon.colcon_core.package_identification:_identify(src) by extension 'python'
[0.690s] Level 1:colcon.colcon_core.package_identification:_identify(src) by extensions ['python_setup_py']
[0.690s] Level 1:colcon.colcon_core.package_identification:_identify(src) by extension 'python_setup_py'
[0.690s] Level 1:colcon.colcon_core.package_identification:_identify(src/uwb_parser) by extensions ['ignore', 'ignore_ament_install']
[0.690s] Level 1:colcon.colcon_core.package_identification:_identify(src/uwb_parser) by extension 'ignore'
[0.690s] Level 1:colcon.colcon_core.package_identification:_identify(src/uwb_parser) by extension 'ignore_ament_install'
[0.690s] Level 1:colcon.colcon_core.package_identification:_identify(src/uwb_parser) by extensions ['colcon_pkg']
[0.690s] Level 1:colcon.colcon_core.package_identification:_identify(src/uwb_parser) by extension 'colcon_pkg'
[0.690s] Level 1:colcon.colcon_core.package_identification:_identify(src/uwb_parser) by extensions ['colcon_meta']
[0.690s] Level 1:colcon.colcon_core.package_identification:_identify(src/uwb_parser) by extension 'colcon_meta'
[0.690s] Level 1:colcon.colcon_core.package_identification:_identify(src/uwb_parser) by extensions ['ros']
[0.690s] Level 1:colcon.colcon_core.package_identification:_identify(src/uwb_parser) by extension 'ros'
[0.698s] DEBUG:colcon.colcon_core.package_identification:Package 'src/uwb_parser' with type 'ros.ament_python' and name 'uwb_parser'
[0.699s] Level 1:colcon.colcon_core.package_identification:_identify(src/uwb_tracking) by extensions ['ignore', 'ignore_ament_install']
[0.699s] Level 1:colcon.colcon_core.package_identification:_identify(src/uwb_tracking) by extension 'ignore'
[0.699s] Level 1:colcon.colcon_core.package_identification:_identify(src/uwb_tracking) by extension 'ignore_ament_install'
[0.699s] Level 1:colcon.colcon_core.package_identification:_identify(src/uwb_tracking) by extensions ['colcon_pkg']
[0.699s] Level 1:colcon.colcon_core.package_identification:_identify(src/uwb_tracking) by extension 'colcon_pkg'
[0.699s] Level 1:colcon.colcon_core.package_identification:_identify(src/uwb_tracking) by extensions ['colcon_meta']
[0.699s] Level 1:colcon.colcon_core.package_identification:_identify(src/uwb_tracking) by extension 'colcon_meta'
[0.699s] Level 1:colcon.colcon_core.package_identification:_identify(src/uwb_tracking) by extensions ['ros']
[0.699s] Level 1:colcon.colcon_core.package_identification:_identify(src/uwb_tracking) by extension 'ros'
[0.702s] DEBUG:colcon.colcon_core.package_identification:Package 'src/uwb_tracking' with type 'ros.ament_python' and name 'uwb_tracking'
[0.702s] Level 1:colcon.colcon_core.package_discovery:discover_packages(recursive) using defaults
[0.702s] Level 1:colcon.colcon_core.package_discovery:discover_packages(ignore) discover
[0.702s] Level 1:colcon.colcon_core.package_discovery:discover_packages(ignore) using defaults
[0.702s] Level 1:colcon.colcon_core.package_discovery:discover_packages(path) discover
[0.702s] Level 1:colcon.colcon_core.package_discovery:discover_packages(path) using defaults
[0.823s] Level 1:colcon.colcon_core.package_discovery:discover_packages(prefix_path) check parameters
[0.823s] Level 1:colcon.colcon_core.package_discovery:discover_packages(prefix_path) discover
[0.852s] DEBUG:colcon.colcon_installed_package_information.package_discovery:Found 2 installed packages in /home/sy/uwb_ws/install
[0.856s] DEBUG:colcon.colcon_installed_package_information.package_discovery:Found 0 installed packages in /home/sy/dev_ws/install
[0.857s] DEBUG:colcon.colcon_installed_package_information.package_discovery:Found 1 installed packages in /home/sy/microros_ws/install
[0.858s] DEBUG:colcon.colcon_installed_package_information.package_discovery:Found 2 installed packages in /home/sy/park_ws/install
[0.861s] DEBUG:colcon.colcon_installed_package_information.package_discovery:Found 337 installed packages in /opt/ros/jazzy
[0.863s] Level 1:colcon.colcon_core.package_discovery:discover_packages(prefix_path) using defaults
[0.949s] Level 5:colcon.colcon_core.verb:set package 'uwb_parser' build argument 'cmake_args' from command line to 'None'
[0.949s] Level 5:colcon.colcon_core.verb:set package 'uwb_parser' build argument 'cmake_target' from command line to 'None'
[0.949s] Level 5:colcon.colcon_core.verb:set package 'uwb_parser' build argument 'cmake_target_skip_unavailable' from command line to 'False'
[0.949s] Level 5:colcon.colcon_core.verb:set package 'uwb_parser' build argument 'cmake_clean_cache' from command line to 'False'
[0.949s] Level 5:colcon.colcon_core.verb:set package 'uwb_parser' build argument 'cmake_clean_first' from command line to 'False'
[0.949s] Level 5:colcon.colcon_core.verb:set package 'uwb_parser' build argument 'cmake_force_configure' from command line to 'False'
[0.949s] Level 5:colcon.colcon_core.verb:set package 'uwb_parser' build argument 'ament_cmake_args' from command line to 'None'
[0.949s] Level 5:colcon.colcon_core.verb:set package 'uwb_parser' build argument 'catkin_cmake_args' from command line to 'None'
[0.949s] Level 5:colcon.colcon_core.verb:set package 'uwb_parser' build argument 'catkin_skip_building_tests' from command line to 'False'
[0.949s] DEBUG:colcon.colcon_core.verb:Building package 'uwb_parser' with the following arguments: {'ament_cmake_args': None, 'build_base': '/home/sy/uwb_ws/build/uwb_parser', 'catkin_cmake_args': None, 'catkin_skip_building_tests': False, 'cmake_args': None, 'cmake_clean_cache': False, 'cmake_clean_first': False, 'cmake_force_configure': False, 'cmake_target': None, 'cmake_target_skip_unavailable': False, 'install_base': '/home/sy/uwb_ws/install/uwb_parser', 'merge_install': False, 'path': '/home/sy/uwb_ws/src/uwb_parser', 'symlink_install': False, 'test_result_base': None}
[0.950s] Level 5:colcon.colcon_core.verb:set package 'uwb_tracking' build argument 'cmake_args' from command line to 'None'
[0.950s] Level 5:colcon.colcon_core.verb:set package 'uwb_tracking' build argument 'cmake_target' from command line to 'None'
[0.950s] Level 5:colcon.colcon_core.verb:set package 'uwb_tracking' build argument 'cmake_target_skip_unavailable' from command line to 'False'
[0.950s] Level 5:colcon.colcon_core.verb:set package 'uwb_tracking' build argument 'cmake_clean_cache' from command line to 'False'
[0.950s] Level 5:colcon.colcon_core.verb:set package 'uwb_tracking' build argument 'cmake_clean_first' from command line to 'False'
[0.950s] Level 5:colcon.colcon_core.verb:set package 'uwb_tracking' build argument 'cmake_force_configure' from command line to 'False'
[0.950s] Level 5:colcon.colcon_core.verb:set package 'uwb_tracking' build argument 'ament_cmake_args' from command line to 'None'
[0.950s] Level 5:colcon.colcon_core.verb:set package 'uwb_tracking' build argument 'catkin_cmake_args' from command line to 'None'
[0.950s] Level 5:colcon.colcon_core.verb:set package 'uwb_tracking' build argument 'catkin_skip_building_tests' from command line to 'False'
[0.950s] DEBUG:colcon.colcon_core.verb:Building package 'uwb_tracking' with the following arguments: {'ament_cmake_args': None, 'build_base': '/home/sy/uwb_ws/build/uwb_tracking', 'catkin_cmake_args': None, 'catkin_skip_building_tests': False, 'cmake_args': None, 'cmake_clean_cache': False, 'cmake_clean_first': False, 'cmake_force_configure': False, 'cmake_target': None, 'cmake_target_skip_unavailable': False, 'install_base': '/home/sy/uwb_ws/install/uwb_tracking', 'merge_install': False, 'path': '/home/sy/uwb_ws/src/uwb_tracking', 'symlink_install': False, 'test_result_base': None}
[0.950s] INFO:colcon.colcon_core.executor:Executing jobs using 'parallel' executor
[0.952s] DEBUG:colcon.colcon_parallel_executor.executor.parallel:run_until_complete
[0.952s] INFO:colcon.colcon_ros.task.ament_python.build:Building ROS package in '/home/sy/uwb_ws/src/uwb_parser' with build type 'ament_python'
[0.953s] Level 1:colcon.colcon_core.shell:create_environment_hook('uwb_parser', 'ament_prefix_path')
[0.976s] INFO:colcon.colcon_core.plugin_system:Skipping extension 'colcon_core.shell.bat': Not used on non-Windows systems
[0.976s] INFO:colcon.colcon_core.shell:Creating environment hook '/home/sy/uwb_ws/install/uwb_parser/share/uwb_parser/hook/ament_prefix_path.ps1'
[0.977s] INFO:colcon.colcon_core.shell:Creating environment descriptor '/home/sy/uwb_ws/install/uwb_parser/share/uwb_parser/hook/ament_prefix_path.dsv'
[0.979s] INFO:colcon.colcon_core.shell:Creating environment hook '/home/sy/uwb_ws/install/uwb_parser/share/uwb_parser/hook/ament_prefix_path.sh'
[0.981s] INFO:colcon.colcon_core.shell:Skip shell extension 'powershell' for command environment: Not usable outside of PowerShell
[0.982s] DEBUG:colcon.colcon_core.shell:Skip shell extension 'dsv' for command environment
[0.991s] INFO:colcon.colcon_ros.task.ament_python.build:Building ROS package in '/home/sy/uwb_ws/src/uwb_tracking' with build type 'ament_python'
[0.991s] Level 1:colcon.colcon_core.shell:create_environment_hook('uwb_tracking', 'ament_prefix_path')
[0.991s] INFO:colcon.colcon_core.shell:Creating environment hook '/home/sy/uwb_ws/install/uwb_tracking/share/uwb_tracking/hook/ament_prefix_path.ps1'
[0.993s] INFO:colcon.colcon_core.shell:Creating environment descriptor '/home/sy/uwb_ws/install/uwb_tracking/share/uwb_tracking/hook/ament_prefix_path.dsv'
[0.994s] INFO:colcon.colcon_core.shell:Creating environment hook '/home/sy/uwb_ws/install/uwb_tracking/share/uwb_tracking/hook/ament_prefix_path.sh'
[0.995s] INFO:colcon.colcon_core.shell:Skip shell extension 'powershell' for command environment: Not usable outside of PowerShell
[0.996s] DEBUG:colcon.colcon_core.shell:Skip shell extension 'dsv' for command environment
[1.484s] INFO:colcon.colcon_core.task.python.build:Building Python package in '/home/sy/uwb_ws/src/uwb_parser'
[1.485s] INFO:colcon.colcon_core.shell:Skip shell extension 'powershell' for command environment: Not usable outside of PowerShell
[1.485s] DEBUG:colcon.colcon_core.shell:Skip shell extension 'dsv' for command environment
[1.832s] INFO:colcon.colcon_core.task.python.build:Building Python package in '/home/sy/uwb_ws/src/uwb_tracking'
[1.833s] INFO:colcon.colcon_core.shell:Skip shell extension 'powershell' for command environment: Not usable outside of PowerShell
[1.833s] DEBUG:colcon.colcon_core.shell:Skip shell extension 'dsv' for command environment
[4.334s] DEBUG:colcon.colcon_core.event_handler.log_command:Invoking command in '/home/sy/uwb_ws/src/uwb_parser': DEBUGINFOD_URLS=https://debuginfod.ubuntu.com PYTHONPATH=/home/sy/uwb_ws/build/uwb_parser/prefix_override:/usr/lib/python3/dist-packages/colcon_core/task/python/colcon_distutils_commands:/home/sy/uwb_ws/install/uwb_parser/lib/python3.12/site-packages:${PYTHONPATH} /usr/bin/python3 -W ignore:setup.py install is deprecated -W ignore:easy_install command is deprecated setup.py egg_info --egg-base ../../build/uwb_parser build --build-base /home/sy/uwb_ws/build/uwb_parser/build install --record /home/sy/uwb_ws/build/uwb_parser/install.log --single-version-externally-managed install_data
[4.339s] DEBUG:colcon.colcon_core.event_handler.log_command:Invoking command in '/home/sy/uwb_ws/src/uwb_tracking': DEBUGINFOD_URLS=https://debuginfod.ubuntu.com PYTHONPATH=/home/sy/uwb_ws/build/uwb_tracking/prefix_override:/usr/lib/python3/dist-packages/colcon_core/task/python/colcon_distutils_commands:/home/sy/uwb_ws/install/uwb_tracking/lib/python3.12/site-packages:${PYTHONPATH} /usr/bin/python3 -W ignore:setup.py install is deprecated -W ignore:easy_install command is deprecated setup.py egg_info --egg-base ../../build/uwb_tracking build --build-base /home/sy/uwb_ws/build/uwb_tracking/build install --record /home/sy/uwb_ws/build/uwb_tracking/install.log --single-version-externally-managed install_data
[5.201s] DEBUG:colcon.colcon_core.event_handler.log_command:Invoked command in '/home/sy/uwb_ws/src/uwb_tracking' returned '0': DEBUGINFOD_URLS=https://debuginfod.ubuntu.com PYTHONPATH=/home/sy/uwb_ws/build/uwb_tracking/prefix_override:/usr/lib/python3/dist-packages/colcon_core/task/python/colcon_distutils_commands:/home/sy/uwb_ws/install/uwb_tracking/lib/python3.12/site-packages:${PYTHONPATH} /usr/bin/python3 -W ignore:setup.py install is deprecated -W ignore:easy_install command is deprecated setup.py egg_info --egg-base ../../build/uwb_tracking build --build-base /home/sy/uwb_ws/build/uwb_tracking/build install --record /home/sy/uwb_ws/build/uwb_tracking/install.log --single-version-externally-managed install_data
[5.232s] Level 1:colcon.colcon_core.environment:checking '/home/sy/uwb_ws/install/uwb_tracking' for CMake module files
[5.233s] Level 1:colcon.colcon_core.environment:checking '/home/sy/uwb_ws/install/uwb_tracking' for CMake config files
[5.234s] Level 1:colcon.colcon_core.environment:checking '/home/sy/uwb_ws/install/uwb_tracking/lib'
[5.234s] Level 1:colcon.colcon_core.environment:checking '/home/sy/uwb_ws/install/uwb_tracking/bin'
[5.234s] Level 1:colcon.colcon_core.environment:checking '/home/sy/uwb_ws/install/uwb_tracking/lib/pkgconfig/uwb_tracking.pc'
[5.235s] Level 1:colcon.colcon_core.environment:checking '/home/sy/uwb_ws/install/uwb_tracking/lib/python3.12/site-packages'
[5.235s] Level 1:colcon.colcon_core.shell:create_environment_hook('uwb_tracking', 'pythonpath')
[5.235s] INFO:colcon.colcon_core.shell:Creating environment hook '/home/sy/uwb_ws/install/uwb_tracking/share/uwb_tracking/hook/pythonpath.ps1'
[5.236s] INFO:colcon.colcon_core.shell:Creating environment descriptor '/home/sy/uwb_ws/install/uwb_tracking/share/uwb_tracking/hook/pythonpath.dsv'
[5.237s] INFO:colcon.colcon_core.shell:Creating environment hook '/home/sy/uwb_ws/install/uwb_tracking/share/uwb_tracking/hook/pythonpath.sh'
[5.239s] Level 1:colcon.colcon_core.environment:checking '/home/sy/uwb_ws/install/uwb_tracking/bin'
[5.239s] Level 1:colcon.colcon_core.environment:create_environment_scripts_only(uwb_tracking)
[5.239s] INFO:colcon.colcon_core.shell:Creating package script '/home/sy/uwb_ws/install/uwb_tracking/share/uwb_tracking/package.ps1'
[5.241s] INFO:colcon.colcon_core.shell:Creating package descriptor '/home/sy/uwb_ws/install/uwb_tracking/share/uwb_tracking/package.dsv'
[5.243s] INFO:colcon.colcon_core.shell:Creating package script '/home/sy/uwb_ws/install/uwb_tracking/share/uwb_tracking/package.sh'
[5.245s] INFO:colcon.colcon_core.shell:Creating package script '/home/sy/uwb_ws/install/uwb_tracking/share/uwb_tracking/package.bash'
[5.248s] INFO:colcon.colcon_core.shell:Creating package script '/home/sy/uwb_ws/install/uwb_tracking/share/uwb_tracking/package.zsh'
[5.250s] Level 1:colcon.colcon_core.environment:create_file_with_runtime_dependencies(/home/sy/uwb_ws/install/uwb_tracking/share/colcon-core/packages/uwb_tracking)
[5.253s] Level 1:colcon.colcon_core.environment:checking '/home/sy/uwb_ws/install/uwb_parser' for CMake module files
[5.254s] Level 1:colcon.colcon_core.environment:checking '/home/sy/uwb_ws/install/uwb_parser' for CMake config files
[5.255s] DEBUG:colcon.colcon_core.event_handler.log_command:Invoked command in '/home/sy/uwb_ws/src/uwb_parser' returned '0': DEBUGINFOD_URLS=https://debuginfod.ubuntu.com PYTHONPATH=/home/sy/uwb_ws/build/uwb_parser/prefix_override:/usr/lib/python3/dist-packages/colcon_core/task/python/colcon_distutils_commands:/home/sy/uwb_ws/install/uwb_parser/lib/python3.12/site-packages:${PYTHONPATH} /usr/bin/python3 -W ignore:setup.py install is deprecated -W ignore:easy_install command is deprecated setup.py egg_info --egg-base ../../build/uwb_parser build --build-base /home/sy/uwb_ws/build/uwb_parser/build install --record /home/sy/uwb_ws/build/uwb_parser/install.log --single-version-externally-managed install_data
[5.256s] Level 1:colcon.colcon_core.environment:checking '/home/sy/uwb_ws/install/uwb_parser/lib'
[5.257s] Level 1:colcon.colcon_core.environment:checking '/home/sy/uwb_ws/install/uwb_parser/bin'
[5.257s] Level 1:colcon.colcon_core.environment:checking '/home/sy/uwb_ws/install/uwb_parser/lib/pkgconfig/uwb_parser.pc'
[5.257s] Level 1:colcon.colcon_core.environment:checking '/home/sy/uwb_ws/install/uwb_parser/lib/python3.12/site-packages'
[5.257s] Level 1:colcon.colcon_core.shell:create_environment_hook('uwb_parser', 'pythonpath')
[5.258s] INFO:colcon.colcon_core.shell:Creating environment hook '/home/sy/uwb_ws/install/uwb_parser/share/uwb_parser/hook/pythonpath.ps1'
[5.259s] INFO:colcon.colcon_core.shell:Creating environment descriptor '/home/sy/uwb_ws/install/uwb_parser/share/uwb_parser/hook/pythonpath.dsv'
[5.260s] INFO:colcon.colcon_core.shell:Creating environment hook '/home/sy/uwb_ws/install/uwb_parser/share/uwb_parser/hook/pythonpath.sh'
[5.261s] Level 1:colcon.colcon_core.environment:checking '/home/sy/uwb_ws/install/uwb_parser/bin'
[5.262s] Level 1:colcon.colcon_core.environment:create_environment_scripts_only(uwb_parser)
[5.262s] INFO:colcon.colcon_core.shell:Creating package script '/home/sy/uwb_ws/install/uwb_parser/share/uwb_parser/package.ps1'
[5.263s] INFO:colcon.colcon_core.shell:Creating package descriptor '/home/sy/uwb_ws/install/uwb_parser/share/uwb_parser/package.dsv'
[5.265s] INFO:colcon.colcon_core.shell:Creating package script '/home/sy/uwb_ws/install/uwb_parser/share/uwb_parser/package.sh'
[5.266s] INFO:colcon.colcon_core.shell:Creating package script '/home/sy/uwb_ws/install/uwb_parser/share/uwb_parser/package.bash'
[5.268s] INFO:colcon.colcon_core.shell:Creating package script '/home/sy/uwb_ws/install/uwb_parser/share/uwb_parser/package.zsh'
[5.269s] Level 1:colcon.colcon_core.environment:create_file_with_runtime_dependencies(/home/sy/uwb_ws/install/uwb_parser/share/colcon-core/packages/uwb_parser)
[5.272s] DEBUG:colcon.colcon_parallel_executor.executor.parallel:closing loop
[5.273s] DEBUG:colcon.colcon_parallel_executor.executor.parallel:loop closed
[5.274s] DEBUG:colcon.colcon_parallel_executor.executor.parallel:run_until_complete finished with '0'
[5.274s] DEBUG:colcon.colcon_core.event_reactor:joining thread
[5.318s] INFO:colcon.colcon_core.plugin_system:Skipping extension 'colcon_notification.desktop_notification.terminal_notifier': Not used on non-Darwin systems
[5.318s] INFO:colcon.colcon_core.plugin_system:Skipping extension 'colcon_notification.desktop_notification.win32': Not used on non-Windows systems
[5.318s] INFO:colcon.colcon_notification.desktop_notification:Sending desktop notification using 'notify2'
[5.348s] DEBUG:colcon.colcon_core.event_reactor:joined thread
[5.349s] INFO:colcon.colcon_core.shell:Creating prefix script '/home/sy/uwb_ws/install/local_setup.ps1'
[5.360s] INFO:colcon.colcon_core.shell:Creating prefix util module '/home/sy/uwb_ws/install/_local_setup_util_ps1.py'
[5.365s] INFO:colcon.colcon_core.shell:Creating prefix chain script '/home/sy/uwb_ws/install/setup.ps1'
[5.369s] INFO:colcon.colcon_core.shell:Creating prefix script '/home/sy/uwb_ws/install/local_setup.sh'
[5.371s] INFO:colcon.colcon_core.shell:Creating prefix util module '/home/sy/uwb_ws/install/_local_setup_util_sh.py'
[5.395s] INFO:colcon.colcon_core.shell:Creating prefix chain script '/home/sy/uwb_ws/install/setup.sh'
[5.401s] INFO:colcon.colcon_core.shell:Creating prefix script '/home/sy/uwb_ws/install/local_setup.bash'
[5.406s] INFO:colcon.colcon_core.shell:Creating prefix chain script '/home/sy/uwb_ws/install/setup.bash'
[5.411s] INFO:colcon.colcon_core.shell:Creating prefix script '/home/sy/uwb_ws/install/local_setup.zsh'
[5.413s] INFO:colcon.colcon_core.shell:Creating prefix chain script '/home/sy/uwb_ws/install/setup.zsh'
