[1.791s] Invoking command in '/home/sy/uwb_ws/src/uwb_parser': DEBUGINFOD_URLS=https://debuginfod.ubuntu.com PYTHONPATH=/home/sy/uwb_ws/build/uwb_parser/prefix_override:/usr/lib/python3/dist-packages/colcon_core/task/python/colcon_distutils_commands:/home/sy/uwb_ws/install/uwb_parser/lib/python3.12/site-packages:${PYTHONPATH} /usr/bin/python3 -W ignore:setup.py install is deprecated -W ignore:easy_install command is deprecated setup.py egg_info --egg-base ../../build/uwb_parser build --build-base /home/sy/uwb_ws/build/uwb_parser/build install --record /home/sy/uwb_ws/build/uwb_parser/install.log --single-version-externally-managed install_data
[2.256s] running egg_info
[2.293s] writing ../../build/uwb_parser/uwb_parser.egg-info/PKG-INFO
[2.294s] writing dependency_links to ../../build/uwb_parser/uwb_parser.egg-info/dependency_links.txt
[2.301s] writing entry points to ../../build/uwb_parser/uwb_parser.egg-info/entry_points.txt
[2.301s] writing requirements to ../../build/uwb_parser/uwb_parser.egg-info/requires.txt
[2.302s] writing top-level names to ../../build/uwb_parser/uwb_parser.egg-info/top_level.txt
[2.365s] reading manifest file '../../build/uwb_parser/uwb_parser.egg-info/SOURCES.txt'
[2.366s] writing manifest file '../../build/uwb_parser/uwb_parser.egg-info/SOURCES.txt'
[2.366s] running build
[2.366s] running build_py
[2.366s] copying uwb_parser/uwb_coordinate_parser.py -> /home/sy/uwb_ws/build/uwb_parser/build/lib/uwb_parser
[2.367s] running install
[2.377s] running install_lib
[2.405s] copying /home/sy/uwb_ws/build/uwb_parser/build/lib/uwb_parser/uwb_coordinate_parser.py -> /home/sy/uwb_ws/install/uwb_parser/lib/python3.12/site-packages/uwb_parser
[2.406s] byte-compiling /home/sy/uwb_ws/install/uwb_parser/lib/python3.12/site-packages/uwb_parser/uwb_coordinate_parser.py to uwb_coordinate_parser.cpython-312.pyc
[2.408s] running install_data
[2.409s] running install_egg_info
[2.441s] removing '/home/sy/uwb_ws/install/uwb_parser/lib/python3.12/site-packages/uwb_parser-0.0.0-py3.12.egg-info' (and everything under it)
[2.444s] Copying ../../build/uwb_parser/uwb_parser.egg-info to /home/sy/uwb_ws/install/uwb_parser/lib/python3.12/site-packages/uwb_parser-0.0.0-py3.12.egg-info
[2.446s] running install_scripts
[2.656s] Installing uwb_coordinate_parser script to /home/sy/uwb_ws/install/uwb_parser/lib/uwb_parser
[2.656s] writing list of installed files to '/home/sy/uwb_ws/build/uwb_parser/install.log'
[2.800s] Invoked command in '/home/sy/uwb_ws/src/uwb_parser' returned '0': DEBUGINFOD_URLS=https://debuginfod.ubuntu.com PYTHONPATH=/home/sy/uwb_ws/build/uwb_parser/prefix_override:/usr/lib/python3/dist-packages/colcon_core/task/python/colcon_distutils_commands:/home/sy/uwb_ws/install/uwb_parser/lib/python3.12/site-packages:${PYTHONPATH} /usr/bin/python3 -W ignore:setup.py install is deprecated -W ignore:easy_install command is deprecated setup.py egg_info --egg-base ../../build/uwb_parser build --build-base /home/sy/uwb_ws/build/uwb_parser/build install --record /home/sy/uwb_ws/build/uwb_parser/install.log --single-version-externally-managed install_data
