[3.348s] Invoking command in '/home/sy/park_ws/src/parking_exe': DEBUGINFOD_URLS=https://debuginfod.ubuntu.com PYTHONPATH=/home/sy/park_ws/build/parking_exe/prefix_override:/usr/lib/python3/dist-packages/colcon_core/task/python/colcon_distutils_commands:/home/sy/park_ws/install/parking_exe/lib/python3.12/site-packages:${PYTHONPATH} /usr/bin/python3 -W ignore:setup.py install is deprecated -W ignore:easy_install command is deprecated setup.py egg_info --egg-base ../../build/parking_exe build --build-base /home/sy/park_ws/build/parking_exe/build install --record /home/sy/park_ws/build/parking_exe/install.log --single-version-externally-managed install_data
[3.996s] running egg_info
[3.997s] creating ../../build/parking_exe/parking_exe.egg-info
[4.025s] writing ../../build/parking_exe/parking_exe.egg-info/PKG-INFO
[4.027s] writing dependency_links to ../../build/parking_exe/parking_exe.egg-info/dependency_links.txt
[4.027s] writing entry points to ../../build/parking_exe/parking_exe.egg-info/entry_points.txt
[4.028s] writing requirements to ../../build/parking_exe/parking_exe.egg-info/requires.txt
[4.028s] writing top-level names to ../../build/parking_exe/parking_exe.egg-info/top_level.txt
[4.029s] writing manifest file '../../build/parking_exe/parking_exe.egg-info/SOURCES.txt'
[4.104s] reading manifest file '../../build/parking_exe/parking_exe.egg-info/SOURCES.txt'
[4.105s] writing manifest file '../../build/parking_exe/parking_exe.egg-info/SOURCES.txt'
[4.105s] running build
[4.106s] running build_py
[4.106s] creating /home/sy/park_ws/build/parking_exe/build
[4.107s] creating /home/sy/park_ws/build/parking_exe/build/lib
[4.107s] creating /home/sy/park_ws/build/parking_exe/build/lib/parking_exe
[4.107s] copying parking_exe/parking_exe.py -> /home/sy/park_ws/build/parking_exe/build/lib/parking_exe
[4.107s] copying parking_exe/__init__.py -> /home/sy/park_ws/build/parking_exe/build/lib/parking_exe
[4.109s] running install
[4.119s] running install_lib
[4.148s] creating /home/sy/park_ws/install/parking_exe/lib/python3.12/site-packages/parking_exe
[4.149s] copying /home/sy/park_ws/build/parking_exe/build/lib/parking_exe/parking_exe.py -> /home/sy/park_ws/install/parking_exe/lib/python3.12/site-packages/parking_exe
[4.149s] copying /home/sy/park_ws/build/parking_exe/build/lib/parking_exe/__init__.py -> /home/sy/park_ws/install/parking_exe/lib/python3.12/site-packages/parking_exe
[4.150s] byte-compiling /home/sy/park_ws/install/parking_exe/lib/python3.12/site-packages/parking_exe/parking_exe.py to parking_exe.cpython-312.pyc
[4.165s] byte-compiling /home/sy/park_ws/install/parking_exe/lib/python3.12/site-packages/parking_exe/__init__.py to __init__.cpython-312.pyc
[4.165s] running install_data
[4.166s] creating /home/sy/park_ws/install/parking_exe/share/ament_index
[4.166s] creating /home/sy/park_ws/install/parking_exe/share/ament_index/resource_index
[4.166s] creating /home/sy/park_ws/install/parking_exe/share/ament_index/resource_index/packages
[4.166s] copying resource/parking_exe -> /home/sy/park_ws/install/parking_exe/share/ament_index/resource_index/packages
[4.166s] copying package.xml -> /home/sy/park_ws/install/parking_exe/share/parking_exe
[4.166s] creating /home/sy/park_ws/install/parking_exe/share/parking_exe/launch
[4.166s] copying launch/parking_exe.launch.py -> /home/sy/park_ws/install/parking_exe/share/parking_exe/launch
[4.166s] running install_egg_info
[4.217s] Copying ../../build/parking_exe/parking_exe.egg-info to /home/sy/park_ws/install/parking_exe/lib/python3.12/site-packages/parking_exe-0.0.0-py3.12.egg-info
[4.221s] running install_scripts
[4.535s] Installing parking_exe_node script to /home/sy/park_ws/install/parking_exe/lib/parking_exe
[4.536s] writing list of installed files to '/home/sy/park_ws/build/parking_exe/install.log'
[4.691s] Invoked command in '/home/sy/park_ws/src/parking_exe' returned '0': DEBUGINFOD_URLS=https://debuginfod.ubuntu.com PYTHONPATH=/home/sy/park_ws/build/parking_exe/prefix_override:/usr/lib/python3/dist-packages/colcon_core/task/python/colcon_distutils_commands:/home/sy/park_ws/install/parking_exe/lib/python3.12/site-packages:${PYTHONPATH} /usr/bin/python3 -W ignore:setup.py install is deprecated -W ignore:easy_install command is deprecated setup.py egg_info --egg-base ../../build/parking_exe build --build-base /home/sy/park_ws/build/parking_exe/build install --record /home/sy/park_ws/build/parking_exe/install.log --single-version-externally-managed install_data
