[2.861s] Invoking command in '/home/sy/park_ws/src/parking_management': DEBUGINFOD_URLS=https://debuginfod.ubuntu.com PYTHONPATH=/home/sy/park_ws/build/parking_management/prefix_override:/usr/lib/python3/dist-packages/colcon_core/task/python/colcon_distutils_commands:/home/sy/park_ws/install/parking_management/lib/python3.12/site-packages:${PYTHONPATH} /usr/bin/python3 -W ignore:setup.py install is deprecated -W ignore:easy_install command is deprecated setup.py egg_info --egg-base ../../build/parking_management build --build-base /home/sy/park_ws/build/parking_management/build install --record /home/sy/park_ws/build/parking_management/install.log --single-version-externally-managed install_data
[3.372s] running egg_info
[3.372s] creating ../../build/parking_management/parking_management.egg-info
[3.402s] writing ../../build/parking_management/parking_management.egg-info/PKG-INFO
[3.405s] writing dependency_links to ../../build/parking_management/parking_management.egg-info/dependency_links.txt
[3.406s] writing entry points to ../../build/parking_management/parking_management.egg-info/entry_points.txt
[3.407s] writing requirements to ../../build/parking_management/parking_management.egg-info/requires.txt
[3.407s] writing top-level names to ../../build/parking_management/parking_management.egg-info/top_level.txt
[3.409s] writing manifest file '../../build/parking_management/parking_management.egg-info/SOURCES.txt'
[3.468s] reading manifest file '../../build/parking_management/parking_management.egg-info/SOURCES.txt'
[3.469s] writing manifest file '../../build/parking_management/parking_management.egg-info/SOURCES.txt'
[3.470s] running build
[3.470s] running build_py
[3.471s] creating /home/sy/park_ws/build/parking_management/build
[3.471s] creating /home/sy/park_ws/build/parking_management/build/lib
[3.472s] creating /home/sy/park_ws/build/parking_management/build/lib/parking_management
[3.472s] copying parking_management/parking_management.py -> /home/sy/park_ws/build/parking_management/build/lib/parking_management
[3.473s] copying parking_management/__init__.py -> /home/sy/park_ws/build/parking_management/build/lib/parking_management
[3.474s] running install
[3.494s] running install_lib
[3.532s] creating /home/sy/park_ws/install/parking_management/lib/python3.12/site-packages/parking_management
[3.534s] copying /home/sy/park_ws/build/parking_management/build/lib/parking_management/parking_management.py -> /home/sy/park_ws/install/parking_management/lib/python3.12/site-packages/parking_management
[3.535s] copying /home/sy/park_ws/build/parking_management/build/lib/parking_management/__init__.py -> /home/sy/park_ws/install/parking_management/lib/python3.12/site-packages/parking_management
[3.537s] byte-compiling /home/sy/park_ws/install/parking_management/lib/python3.12/site-packages/parking_management/parking_management.py to parking_management.cpython-312.pyc
[3.548s] byte-compiling /home/sy/park_ws/install/parking_management/lib/python3.12/site-packages/parking_management/__init__.py to __init__.cpython-312.pyc
[3.550s] running install_data
[3.552s] creating /home/sy/park_ws/install/parking_management/share/ament_index
[3.552s] creating /home/sy/park_ws/install/parking_management/share/ament_index/resource_index
[3.553s] creating /home/sy/park_ws/install/parking_management/share/ament_index/resource_index/packages
[3.553s] copying resource/parking_management -> /home/sy/park_ws/install/parking_management/share/ament_index/resource_index/packages
[3.553s] copying package.xml -> /home/sy/park_ws/install/parking_management/share/parking_management
[3.554s] creating /home/sy/park_ws/install/parking_management/share/parking_management/launch
[3.554s] copying launch/parking_system.launch.py -> /home/sy/park_ws/install/parking_management/share/parking_management/launch
[3.555s] creating /home/sy/park_ws/install/parking_management/share/parking_management/config
[3.557s] copying config/parking_config.yaml -> /home/sy/park_ws/install/parking_management/share/parking_management/config
[3.563s] running install_egg_info
[3.628s] Copying ../../build/parking_management/parking_management.egg-info to /home/sy/park_ws/install/parking_management/lib/python3.12/site-packages/parking_management-1.0.0-py3.12.egg-info
[3.632s] running install_scripts
[3.844s] Installing parking_management script to /home/sy/park_ws/install/parking_management/lib/parking_management
[3.845s] writing list of installed files to '/home/sy/park_ws/build/parking_management/install.log'
[3.936s] Invoked command in '/home/sy/park_ws/src/parking_management' returned '0': DEBUGINFOD_URLS=https://debuginfod.ubuntu.com PYTHONPATH=/home/sy/park_ws/build/parking_management/prefix_override:/usr/lib/python3/dist-packages/colcon_core/task/python/colcon_distutils_commands:/home/sy/park_ws/install/parking_management/lib/python3.12/site-packages:${PYTHONPATH} /usr/bin/python3 -W ignore:setup.py install is deprecated -W ignore:easy_install command is deprecated setup.py egg_info --egg-base ../../build/parking_management build --build-base /home/sy/park_ws/build/parking_management/build install --record /home/sy/park_ws/build/parking_management/install.log --single-version-externally-managed install_data
