[1.025s] DEBUG:colcon:Command line arguments: ['/usr/bin/colcon', 'build']
[1.025s] DEBUG:colcon:Parsed command line arguments: Namespace(log_base=None, log_level=None, verb_name='build', build_base='build', install_base='install', merge_install=False, symlink_install=False, test_result_base=None, continue_on_error=False, executor='parallel', parallel_workers=4, event_handlers=None, ignore_user_meta=False, metas=['./colcon.meta'], base_paths=['.'], packages_ignore=None, packages_ignore_regex=None, paths=None, packages_up_to=None, packages_up_to_regex=None, packages_above=None, packages_above_and_dependencies=None, packages_above_depth=None, packages_select_by_dep=None, packages_skip_by_dep=None, packages_skip_up_to=None, packages_select_build_failed=False, packages_skip_build_finished=False, packages_select_test_failures=False, packages_skip_test_passed=False, packages_select=None, packages_skip=None, packages_select_regex=None, packages_skip_regex=None, packages_start=None, packages_end=None, allow_overriding=[], cmake_args=None, cmake_target=None, cmake_target_skip_unavailable=False, cmake_clean_cache=False, cmake_clean_first=False, cmake_force_configure=False, ament_cmake_args=None, catkin_cmake_args=None, catkin_skip_building_tests=False, verb_parser=<colcon_defaults.argument_parser.defaults.DefaultArgumentsDecorator object at 0xffff8fcea750>, verb_extension=<colcon_core.verb.build.BuildVerb object at 0xffff8fcea690>, main=<bound method BuildVerb.main of <colcon_core.verb.build.BuildVerb object at 0xffff8fcea690>>)
[1.194s] Level 1:colcon.colcon_core.package_discovery:discover_packages(colcon_meta) check parameters
[1.194s] Level 1:colcon.colcon_core.package_discovery:discover_packages(recursive) check parameters
[1.194s] Level 1:colcon.colcon_core.package_discovery:discover_packages(ignore) check parameters
[1.194s] Level 1:colcon.colcon_core.package_discovery:discover_packages(path) check parameters
[1.194s] Level 1:colcon.colcon_core.package_discovery:discover_packages(colcon_meta) discover
[1.194s] Level 1:colcon.colcon_core.package_discovery:discover_packages(recursive) discover
[1.194s] INFO:colcon.colcon_core.package_discovery:Crawling recursively for packages in '/home/sy/microros_ws/src'
[1.194s] Level 1:colcon.colcon_core.package_identification:_identify(.) by extensions ['ignore', 'ignore_ament_install']
[1.195s] Level 1:colcon.colcon_core.package_identification:_identify(.) by extension 'ignore'
[1.195s] Level 1:colcon.colcon_core.package_identification:_identify(.) by extension 'ignore_ament_install'
[1.195s] Level 1:colcon.colcon_core.package_identification:_identify(.) by extensions ['colcon_pkg']
[1.195s] Level 1:colcon.colcon_core.package_identification:_identify(.) by extension 'colcon_pkg'
[1.195s] Level 1:colcon.colcon_core.package_identification:_identify(.) by extensions ['colcon_meta']
[1.195s] Level 1:colcon.colcon_core.package_identification:_identify(.) by extension 'colcon_meta'
[1.195s] Level 1:colcon.colcon_core.package_identification:_identify(.) by extensions ['ros']
[1.195s] Level 1:colcon.colcon_core.package_identification:_identify(.) by extension 'ros'
[1.283s] Level 1:colcon.colcon_core.package_identification:_identify(.) by extensions ['cmake', 'python']
[1.283s] Level 1:colcon.colcon_core.package_identification:_identify(.) by extension 'cmake'
[1.283s] Level 1:colcon.colcon_core.package_identification:_identify(.) by extension 'python'
[1.284s] Level 1:colcon.colcon_core.package_identification:_identify(.) by extensions ['python_setup_py']
[1.284s] Level 1:colcon.colcon_core.package_identification:_identify(.) by extension 'python_setup_py'
[1.284s] Level 1:colcon.colcon_core.package_identification:_identify(build) by extensions ['ignore', 'ignore_ament_install']
[1.284s] Level 1:colcon.colcon_core.package_identification:_identify(build) by extension 'ignore'
[1.284s] Level 1:colcon.colcon_core.package_identification:_identify(build) ignored
[1.284s] Level 1:colcon.colcon_core.package_identification:_identify(install) by extensions ['ignore', 'ignore_ament_install']
[1.284s] Level 1:colcon.colcon_core.package_identification:_identify(install) by extension 'ignore'
[1.284s] Level 1:colcon.colcon_core.package_identification:_identify(install) ignored
[1.284s] Level 1:colcon.colcon_core.package_identification:_identify(log) by extensions ['ignore', 'ignore_ament_install']
[1.284s] Level 1:colcon.colcon_core.package_identification:_identify(log) by extension 'ignore'
[1.285s] Level 1:colcon.colcon_core.package_identification:_identify(log) ignored
[1.285s] Level 1:colcon.colcon_core.package_identification:_identify(micro-ROS-Agent) by extensions ['ignore', 'ignore_ament_install']
[1.285s] Level 1:colcon.colcon_core.package_identification:_identify(micro-ROS-Agent) by extension 'ignore'
[1.285s] Level 1:colcon.colcon_core.package_identification:_identify(micro-ROS-Agent) by extension 'ignore_ament_install'
[1.285s] Level 1:colcon.colcon_core.package_identification:_identify(micro-ROS-Agent) by extensions ['colcon_pkg']
[1.285s] Level 1:colcon.colcon_core.package_identification:_identify(micro-ROS-Agent) by extension 'colcon_pkg'
[1.285s] Level 1:colcon.colcon_core.package_identification:_identify(micro-ROS-Agent) by extensions ['colcon_meta']
[1.285s] Level 1:colcon.colcon_core.package_identification:_identify(micro-ROS-Agent) by extension 'colcon_meta'
[1.285s] Level 1:colcon.colcon_core.package_identification:_identify(micro-ROS-Agent) by extensions ['ros']
[1.285s] Level 1:colcon.colcon_core.package_identification:_identify(micro-ROS-Agent) by extension 'ros'
[1.285s] Level 1:colcon.colcon_core.package_identification:_identify(micro-ROS-Agent) by extensions ['cmake', 'python']
[1.285s] Level 1:colcon.colcon_core.package_identification:_identify(micro-ROS-Agent) by extension 'cmake'
[1.285s] Level 1:colcon.colcon_core.package_identification:_identify(micro-ROS-Agent) by extension 'python'
[1.285s] Level 1:colcon.colcon_core.package_identification:_identify(micro-ROS-Agent) by extensions ['python_setup_py']
[1.285s] Level 1:colcon.colcon_core.package_identification:_identify(micro-ROS-Agent) by extension 'python_setup_py'
[1.286s] Level 1:colcon.colcon_core.package_identification:_identify(micro-ROS-Agent/micro_ros_agent) by extensions ['ignore', 'ignore_ament_install']
[1.286s] Level 1:colcon.colcon_core.package_identification:_identify(micro-ROS-Agent/micro_ros_agent) by extension 'ignore'
[1.286s] Level 1:colcon.colcon_core.package_identification:_identify(micro-ROS-Agent/micro_ros_agent) by extension 'ignore_ament_install'
[1.286s] Level 1:colcon.colcon_core.package_identification:_identify(micro-ROS-Agent/micro_ros_agent) by extensions ['colcon_pkg']
[1.286s] Level 1:colcon.colcon_core.package_identification:_identify(micro-ROS-Agent/micro_ros_agent) by extension 'colcon_pkg'
[1.286s] Level 1:colcon.colcon_core.package_identification:_identify(micro-ROS-Agent/micro_ros_agent) by extensions ['colcon_meta']
[1.286s] Level 1:colcon.colcon_core.package_identification:_identify(micro-ROS-Agent/micro_ros_agent) by extension 'colcon_meta'
[1.287s] Level 1:colcon.colcon_core.package_identification:_identify(micro-ROS-Agent/micro_ros_agent) by extensions ['ros']
[1.287s] Level 1:colcon.colcon_core.package_identification:_identify(micro-ROS-Agent/micro_ros_agent) by extension 'ros'
[1.297s] DEBUG:colcon.colcon_core.package_identification:Package 'micro-ROS-Agent/micro_ros_agent' with type 'ros.ament_cmake' and name 'micro_ros_agent'
[1.298s] Level 1:colcon.colcon_core.package_identification:_identify(micro-ROS-Agent/snap) by extensions ['ignore', 'ignore_ament_install']
[1.298s] Level 1:colcon.colcon_core.package_identification:_identify(micro-ROS-Agent/snap) by extension 'ignore'
[1.298s] Level 1:colcon.colcon_core.package_identification:_identify(micro-ROS-Agent/snap) by extension 'ignore_ament_install'
[1.299s] Level 1:colcon.colcon_core.package_identification:_identify(micro-ROS-Agent/snap) by extensions ['colcon_pkg']
[1.299s] Level 1:colcon.colcon_core.package_identification:_identify(micro-ROS-Agent/snap) by extension 'colcon_pkg'
[1.299s] Level 1:colcon.colcon_core.package_identification:_identify(micro-ROS-Agent/snap) by extensions ['colcon_meta']
[1.299s] Level 1:colcon.colcon_core.package_identification:_identify(micro-ROS-Agent/snap) by extension 'colcon_meta'
[1.299s] Level 1:colcon.colcon_core.package_identification:_identify(micro-ROS-Agent/snap) by extensions ['ros']
[1.299s] Level 1:colcon.colcon_core.package_identification:_identify(micro-ROS-Agent/snap) by extension 'ros'
[1.299s] Level 1:colcon.colcon_core.package_identification:_identify(micro-ROS-Agent/snap) by extensions ['cmake', 'python']
[1.299s] Level 1:colcon.colcon_core.package_identification:_identify(micro-ROS-Agent/snap) by extension 'cmake'
[1.299s] Level 1:colcon.colcon_core.package_identification:_identify(micro-ROS-Agent/snap) by extension 'python'
[1.299s] Level 1:colcon.colcon_core.package_identification:_identify(micro-ROS-Agent/snap) by extensions ['python_setup_py']
[1.299s] Level 1:colcon.colcon_core.package_identification:_identify(micro-ROS-Agent/snap) by extension 'python_setup_py'
[1.300s] Level 1:colcon.colcon_core.package_identification:_identify(micro-ROS-Agent/snap/hooks) by extensions ['ignore', 'ignore_ament_install']
[1.300s] Level 1:colcon.colcon_core.package_identification:_identify(micro-ROS-Agent/snap/hooks) by extension 'ignore'
[1.300s] Level 1:colcon.colcon_core.package_identification:_identify(micro-ROS-Agent/snap/hooks) by extension 'ignore_ament_install'
[1.300s] Level 1:colcon.colcon_core.package_identification:_identify(micro-ROS-Agent/snap/hooks) by extensions ['colcon_pkg']
[1.300s] Level 1:colcon.colcon_core.package_identification:_identify(micro-ROS-Agent/snap/hooks) by extension 'colcon_pkg'
[1.300s] Level 1:colcon.colcon_core.package_identification:_identify(micro-ROS-Agent/snap/hooks) by extensions ['colcon_meta']
[1.300s] Level 1:colcon.colcon_core.package_identification:_identify(micro-ROS-Agent/snap/hooks) by extension 'colcon_meta'
[1.300s] Level 1:colcon.colcon_core.package_identification:_identify(micro-ROS-Agent/snap/hooks) by extensions ['ros']
[1.300s] Level 1:colcon.colcon_core.package_identification:_identify(micro-ROS-Agent/snap/hooks) by extension 'ros'
[1.300s] Level 1:colcon.colcon_core.package_identification:_identify(micro-ROS-Agent/snap/hooks) by extensions ['cmake', 'python']
[1.300s] Level 1:colcon.colcon_core.package_identification:_identify(micro-ROS-Agent/snap/hooks) by extension 'cmake'
[1.301s] Level 1:colcon.colcon_core.package_identification:_identify(micro-ROS-Agent/snap/hooks) by extension 'python'
[1.301s] Level 1:colcon.colcon_core.package_identification:_identify(micro-ROS-Agent/snap/hooks) by extensions ['python_setup_py']
[1.301s] Level 1:colcon.colcon_core.package_identification:_identify(micro-ROS-Agent/snap/hooks) by extension 'python_setup_py'
[1.301s] Level 1:colcon.colcon_core.package_identification:_identify(micro-ROS-Agent/snap/local) by extensions ['ignore', 'ignore_ament_install']
[1.301s] Level 1:colcon.colcon_core.package_identification:_identify(micro-ROS-Agent/snap/local) by extension 'ignore'
[1.301s] Level 1:colcon.colcon_core.package_identification:_identify(micro-ROS-Agent/snap/local) by extension 'ignore_ament_install'
[1.301s] Level 1:colcon.colcon_core.package_identification:_identify(micro-ROS-Agent/snap/local) by extensions ['colcon_pkg']
[1.301s] Level 1:colcon.colcon_core.package_identification:_identify(micro-ROS-Agent/snap/local) by extension 'colcon_pkg'
[1.302s] Level 1:colcon.colcon_core.package_identification:_identify(micro-ROS-Agent/snap/local) by extensions ['colcon_meta']
[1.302s] Level 1:colcon.colcon_core.package_identification:_identify(micro-ROS-Agent/snap/local) by extension 'colcon_meta'
[1.302s] Level 1:colcon.colcon_core.package_identification:_identify(micro-ROS-Agent/snap/local) by extensions ['ros']
[1.302s] Level 1:colcon.colcon_core.package_identification:_identify(micro-ROS-Agent/snap/local) by extension 'ros'
[1.302s] Level 1:colcon.colcon_core.package_identification:_identify(micro-ROS-Agent/snap/local) by extensions ['cmake', 'python']
[1.302s] Level 1:colcon.colcon_core.package_identification:_identify(micro-ROS-Agent/snap/local) by extension 'cmake'
[1.302s] Level 1:colcon.colcon_core.package_identification:_identify(micro-ROS-Agent/snap/local) by extension 'python'
[1.302s] Level 1:colcon.colcon_core.package_identification:_identify(micro-ROS-Agent/snap/local) by extensions ['python_setup_py']
[1.302s] Level 1:colcon.colcon_core.package_identification:_identify(micro-ROS-Agent/snap/local) by extension 'python_setup_py'
[1.302s] Level 1:colcon.colcon_core.package_discovery:discover_packages(recursive) using defaults
[1.302s] Level 1:colcon.colcon_core.package_discovery:discover_packages(ignore) discover
[1.302s] Level 1:colcon.colcon_core.package_discovery:discover_packages(ignore) using defaults
[1.302s] Level 1:colcon.colcon_core.package_discovery:discover_packages(path) discover
[1.302s] Level 1:colcon.colcon_core.package_discovery:discover_packages(path) using defaults
[1.371s] Level 1:colcon.colcon_core.package_discovery:discover_packages(prefix_path) check parameters
[1.372s] Level 1:colcon.colcon_core.package_discovery:discover_packages(prefix_path) discover
[1.386s] DEBUG:colcon.colcon_installed_package_information.package_discovery:Found 0 installed packages in /home/sy/dev_ws/install
[1.388s] DEBUG:colcon.colcon_installed_package_information.package_discovery:Found 336 installed packages in /opt/ros/jazzy
[1.390s] Level 1:colcon.colcon_core.package_discovery:discover_packages(prefix_path) using defaults
[1.487s] Level 5:colcon.colcon_core.verb:set package 'micro_ros_agent' build argument 'cmake_args' from command line to 'None'
[1.487s] Level 5:colcon.colcon_core.verb:set package 'micro_ros_agent' build argument 'cmake_target' from command line to 'None'
[1.487s] Level 5:colcon.colcon_core.verb:set package 'micro_ros_agent' build argument 'cmake_target_skip_unavailable' from command line to 'False'
[1.487s] Level 5:colcon.colcon_core.verb:set package 'micro_ros_agent' build argument 'cmake_clean_cache' from command line to 'False'
[1.487s] Level 5:colcon.colcon_core.verb:set package 'micro_ros_agent' build argument 'cmake_clean_first' from command line to 'False'
[1.487s] Level 5:colcon.colcon_core.verb:set package 'micro_ros_agent' build argument 'cmake_force_configure' from command line to 'False'
[1.487s] Level 5:colcon.colcon_core.verb:set package 'micro_ros_agent' build argument 'ament_cmake_args' from command line to 'None'
[1.487s] Level 5:colcon.colcon_core.verb:set package 'micro_ros_agent' build argument 'catkin_cmake_args' from command line to 'None'
[1.487s] Level 5:colcon.colcon_core.verb:set package 'micro_ros_agent' build argument 'catkin_skip_building_tests' from command line to 'False'
[1.487s] DEBUG:colcon.colcon_core.verb:Building package 'micro_ros_agent' with the following arguments: {'ament_cmake_args': None, 'build_base': '/home/sy/microros_ws/src/build/micro_ros_agent', 'catkin_cmake_args': None, 'catkin_skip_building_tests': False, 'cmake_args': None, 'cmake_clean_cache': False, 'cmake_clean_first': False, 'cmake_force_configure': False, 'cmake_target': None, 'cmake_target_skip_unavailable': False, 'install_base': '/home/sy/microros_ws/src/install/micro_ros_agent', 'merge_install': False, 'path': '/home/sy/microros_ws/src/micro-ROS-Agent/micro_ros_agent', 'symlink_install': False, 'test_result_base': None}
[1.488s] INFO:colcon.colcon_core.executor:Executing jobs using 'parallel' executor
[1.489s] DEBUG:colcon.colcon_parallel_executor.executor.parallel:run_until_complete
[1.490s] INFO:colcon.colcon_ros.task.ament_cmake.build:Building ROS package in '/home/sy/microros_ws/src/micro-ROS-Agent/micro_ros_agent' with build type 'ament_cmake'
[1.490s] INFO:colcon.colcon_cmake.task.cmake.build:Building CMake package in '/home/sy/microros_ws/src/micro-ROS-Agent/micro_ros_agent'
[1.521s] INFO:colcon.colcon_core.plugin_system:Skipping extension 'colcon_core.shell.bat': Not used on non-Windows systems
[1.521s] INFO:colcon.colcon_core.shell:Skip shell extension 'powershell' for command environment: Not usable outside of PowerShell
[1.521s] DEBUG:colcon.colcon_core.shell:Skip shell extension 'dsv' for command environment
[1.536s] DEBUG:colcon.colcon_core.event_handler.log_command:Invoking command in '/home/sy/microros_ws/src/build/micro_ros_agent': CMAKE_PREFIX_PATH=${CMAKE_PREFIX_PATH}:/opt/ros/jazzy DEBUGINFOD_URLS=https://debuginfod.ubuntu.com /usr/bin/cmake /home/sy/microros_ws/src/micro-ROS-Agent/micro_ros_agent -DCMAKE_INSTALL_PREFIX=/home/sy/microros_ws/src/install/micro_ros_agent
[5.045s] DEBUG:colcon.colcon_core.event_handler.log_command:Invoked command in '/home/sy/microros_ws/src/build/micro_ros_agent' returned '0': CMAKE_PREFIX_PATH=${CMAKE_PREFIX_PATH}:/opt/ros/jazzy DEBUGINFOD_URLS=https://debuginfod.ubuntu.com /usr/bin/cmake /home/sy/microros_ws/src/micro-ROS-Agent/micro_ros_agent -DCMAKE_INSTALL_PREFIX=/home/sy/microros_ws/src/install/micro_ros_agent
[5.047s] DEBUG:colcon.colcon_core.event_handler.log_command:Invoking command in '/home/sy/microros_ws/src/build/micro_ros_agent': CMAKE_PREFIX_PATH=${CMAKE_PREFIX_PATH}:/opt/ros/jazzy DEBUGINFOD_URLS=https://debuginfod.ubuntu.com /usr/bin/cmake --build /home/sy/microros_ws/src/build/micro_ros_agent -- -j4 -l4
[162.228s] DEBUG:colcon.colcon_core.event_handler.log_command:Invoked command in '/home/sy/microros_ws/src/build/micro_ros_agent' returned '0': CMAKE_PREFIX_PATH=${CMAKE_PREFIX_PATH}:/opt/ros/jazzy DEBUGINFOD_URLS=https://debuginfod.ubuntu.com /usr/bin/cmake --build /home/sy/microros_ws/src/build/micro_ros_agent -- -j4 -l4
[162.249s] DEBUG:colcon.colcon_core.event_handler.log_command:Invoking command in '/home/sy/microros_ws/src/build/micro_ros_agent': CMAKE_PREFIX_PATH=${CMAKE_PREFIX_PATH}:/opt/ros/jazzy DEBUGINFOD_URLS=https://debuginfod.ubuntu.com /usr/bin/cmake --install /home/sy/microros_ws/src/build/micro_ros_agent
[162.281s] Level 1:colcon.colcon_core.environment:create_environment_scripts_only(micro_ros_agent)
[162.282s] DEBUG:colcon.colcon_core.event_handler.log_command:Invoked command in '/home/sy/microros_ws/src/build/micro_ros_agent' returned '0': CMAKE_PREFIX_PATH=${CMAKE_PREFIX_PATH}:/opt/ros/jazzy DEBUGINFOD_URLS=https://debuginfod.ubuntu.com /usr/bin/cmake --install /home/sy/microros_ws/src/build/micro_ros_agent
[162.303s] Level 1:colcon.colcon_core.environment:checking '/home/sy/microros_ws/src/install/micro_ros_agent' for CMake module files
[162.304s] Level 1:colcon.colcon_core.environment:checking '/home/sy/microros_ws/src/install/micro_ros_agent' for CMake config files
[162.306s] Level 1:colcon.colcon_core.shell:create_environment_hook('micro_ros_agent', 'cmake_prefix_path')
[162.306s] INFO:colcon.colcon_core.shell:Creating environment hook '/home/sy/microros_ws/src/install/micro_ros_agent/share/micro_ros_agent/hook/cmake_prefix_path.ps1'
[162.308s] INFO:colcon.colcon_core.shell:Creating environment descriptor '/home/sy/microros_ws/src/install/micro_ros_agent/share/micro_ros_agent/hook/cmake_prefix_path.dsv'
[162.309s] INFO:colcon.colcon_core.shell:Creating environment hook '/home/sy/microros_ws/src/install/micro_ros_agent/share/micro_ros_agent/hook/cmake_prefix_path.sh'
[162.311s] Level 1:colcon.colcon_core.environment:checking '/home/sy/microros_ws/src/install/micro_ros_agent/lib'
[162.311s] Level 1:colcon.colcon_core.shell:create_environment_hook('micro_ros_agent', 'ld_library_path_lib')
[162.311s] INFO:colcon.colcon_core.shell:Creating environment hook '/home/sy/microros_ws/src/install/micro_ros_agent/share/micro_ros_agent/hook/ld_library_path_lib.ps1'
[162.312s] INFO:colcon.colcon_core.shell:Creating environment descriptor '/home/sy/microros_ws/src/install/micro_ros_agent/share/micro_ros_agent/hook/ld_library_path_lib.dsv'
[162.312s] INFO:colcon.colcon_core.shell:Creating environment hook '/home/sy/microros_ws/src/install/micro_ros_agent/share/micro_ros_agent/hook/ld_library_path_lib.sh'
[162.313s] Level 1:colcon.colcon_core.environment:checking '/home/sy/microros_ws/src/install/micro_ros_agent/bin'
[162.313s] Level 1:colcon.colcon_core.environment:checking '/home/sy/microros_ws/src/install/micro_ros_agent/lib/pkgconfig/micro_ros_agent.pc'
[162.313s] Level 1:colcon.colcon_core.environment:checking '/home/sy/microros_ws/src/install/micro_ros_agent/lib/python3.12/site-packages'
[162.313s] Level 1:colcon.colcon_core.environment:checking '/home/sy/microros_ws/src/install/micro_ros_agent/bin'
[162.314s] INFO:colcon.colcon_core.shell:Creating package script '/home/sy/microros_ws/src/install/micro_ros_agent/share/micro_ros_agent/package.ps1'
[162.315s] INFO:colcon.colcon_core.shell:Creating package descriptor '/home/sy/microros_ws/src/install/micro_ros_agent/share/micro_ros_agent/package.dsv'
[162.317s] INFO:colcon.colcon_core.shell:Creating package script '/home/sy/microros_ws/src/install/micro_ros_agent/share/micro_ros_agent/package.sh'
[162.319s] INFO:colcon.colcon_core.shell:Creating package script '/home/sy/microros_ws/src/install/micro_ros_agent/share/micro_ros_agent/package.bash'
[162.322s] INFO:colcon.colcon_core.shell:Creating package script '/home/sy/microros_ws/src/install/micro_ros_agent/share/micro_ros_agent/package.zsh'
[162.324s] Level 1:colcon.colcon_core.environment:create_file_with_runtime_dependencies(/home/sy/microros_ws/src/install/micro_ros_agent/share/colcon-core/packages/micro_ros_agent)
[162.325s] Level 1:colcon.colcon_core.environment:create_environment_scripts_only(micro_ros_agent)
[162.325s] Level 1:colcon.colcon_core.environment:checking '/home/sy/microros_ws/src/install/micro_ros_agent' for CMake module files
[162.325s] Level 1:colcon.colcon_core.environment:checking '/home/sy/microros_ws/src/install/micro_ros_agent' for CMake config files
[162.327s] Level 1:colcon.colcon_core.shell:create_environment_hook('micro_ros_agent', 'cmake_prefix_path')
[162.327s] INFO:colcon.colcon_core.shell:Creating environment hook '/home/sy/microros_ws/src/install/micro_ros_agent/share/micro_ros_agent/hook/cmake_prefix_path.ps1'
[162.328s] INFO:colcon.colcon_core.shell:Creating environment descriptor '/home/sy/microros_ws/src/install/micro_ros_agent/share/micro_ros_agent/hook/cmake_prefix_path.dsv'
[162.329s] INFO:colcon.colcon_core.shell:Creating environment hook '/home/sy/microros_ws/src/install/micro_ros_agent/share/micro_ros_agent/hook/cmake_prefix_path.sh'
[162.331s] Level 1:colcon.colcon_core.environment:checking '/home/sy/microros_ws/src/install/micro_ros_agent/lib'
[162.331s] Level 1:colcon.colcon_core.shell:create_environment_hook('micro_ros_agent', 'ld_library_path_lib')
[162.331s] INFO:colcon.colcon_core.shell:Creating environment hook '/home/sy/microros_ws/src/install/micro_ros_agent/share/micro_ros_agent/hook/ld_library_path_lib.ps1'
[162.333s] INFO:colcon.colcon_core.shell:Creating environment descriptor '/home/sy/microros_ws/src/install/micro_ros_agent/share/micro_ros_agent/hook/ld_library_path_lib.dsv'
[162.334s] INFO:colcon.colcon_core.shell:Creating environment hook '/home/sy/microros_ws/src/install/micro_ros_agent/share/micro_ros_agent/hook/ld_library_path_lib.sh'
[162.335s] Level 1:colcon.colcon_core.environment:checking '/home/sy/microros_ws/src/install/micro_ros_agent/bin'
[162.335s] Level 1:colcon.colcon_core.environment:checking '/home/sy/microros_ws/src/install/micro_ros_agent/lib/pkgconfig/micro_ros_agent.pc'
[162.336s] Level 1:colcon.colcon_core.environment:checking '/home/sy/microros_ws/src/install/micro_ros_agent/lib/python3.12/site-packages'
[162.336s] Level 1:colcon.colcon_core.environment:checking '/home/sy/microros_ws/src/install/micro_ros_agent/bin'
[162.336s] INFO:colcon.colcon_core.shell:Creating package script '/home/sy/microros_ws/src/install/micro_ros_agent/share/micro_ros_agent/package.ps1'
[162.337s] INFO:colcon.colcon_core.shell:Creating package descriptor '/home/sy/microros_ws/src/install/micro_ros_agent/share/micro_ros_agent/package.dsv'
[162.338s] INFO:colcon.colcon_core.shell:Creating package script '/home/sy/microros_ws/src/install/micro_ros_agent/share/micro_ros_agent/package.sh'
[162.339s] INFO:colcon.colcon_core.shell:Creating package script '/home/sy/microros_ws/src/install/micro_ros_agent/share/micro_ros_agent/package.bash'
[162.341s] INFO:colcon.colcon_core.shell:Creating package script '/home/sy/microros_ws/src/install/micro_ros_agent/share/micro_ros_agent/package.zsh'
[162.342s] Level 1:colcon.colcon_core.environment:create_file_with_runtime_dependencies(/home/sy/microros_ws/src/install/micro_ros_agent/share/colcon-core/packages/micro_ros_agent)
[162.343s] DEBUG:colcon.colcon_parallel_executor.executor.parallel:closing loop
[162.344s] DEBUG:colcon.colcon_parallel_executor.executor.parallel:loop closed
[162.344s] DEBUG:colcon.colcon_parallel_executor.executor.parallel:run_until_complete finished with '0'
[162.344s] DEBUG:colcon.colcon_core.event_reactor:joining thread
[162.362s] INFO:colcon.colcon_core.plugin_system:Skipping extension 'colcon_notification.desktop_notification.terminal_notifier': Not used on non-Darwin systems
[162.362s] INFO:colcon.colcon_core.plugin_system:Skipping extension 'colcon_notification.desktop_notification.win32': Not used on non-Windows systems
[162.362s] INFO:colcon.colcon_notification.desktop_notification:Sending desktop notification using 'notify2'
[162.395s] DEBUG:colcon.colcon_core.event_reactor:joined thread
[162.395s] INFO:colcon.colcon_core.shell:Creating prefix script '/home/sy/microros_ws/src/install/local_setup.ps1'
[162.399s] INFO:colcon.colcon_core.shell:Creating prefix util module '/home/sy/microros_ws/src/install/_local_setup_util_ps1.py'
[162.402s] INFO:colcon.colcon_core.shell:Creating prefix chain script '/home/sy/microros_ws/src/install/setup.ps1'
[162.405s] INFO:colcon.colcon_core.shell:Creating prefix script '/home/sy/microros_ws/src/install/local_setup.sh'
[162.407s] INFO:colcon.colcon_core.shell:Creating prefix util module '/home/sy/microros_ws/src/install/_local_setup_util_sh.py'
[162.408s] INFO:colcon.colcon_core.shell:Creating prefix chain script '/home/sy/microros_ws/src/install/setup.sh'
[162.410s] INFO:colcon.colcon_core.shell:Creating prefix script '/home/sy/microros_ws/src/install/local_setup.bash'
[162.413s] INFO:colcon.colcon_core.shell:Creating prefix chain script '/home/sy/microros_ws/src/install/setup.bash'
[162.417s] INFO:colcon.colcon_core.shell:Creating prefix script '/home/sy/microros_ws/src/install/local_setup.zsh'
[162.419s] INFO:colcon.colcon_core.shell:Creating prefix chain script '/home/sy/microros_ws/src/install/setup.zsh'
