running egg_info
writing ../../build/uwb_tracking/uwb_tracking.egg-info/PKG-INFO
writing dependency_links to ../../build/uwb_tracking/uwb_tracking.egg-info/dependency_links.txt
writing requirements to ../../build/uwb_tracking/uwb_tracking.egg-info/requires.txt
writing top-level names to ../../build/uwb_tracking/uwb_tracking.egg-info/top_level.txt
reading manifest file '../../build/uwb_tracking/uwb_tracking.egg-info/SOURCES.txt'
writing manifest file '../../build/uwb_tracking/uwb_tracking.egg-info/SOURCES.txt'
running build
running build_py
copying uwb_tracking/uwb_receiver.py -> /home/sy/uwb_ws/build/uwb_tracking/build/lib/uwb_tracking
running install
running install_lib
copying /home/sy/uwb_ws/build/uwb_tracking/build/lib/uwb_tracking/uwb_receiver.py -> /home/sy/uwb_ws/install/uwb_tracking/lib/python3.12/site-packages/uwb_tracking
byte-compiling /home/sy/uwb_ws/install/uwb_tracking/lib/python3.12/site-packages/uwb_tracking/uwb_receiver.py to uwb_receiver.cpython-312.pyc
running install_data
copying package.xml -> /home/sy/uwb_ws/install/uwb_tracking/share/uwb_tracking
running install_egg_info
removing '/home/sy/uwb_ws/install/uwb_tracking/lib/python3.12/site-packages/uwb_tracking-0.0.0-py3.12.egg-info' (and everything under it)
Copying ../../build/uwb_tracking/uwb_tracking.egg-info to /home/sy/uwb_ws/install/uwb_tracking/lib/python3.12/site-packages/uwb_tracking-0.0.0-py3.12.egg-info
running install_scripts
writing list of installed files to '/home/sy/uwb_ws/build/uwb_tracking/install.log'
